A = [current] = _ = Ampere = http://qudt.org/vocab/unit/A
A_PER_RAD = 1.0 * A**1  = _ = Ampere per Radian = http://qudt.org/vocab/unit/A-PER-RAD
AT = 1.0 * A**1  = At = Ampere Turn = http://qudt.org/vocab/unit/AT
A_Ab = 10.0 * A**1  = abA = Abampere = http://qudt.org/vocab/unit/A_Ab
A_Stat = 3.335641E-10 * A**1  = statA = Statampere = http://qudt.org/vocab/unit/A_Stat
BIOT = 10.0 * A**1  = Bi = Biot = http://qudt.org/vocab/unit/BIOT
GI = 0.795774715 * A**1  = Gb = Gilbert = http://qudt.org/vocab/unit/GI
KiloA = 1000.0 * A**1  = kA = kiloampere = http://qudt.org/vocab/unit/KiloA
MegaA = 1000000.0 * A**1  = _ = Megaampere = http://qudt.org/vocab/unit/MegaA
MicroA = 0.000001 * A**1  = µA = microampere = http://qudt.org/vocab/unit/MicroA
MilliA = 0.001 * A**1  = mA = MilliAmpere = http://qudt.org/vocab/unit/MilliA
NanoA = 1E-9 * A**1  = nA = nanoampere = http://qudt.org/vocab/unit/NanoA
OERSTED_CentiM = 0.795774715 * A**1  = _ = Oersted Centimeter = Oersted Centimetre = http://qudt.org/vocab/unit/OERSTED-CentiM
PicoA = 1E-12 * A**1  = pA = picoampere = http://qudt.org/vocab/unit/PicoA
PlanckCurrent = 34789000000000000000000000.0 * A**1  = _ = Planck Current = http://qudt.org/vocab/unit/PlanckCurrent
A_HR = 3600.0 * A**1 * s**1  = A h = Ampere Hour = http://qudt.org/vocab/unit/A-HR
A_SEC = 1.0 * A**1 * s**1  = _ = Ampere Second = http://qudt.org/vocab/unit/A-SEC
AttoC = 1E-18 * A**1 * s**1  = aC = AttoCoulomb = http://qudt.org/vocab/unit/AttoC
C = 1.0 * A**1 * s**1  = _ = Coulomb = http://qudt.org/vocab/unit/C
C_Ab = 10.0 * A**1 * s**1  = abC = Abcoulomb = http://qudt.org/vocab/unit/C_Ab
C_Stat = 3.3356409519815204957557671447492E-10 * A**1 * s**1  = statC = Statcoulomb = http://qudt.org/vocab/unit/C_Stat
CentiC = 0.01 * A**1 * s**1  = cC = CentiCoulomb = http://qudt.org/vocab/unit/CentiC
DecaC = 10.0 * A**1 * s**1  = daC = DecaCoulomb = http://qudt.org/vocab/unit/DecaC
DeciC = 0.1 * A**1 * s**1  = dC = DeciCoulomb = http://qudt.org/vocab/unit/DeciC
E = 1.602176634E-19 * A**1 * s**1  = e = Elementary Charge = http://qudt.org/vocab/unit/E
ElementaryCharge = 1.602176634E-19 * A**1 * s**1  = _ = http://qudt.org/vocab/unit/ElementaryCharge
ExaC = 1000000000000000000.0 * A**1 * s**1  = EC = ExaCoulomb = http://qudt.org/vocab/unit/ExaC
F = 96485.3399 * A**1 * s**1  = _ = Faraday = http://qudt.org/vocab/unit/F
FR = 1 * A**1 * s**1  = Fr = Franklin = http://qudt.org/vocab/unit/FR
FemtoC = 1E-15 * A**1 * s**1  = fC = FemtoCoulomb = http://qudt.org/vocab/unit/FemtoC
GigaC = 1000000000 * A**1 * s**1  = GC = GigaCoulomb = http://qudt.org/vocab/unit/GigaC
HectoC = 100.0 * A**1 * s**1  = hC = HectoCoulomb = http://qudt.org/vocab/unit/HectoC
KiloA_HR = 1000.0 * A**1 * s**1  = _ = Kiloampere Hour = http://qudt.org/vocab/unit/KiloA-HR
KiloC = 1000.0 * A**1 * s**1  = kC = KiloCoulomb = http://qudt.org/vocab/unit/KiloC
MegaC = 1000000 * A**1 * s**1  = MC = MegaCoulomb = http://qudt.org/vocab/unit/MegaC
MicroC = 0.000001 * A**1 * s**1  = μC = MicroCoulomb = http://qudt.org/vocab/unit/MicroC
MilliA_HR = 3.6 * A**1 * s**1  = _ = Milliampere Hour = http://qudt.org/vocab/unit/MilliA-HR
MilliC = 0.001 * A**1 * s**1  = mC = MilliCoulomb = http://qudt.org/vocab/unit/MilliC
NanoC = 1E-9 * A**1 * s**1  = nC = NanoCoulomb = http://qudt.org/vocab/unit/NanoC
PetaC = 1000000000000000.0 * A**1 * s**1  = PC = PetaCoulomb = http://qudt.org/vocab/unit/PetaC
PicoC = 1E-12 * A**1 * s**1  = pC = PicoCoulomb = http://qudt.org/vocab/unit/PicoC
PlanckCharge = 1.87554587E-18 * A**1 * s**1  = _ = Planck Charge = http://qudt.org/vocab/unit/PlanckCharge
TeraC = 1000000000000.0 * A**1 * s**1  = TC = TeraCoulomb = http://qudt.org/vocab/unit/TeraC
YoctoC = 1E-24 * A**1 * s**1  = yC = YoctoCoulomb = http://qudt.org/vocab/unit/YoctoC
YottaC = 1000000000000000000000000.0 * A**1 * s**1  = YC = YottaCoulomb = http://qudt.org/vocab/unit/YottaC
ZeptoC = 1E-21 * A**1 * s**1  = zC = ZeptoCoulomb = http://qudt.org/vocab/unit/ZeptoC
ZettaC = 1000000000000000000000.0 * A**1 * s**1  = ZC = ZettaCoulomb = http://qudt.org/vocab/unit/ZettaC
A_M2 = 1 * A**1 * m**2  = _ = Ampere Square Meter = Ampere Square Metre = http://qudt.org/vocab/unit/A-M2
A_M2_PER_J_SEC = 1 * A**1 * m**2  = _ = Ampere Square Meter Per Joule Second = Ampere Square Metre Per Joule Second = http://qudt.org/vocab/unit/A-M2-PER-J-SEC
EV_PER_T = 1.602176634E-19 * A**1 * m**2  = _ = Electron Volt per Tesla = http://qudt.org/vocab/unit/EV-PER-T
J_PER_T = 1.0 * A**1 * m**2  = _ = Joule per Tesla = http://qudt.org/vocab/unit/J-PER-T
A_PER_CentiM = 100.0 * A**1 / m**1  = _ = Ampere Per Centimeter = Ampere Per Centimetre = http://qudt.org/vocab/unit/A-PER-CentiM
A_PER_M = 1.0 * A**1 / m**1  = _ = Ampere per Meter = Ampere per Metre = http://qudt.org/vocab/unit/A-PER-M
A_PER_MilliM = 1000.0 * A**1 / m**1  = _ = Ampere Per Millimeter = Ampere Per Millimetre = http://qudt.org/vocab/unit/A-PER-MilliM
AT_PER_IN = 39.3700787 * A**1 / m**1  = _ = Ampere Turn per Inch = http://qudt.org/vocab/unit/AT-PER-IN
AT_PER_M = 1.0 * A**1 / m**1  = _ = Ampere Turn per Meter = Ampere Turn per Metre = http://qudt.org/vocab/unit/AT-PER-M
KiloA_PER_M = 1000.0 * A**1 / m**1  = _ = Kiloampere Per Meter = Kiloampere Per Metre = http://qudt.org/vocab/unit/KiloA-PER-M
MilliA_PER_IN = 0.03937008 * A**1 / m**1  = _ = Milliampere Per Inch = http://qudt.org/vocab/unit/MilliA-PER-IN
MilliA_PER_MilliM = 1.0 * A**1 / m**1  = _ = Milliampere Per Millimeter = Milliampere Per Millimetre = http://qudt.org/vocab/unit/MilliA-PER-MilliM
OERSTED = 79.5774715 * A**1 / m**1  = Oe = Oersted = http://qudt.org/vocab/unit/OERSTED
A_PER_CentiM2 = 10000.0 * A**1 / m**2  = _ = Ampere Per Square Centimeter = Ampere Per Square Centimetre = http://qudt.org/vocab/unit/A-PER-CentiM2
A_PER_M2 = 1.0 * A**1 / m**2  = _ = Ampere per Square Meter = Ampere per Square Metre = http://qudt.org/vocab/unit/A-PER-M2
A_PER_MilliM2 = 1000000.0 * A**1 / m**2  = _ = Ampere Per Square Millimeter = Ampere Per Square Millimetre = http://qudt.org/vocab/unit/A-PER-MilliM2
A_Ab_PER_CentiM2 = 100000.0 * A**1 / m**2  = _ = Abampere per Square Centimeter = Abampere per Square Centimetre = http://qudt.org/vocab/unit/A_Ab-PER-CentiM2
A_Stat_PER_CentiM2 = 0.000003335641 * A**1 / m**2  = _ = Statampere per Square Centimeter = Statampere per Square Centimetre = http://qudt.org/vocab/unit/A_Stat-PER-CentiM2
KiloA_PER_M2 = 1000.0 * A**1 / m**2  = _ = Kiloampere Per Square Meter = Kiloampere Per Square Metre = http://qudt.org/vocab/unit/KiloA-PER-M2
MegaA_PER_M2 = 1000000.0 * A**1 / m**2  = _ = Megaampere Per Square Meter = Megaampere Per Square Metre = http://qudt.org/vocab/unit/MegaA-PER-M2
PlanckCurrentDensity = 1.331774e+95 * A**1 / m**2  = _ = Planck Current Density = http://qudt.org/vocab/unit/PlanckCurrentDensity
A_PER_DEG_C = 57.2957795 * A**1 / K**1  = _ = Ampere per Degree Celsius = http://qudt.org/vocab/unit/A-PER-DEG_C
A_PER_J = 1.0 * A**1 / m**2 / kg**1 * s**3  = _ = Ampere per Joule = http://qudt.org/vocab/unit/A-PER-J
A_PER_M2_K2 = 1 * A**1 / m**2 / K**2  = _ = Ampere per Square Meter Square Kelvin = Ampere per Square Metre Square Kelvin = http://qudt.org/vocab/unit/A-PER-M2-K2
AC = 4046.8564224 * m**2  = acre = Acre = http://qudt.org/vocab/unit/AC
ARE = 100.0 * m**2  = a = are = http://qudt.org/vocab/unit/ARE
BARN = 1E-28 * m**2  = b = Barn = http://qudt.org/vocab/unit/BARN
CentiM2 = 0.0001 * m**2  = ㎠ = Square Centimeter = Square Centimetre = http://qudt.org/vocab/unit/CentiM2
DecaARE = 1000.0 * m**2  = _ = Decare = http://qudt.org/vocab/unit/DecaARE
DeciM2 = 0.01 * m**2  = ㍸ = Square Decimeter = Square Decimetre = http://qudt.org/vocab/unit/DeciM2
FT2 = 0.09290304 * m**2  = _ = Square Foot = http://qudt.org/vocab/unit/FT2
HA = 10000.0 * m**2  = ha = Hectare = http://qudt.org/vocab/unit/HA
IN2 = 0.00064516 * m**2  = _ = Square Inch = http://qudt.org/vocab/unit/IN2
M2 = 1.0 * m**2  = ㎡ = Square Meter = Square Metre = http://qudt.org/vocab/unit/M2
M2_PER_SR = 1.0 * m**2  = _ = Square Meter per Steradian = Square Metre per Steradian = http://qudt.org/vocab/unit/M2-PER-SR
M2_SR = 1.0 * m**2  = _ = Square Meter Steradian = Square Metre Steradian = http://qudt.org/vocab/unit/M2-SR
MI2 = 2589988.11 * m**2  = _ = Square Mile = http://qudt.org/vocab/unit/MI2
MIL_Circ = 1 * m**2  = cmil = Circular Mil = http://qudt.org/vocab/unit/MIL_Circ
MicroM2 = 1E-12 * m**2  = _ = Square Micrometer = Square Micrometre = http://qudt.org/vocab/unit/MicroM2
MilliM2 = 0.000001 * m**2  = ㎟ = Square Millimeter = Square Millimetre = http://qudt.org/vocab/unit/MilliM2
NanoM2 = 1E-18 * m**2  = _ = Square Nanometer = Square Nanometre = http://qudt.org/vocab/unit/NanoM2
PlanckArea = 2.61223e-70 * m**2  = _ = Planck Area = http://qudt.org/vocab/unit/PlanckArea
YD2 = 0.83612736 * m**2  = _ = Square Yard = http://qudt.org/vocab/unit/YD2
AC_FT = 1233.4818375475202 * m**3  = ac-ft = Acre Foot = http://qudt.org/vocab/unit/AC-FT
BBL = 1 * m**3  = bbl = Barrel = http://qudt.org/vocab/unit/BBL
BBL_UK_PET = 0.1591132 * m**3  = _ = Barrel (UK Petroleum) = http://qudt.org/vocab/unit/BBL_UK_PET
BBL_US = 0.1589873 * m**3  = _ = Barrel (US) = http://qudt.org/vocab/unit/BBL_US
BBL_US_DRY = 0.1156281989625 * m**3  = _ = Dry Barrel (US) = http://qudt.org/vocab/unit/BBL_US_DRY
BU_UK = 0.03636872 * m**3  = bui = bushel (UK) = http://qudt.org/vocab/unit/BU_UK
BU_US = 0.03523907 * m**3  = bua = bushel (US) = http://qudt.org/vocab/unit/BU_US = bu
CORD = 3.62 * m**3  = _ = Cord = http://qudt.org/vocab/unit/CORD
CUP = 0.00023658825 * m**3  = cup = US Liquid Cup = http://qudt.org/vocab/unit/CUP
CUP_US = 0.0002365882 * m**3  = _ = Cup (US) = http://qudt.org/vocab/unit/CUP_US
CentiL = 0.00001 * m**3  = _ = Centilitre = http://qudt.org/vocab/unit/CentiL
CentiM3 = 0.000001 * m**3  = _ = cubic centimeter = cubic centimetre = http://qudt.org/vocab/unit/CentiM3 = cc
DecaL = 0.01 * m**3  = _ = Decalitre = http://qudt.org/vocab/unit/DecaL
DecaM3 = 1000.0 * m**3  = _ = Cubic Decameter = Cubic Decametre = http://qudt.org/vocab/unit/DecaM3
DeciL = 0.0001 * m**3  = _ = Decilitre = http://qudt.org/vocab/unit/DeciL
DeciM3 = 0.001 * m**3  = _ = Cubic Decimeter = Cubic Decimetre = http://qudt.org/vocab/unit/DeciM3
FBM = 0.00236 * m**3  = Bf = Board Foot = http://qudt.org/vocab/unit/FBM
FT3 = 0.028316846592 * m**3  = _ = Cubic Foot = http://qudt.org/vocab/unit/FT3
FemtoL = 1E-18 * m**3  = _ = Femtolitre = http://qudt.org/vocab/unit/FemtoL
GAL_IMP = 0.00454609 * m**3  = gal = Imperial Gallon = http://qudt.org/vocab/unit/GAL_IMP
GAL_UK = 0.00454609 * m**3  = _ = Gallon (UK) = http://qudt.org/vocab/unit/GAL_UK
GAL_US = 0.003785412 * m**3  = _ = US Gallon = http://qudt.org/vocab/unit/GAL_US
GAL_US_DRY = 0.00440488377 * m**3  = dry_gal = Dry Gallon US = http://qudt.org/vocab/unit/GAL_US_DRY
GI_UK = 0.0001420653 * m**3  = _ = Gill (UK) = http://qudt.org/vocab/unit/GI_UK
GI_US = 0.000118294125 * m**3  = _ = Gill (US) = http://qudt.org/vocab/unit/GI_US
GT = 0.0 * m**3  = _ = Gross Tonnage = http://qudt.org/vocab/unit/GT
HectoL = 0.1 * m**3  = _ = Hectolitre = http://qudt.org/vocab/unit/HectoL
IN3 = 0.000016387064 * m**3  = _ = Cubic Inch = http://qudt.org/vocab/unit/IN3
KiloL = 1.0 * m**3  = _ = Kilolitre = http://qudt.org/vocab/unit/KiloL
L = 0.001 * m**3  = _ = Liter = Litre = http://qudt.org/vocab/unit/L
M3 = 1.0 * m**3  = _ = Cubic Meter = Cubic Metre = http://qudt.org/vocab/unit/M3
MI3 = 4168181830.0 * m**3  = _ = Cubic Mile = http://qudt.org/vocab/unit/MI3
MegaL = 1000.0 * m**3  = _ = Megalitre = http://qudt.org/vocab/unit/MegaL
MicroL = 1E-9 * m**3  = _ = Microlitre = http://qudt.org/vocab/unit/MicroL
MicroM3 = 1E-18 * m**3  = _ = Cubic micrometres (microns) = http://qudt.org/vocab/unit/MicroM3
MilliL = 0.000001 * m**3  = _ = Millilitre = http://qudt.org/vocab/unit/MilliL
MilliM3 = 1E-9 * m**3  = _ = Cubic Millimeter = Cubic Millimetre = http://qudt.org/vocab/unit/MilliM3
NanoL = 1E-12 * m**3  = _ = Nanolitre = http://qudt.org/vocab/unit/NanoL
OZ_VOL_UK = 0.0000284130625 * m**3  = _ = Fluid Ounce (UK) = http://qudt.org/vocab/unit/OZ_VOL_UK
OZ_VOL_US = 0.0000295735296 * m**3  = oz = US Liquid Ounce = http://qudt.org/vocab/unit/OZ_VOL_US = floz
PINT = 0.00056826125 * m**3  = pi = Imperial Pint = http://qudt.org/vocab/unit/PINT
PINT_UK = 0.0005682613 * m**3  = _ = Pint (UK) = http://qudt.org/vocab/unit/PINT_UK
PINT_US = 0.0004731765 * m**3  = pt = US Liquid Pint = http://qudt.org/vocab/unit/PINT_US
PINT_US_DRY = 0.000550610471 * m**3  = dry_pt = US Dry Pint = http://qudt.org/vocab/unit/PINT_US_DRY
PK_UK = 0.009092181 * m**3  = _ = Peck (UK) = http://qudt.org/vocab/unit/PK_UK
PK_US_DRY = 0.00880976754 * m**3  = pk = US Peck = http://qudt.org/vocab/unit/PK_US_DRY
PicoL = 1E-15 * m**3  = _ = Picolitre = http://qudt.org/vocab/unit/PicoL
PlanckVolume = 4.22419e-105 * m**3  = _ = Planck Volume = http://qudt.org/vocab/unit/PlanckVolume
QT_UK = 0.0011365225 * m**3  = _ = Quart (UK) = http://qudt.org/vocab/unit/QT_UK
QT_US = 0.000946353 * m**3  = qt = US Liquid Quart = http://qudt.org/vocab/unit/QT_US
QT_US_DRY = 0.001101220942715 * m**3  = dry_qt = US Dry Quart = http://qudt.org/vocab/unit/QT_US_DRY
RT = 2.8316846592 * m**3  = _ = Register Ton = http://qudt.org/vocab/unit/RT
STR = 1.0 * m**3  = st = Stere = http://qudt.org/vocab/unit/STR
Standard = 4.672 * m**3  = _ = http://qudt.org/vocab/unit/Standard
TBSP = 0.0000147867656 * m**3  = tbsp = Tablespoon = http://qudt.org/vocab/unit/TBSP = Tbl
TON_SHIPPING_US = 1.1326 * m**3  = _ = Ton (US Shipping) = http://qudt.org/vocab/unit/TON_SHIPPING_US
TSP = 0.00000492892187 * m**3  = tsp = Teaspoon = http://qudt.org/vocab/unit/TSP
YD3 = 0.764554857984 * m**3  = _ = Cubic Yard = http://qudt.org/vocab/unit/YD3
AFN = 1 * 1**1  = _ = Afghani = http://qudt.org/vocab/unit/AFN
AMD = 1 * 1**1  = _ = Armenian Dram = http://qudt.org/vocab/unit/AMD
ARCMIN = 0.000290888209 * 1**1  = ' = ArcMinute = http://qudt.org/vocab/unit/ARCMIN = ′
ARCSEC = 0.00000484813681 * 1**1  = " = ArcSecond = http://qudt.org/vocab/unit/ARCSEC = ″
ARS = 1 * 1**1  = _ = Argentine Peso = http://qudt.org/vocab/unit/ARS
AUD = 1 * 1**1  = _ = Australian Dollar = http://qudt.org/vocab/unit/AUD
AWG = 1 * 1**1  = _ = Aruban Guilder = http://qudt.org/vocab/unit/AWG
AZN = 1 * 1**1  = _ = Azerbaijanian Manat = http://qudt.org/vocab/unit/AZN
B = 1 * 1**1  = _ = Bel = http://qudt.org/vocab/unit/B
BAN = 2.30258509 * 1**1  = ban = Ban = http://qudt.org/vocab/unit/BAN
BAR_PER_BAR = 1.0 * 1**1  = _ = Bar Per Bar = http://qudt.org/vocab/unit/BAR-PER-BAR
BBD = 1 * 1**1  = _ = Barbados Dollar = http://qudt.org/vocab/unit/BBD
BDT = 1 * 1**1  = _ = Bangladeshi Taka = http://qudt.org/vocab/unit/BDT
BHD = 1 * 1**1  = _ = Bahraini Dinar = http://qudt.org/vocab/unit/BHD
BIT = 0.69314718055994530941723212145818 * 1**1  = bit = Bit = http://qudt.org/vocab/unit/BIT
BSD = 1 * 1**1  = _ = Bahamian Dollar = http://qudt.org/vocab/unit/BSD
BYR = 1 * 1**1  = _ = Belarussian Ruble = http://qudt.org/vocab/unit/BYR
BYTE = 5.5451774444795624753378569716654 * 1**1  = _ = Byte = http://qudt.org/vocab/unit/BYTE
BelizeDollar = 1 * 1**1  = _ = Belize Dollar = http://qudt.org/vocab/unit/BelizeDollar
BermudaDollar = 1 * 1**1  = _ = Bermuda Dollar = http://qudt.org/vocab/unit/BermudaDollar
BolivianMvdol = 1 * 1**1  = _ = Bolivian Mvdol (Funds code) = http://qudt.org/vocab/unit/BolivianMvdol
Boliviano = 1 * 1**1  = _ = http://qudt.org/vocab/unit/Boliviano
BrazilianReal = 1 * 1**1  = _ = Brazilian Real = http://qudt.org/vocab/unit/BrazilianReal
BruneiDollar = 1 * 1**1  = _ = Brunei Dollar = http://qudt.org/vocab/unit/BruneiDollar
BulgarianLev = 1 * 1**1  = _ = Bulgarian Lev = http://qudt.org/vocab/unit/BulgarianLev
BurundianFranc = 1 * 1**1  = _ = Burundian Franc = http://qudt.org/vocab/unit/BurundianFranc
CAD = 1 * 1**1  = _ = Canadian Dollar = http://qudt.org/vocab/unit/CAD
CFU = 1 * 1**1  = _ = Colony Forming Unit = http://qudt.org/vocab/unit/CFU
CapeVerdeEscudo = 1 * 1**1  = _ = Cape Verde Escudo = http://qudt.org/vocab/unit/CapeVerdeEscudo
CaymanIslandsDollar = 1 * 1**1  = _ = Cayman Islands Dollar = http://qudt.org/vocab/unit/CaymanIslandsDollar
Cedi = 1 * 1**1  = _ = http://qudt.org/vocab/unit/Cedi
CentiM3_PER_CentiM3 = 1.0 * 1**1  = _ = Cubic Centimeter Per Cubic Centimeter = Cubic Centimetre Per Cubic Centimetre = http://qudt.org/vocab/unit/CentiM3-PER-CentiM3
CentiM3_PER_M3 = 0.000001 * 1**1  = _ = Cubic Centimeter Per Cubic Meter = Cubic Centimetre Per Cubic Metre = http://qudt.org/vocab/unit/CentiM3-PER-M3
ChileanPeso = 1 * 1**1  = _ = Chilean Peso = http://qudt.org/vocab/unit/ChileanPeso
ColombianPeso = 1 * 1**1  = _ = Colombian Peso = http://qudt.org/vocab/unit/ColombianPeso
ComoroFranc = 1 * 1**1  = _ = Comoro Franc = http://qudt.org/vocab/unit/ComoroFranc
ConvertibleMark = 1 * 1**1  = _ = Convertible Marks = http://qudt.org/vocab/unit/ConvertibleMark
CordobaOro = 1 * 1**1  = _ = Cordoba Oro = http://qudt.org/vocab/unit/CordobaOro
CostaRicanColon = 1 * 1**1  = _ = Costa Rican Colon = http://qudt.org/vocab/unit/CostaRicanColon
CroatianKuna = 1 * 1**1  = _ = Croatian Kuna = http://qudt.org/vocab/unit/CroatianKuna
CubanPeso = 1 * 1**1  = _ = Cuban Peso = http://qudt.org/vocab/unit/CubanPeso
CyprusPound = 1 * 1**1  = _ = Cyprus Pound = http://qudt.org/vocab/unit/CyprusPound
CzechKoruna = 1 * 1**1  = _ = Czech Koruna = http://qudt.org/vocab/unit/CzechKoruna
DECADE = 1 * 1**1  = oct = Dec = http://qudt.org/vocab/unit/DECADE
DEG = 0.0174532925 * 1**1  = ° = Degree = http://qudt.org/vocab/unit/DEG
DEG2 = 0.00030461742 * 1**1  = _ = Square degree = http://qudt.org/vocab/unit/DEG2
DEGREE_API = 0.0 * 1**1  = _ = Degree API = http://qudt.org/vocab/unit/DEGREE_API
DEG_C_PER_K = 1.0 * 1**1  = _ = Degree Celsius Per Kelvin = http://qudt.org/vocab/unit/DEG_C-PER-K
DEG_F_PER_K = 0.5555556 * 1**1  = _ = Degree Fahrenheit Per Kelvin = http://qudt.org/vocab/unit/DEG_F-PER-K
DZD = 1 * 1**1  = _ = Algerian Dinar = http://qudt.org/vocab/unit/DZD
Dalasi = 1 * 1**1  = _ = http://qudt.org/vocab/unit/Dalasi
DanishKrone = 1 * 1**1  = _ = Danish Krone = http://qudt.org/vocab/unit/DanishKrone
DeciB = 1 * 1**1  = dB = Decibel = http://qudt.org/vocab/unit/DeciB
DeciB_C = 1 * 1**1  = dBc = Decibel Carrier Unit = http://qudt.org/vocab/unit/DeciB_C
DeciB_M = 1 * 1**1  = dBm = Decibel Referred to 1mw = http://qudt.org/vocab/unit/DeciB_M = Bm
DeciM3_PER_M3 = 0.001 * 1**1  = _ = Cubic Decimeter Per Cubic Meter = Cubic Decimetre Per Cubic Metre = http://qudt.org/vocab/unit/DeciM3-PER-M3
Denar = 1 * 1**1  = _ = http://qudt.org/vocab/unit/Denar
DjiboutiFranc = 1 * 1**1  = _ = Djibouti Franc = http://qudt.org/vocab/unit/DjiboutiFranc
Dobra = 1 * 1**1  = _ = http://qudt.org/vocab/unit/Dobra
DominicanPeso = 1 * 1**1  = _ = Dominican Peso = http://qudt.org/vocab/unit/DominicanPeso
ERLANG = 1.0 * 1**1  = _ = Erlang = http://qudt.org/vocab/unit/ERLANG
EastCaribbeanDollar = 1 * 1**1  = _ = East Caribbean Dollar = http://qudt.org/vocab/unit/EastCaribbeanDollar
EgyptianPound = 1 * 1**1  = _ = Egyptian Pound = http://qudt.org/vocab/unit/EgyptianPound
EthiopianBirr = 1 * 1**1  = _ = Ethiopian Birr = http://qudt.org/vocab/unit/EthiopianBirr
Euro = 1 * 1**1  = _ = http://qudt.org/vocab/unit/Euro
EuropeanCompositeUnit = 1 * 1**1  = _ = European Composite Unit (EURCO) (Bonds market unit) = http://qudt.org/vocab/unit/EuropeanCompositeUnit
EuropeanMonetaryUnit = 1 * 1**1  = _ = European Monetary Unit (E.M.U.-6) (Bonds market unit) = http://qudt.org/vocab/unit/EuropeanMonetaryUnit
EuropeanUnitOfAccount17 = 1 * 1**1  = _ = European Unit of Account 17 (E.U.A.-17) (Bonds market unit) = http://qudt.org/vocab/unit/EuropeanUnitOfAccount17
EuropeanUnitOfAccount9 = 1 * 1**1  = _ = European Unit of Account 9 (E.U.A.-9) (Bonds market unit) = http://qudt.org/vocab/unit/EuropeanUnitOfAccount9
ExaBYTE = 5545177444479562475.3378569716654 * 1**1  = EB = ExaByte = http://qudt.org/vocab/unit/ExaBYTE
ExbiBYTE = 6393154322601327829.8943153498712 * 1**1  = EiB = ExbiByte = http://qudt.org/vocab/unit/ExbiBYTE
FA = 12.5663706 * 1**1  = fa = Fractional area = http://qudt.org/vocab/unit/FA
FRACTION = 1.0 * 1**1 ; offset: 0.0 = _ = Fraction = http://qudt.org/vocab/unit/FRACTION
FalklandIslandsPound = 1 * 1**1  = _ = Falkland Islands Pound = http://qudt.org/vocab/unit/FalklandIslandsPound
FemtoGM_PER_KiloGM = 1E-18 * 1**1  = _ = Femtograms per kilogram = http://qudt.org/vocab/unit/FemtoGM-PER-KiloGM
FijiDollar = 1 * 1**1  = _ = Fiji Dollar = http://qudt.org/vocab/unit/FijiDollar
Flight = 1 * 1**1  = flight = http://qudt.org/vocab/unit/Flight
Forint = 1 * 1**1  = _ = http://qudt.org/vocab/unit/Forint
FrancCongolais = 1 * 1**1  = _ = Franc Congolais = http://qudt.org/vocab/unit/FrancCongolais
GM_PER_GM = 1.0 * 1**1  = _ = Gram Per Gram = http://qudt.org/vocab/unit/GM-PER-GM
GM_PER_KiloGM = 0.001 * 1**1  = _ = Gram Per Kilogram = http://qudt.org/vocab/unit/GM-PER-KiloGM
GON = 0.015707963267949 * 1**1  = gon = Gon = http://qudt.org/vocab/unit/GON
GR = 1 * 1**1  = gr = Grade = http://qudt.org/vocab/unit/GR
GRAD = 0.0157079633 * 1**1  = grad = Grad = http://qudt.org/vocab/unit/GRAD
GibiBYTE = 5954088943.6391441429912255610071 * 1**1  = GiB = GibiByte = http://qudt.org/vocab/unit/GibiBYTE
GibraltarPound = 1 * 1**1  = _ = Gibraltar pound = http://qudt.org/vocab/unit/GibraltarPound
GigaBYTE = 5954088943.6391441429912255610071 * 1**1  = GB = GigaByte = http://qudt.org/vocab/unit/GigaBYTE
GigaBasePair = 1000000000.0 * 1**1  = Gbp = Gigabase Pair = http://qudt.org/vocab/unit/GigaBasePair
Gold_OunceTroy = 1 * 1**1  = _ = Gold (one Troy ounce) = http://qudt.org/vocab/unit/Gold-OunceTroy
GoldFranc = 1 * 1**1  = _ = Gold franc (special settlement currency) = http://qudt.org/vocab/unit/GoldFranc
Guarani = 1 * 1**1  = _ = http://qudt.org/vocab/unit/Guarani
GuineaFranc = 1 * 1**1  = _ = Guinea Franc = http://qudt.org/vocab/unit/GuineaFranc
GuyanaDollar = 1 * 1**1  = _ = Guyana Dollar = http://qudt.org/vocab/unit/GuyanaDollar
HART = 2.3025850929940456840179914546844 * 1**1  = _ = Hartley = http://qudt.org/vocab/unit/HART
HaitiGourde = 1 * 1**1  = _ = Haiti Gourde = http://qudt.org/vocab/unit/HaitiGourde
HeartBeat = 1 * 1**1  = _ = Heart Beat = http://qudt.org/vocab/unit/HeartBeat
HectoPA_PER_BAR = 0.001 * 1**1  = _ = Hectopascal Per Bar = http://qudt.org/vocab/unit/HectoPA-PER-BAR
HongKongDollar = 1 * 1**1  = _ = Hong Kong Dollar = http://qudt.org/vocab/unit/HongKongDollar
Hryvnia = 1 * 1**1  = _ = http://qudt.org/vocab/unit/Hryvnia
IcelandKrona = 1 * 1**1  = _ = Iceland Krona = http://qudt.org/vocab/unit/IcelandKrona
IndianRupee = 1 * 1**1  = _ = Indian Rupee = http://qudt.org/vocab/unit/IndianRupee
IranianRial = 1 * 1**1  = _ = Iranian Rial = http://qudt.org/vocab/unit/IranianRial
IraqiDinar = 1 * 1**1  = _ = Iraqi Dinar = http://qudt.org/vocab/unit/IraqiDinar
JamaicanDollar = 1 * 1**1  = _ = Jamaican Dollar = http://qudt.org/vocab/unit/JamaicanDollar
JapaneseYen = 1 * 1**1  = _ = Japanese yen = http://qudt.org/vocab/unit/JapaneseYen
JordanianDinar = 1 * 1**1  = _ = Jordanian Dinar = http://qudt.org/vocab/unit/JordanianDinar
K_PER_K = 1.0 * 1**1  = _ = Kelvin Per Kelvin = http://qudt.org/vocab/unit/K-PER-K
KenyanShilling = 1 * 1**1  = _ = Kenyan Shilling = http://qudt.org/vocab/unit/KenyanShilling
KibiBYTE = 5678.2617031470719747459655389854 * 1**1  = KiB = KibiByte = http://qudt.org/vocab/unit/KibiBYTE
KiloBYTE = 5678.2617031470719747459655389854 * 1**1  = kB = Kilo Byte = http://qudt.org/vocab/unit/KiloBYTE
KiloBYTE_PER_SEC = 5678.2617031470719747459655389854 * 1**1  = kbps = Kilobyte per Second = http://qudt.org/vocab/unit/KiloBYTE-PER-SEC
KiloGM_PER_KiloGM = 1.0 * 1**1  = _ = Kilogram Per Kilogram = http://qudt.org/vocab/unit/KiloGM-PER-KiloGM
KiloPA_PER_BAR = 100000000.0 * 1**1  = _ = Kilopascal Per Bar = http://qudt.org/vocab/unit/KiloPA-PER-BAR
Kina = 1 * 1**1  = _ = http://qudt.org/vocab/unit/Kina
Kroon = 1 * 1**1  = _ = http://qudt.org/vocab/unit/Kroon
KuwaitiDinar = 1 * 1**1  = _ = Kuwaiti Dinar = http://qudt.org/vocab/unit/KuwaitiDinar
Kwanza = 1 * 1**1  = _ = http://qudt.org/vocab/unit/Kwanza
Kyat = 1 * 1**1  = _ = http://qudt.org/vocab/unit/Kyat
L_PER_L = 1.0 * 1**1  = _ = Liter Per Liter = Litre Per Litre = http://qudt.org/vocab/unit/L-PER-L
LM_PER_W = 1.0 * 1**1  = _ = Lumen per Watt = http://qudt.org/vocab/unit/LM-PER-W
LaoKip = 1 * 1**1  =  ₭ = Lao kip = http://qudt.org/vocab/unit/LaoKip
Lari = 1 * 1**1  = _ = http://qudt.org/vocab/unit/Lari
LatvianLats = 1 * 1**1  = _ = Latvian Lats = http://qudt.org/vocab/unit/LatvianLats
LebanesePound = 1 * 1**1  = _ = Lebanese Pound = http://qudt.org/vocab/unit/LebanesePound
Lek = 1 * 1**1  = _ = http://qudt.org/vocab/unit/Lek
Lempira = 1 * 1**1  = _ = http://qudt.org/vocab/unit/Lempira
Leone = 1 * 1**1  = _ = http://qudt.org/vocab/unit/Leone
LiberianDollar = 1 * 1**1  = _ = Liberian Dollar = http://qudt.org/vocab/unit/LiberianDollar
LibyanDinar = 1 * 1**1  = _ = Libyan Dinar = http://qudt.org/vocab/unit/LibyanDinar
Lilangeni = 1 * 1**1  = _ = http://qudt.org/vocab/unit/Lilangeni
LithuanianLitas = 1 * 1**1  = _ = Lithuanian Litas = http://qudt.org/vocab/unit/LithuanianLitas
Loti = 1 * 1**1  = _ = http://qudt.org/vocab/unit/Loti
M2_PER_HA = 0.0001 * 1**1  = ㎡/ha = square meters per hectare = square metres per hectare = http://qudt.org/vocab/unit/M2-PER-HA
M2_PER_M2 = 1.0 * 1**1 ; offset: 0.0 = ㎡/㎡ = square meter per square meter = square metre per square metre = http://qudt.org/vocab/unit/M2-PER-M2
M3_PER_M3 = 1.0 * 1**1  = _ = Cubic Meter Per Cubic Meter = Cubic Metre Per Cubic Metre = http://qudt.org/vocab/unit/M3-PER-M3
MACH = 1 * 1**1  = _ = Mach = http://qudt.org/vocab/unit/MACH
MDOLLAR_PER_FLIGHT = 1 * 1**1  = _ = Million US Dollars per Flight = http://qudt.org/vocab/unit/MDOLLAR-PER-FLIGHT
MIL = 0.000490873852 * 1**1  = _ = Mil Angle (NATO) = http://qudt.org/vocab/unit/MIL
MIN_Angle = 0.0002908882 * 1**1  = _ = Minute Angle = http://qudt.org/vocab/unit/MIN_Angle
MOL_PER_MOL = 1.0 * 1**1  = _ = Moles per mole = http://qudt.org/vocab/unit/MOL-PER-MOL
MalagasyAriary = 1 * 1**1  = _ = Malagasy Ariary = http://qudt.org/vocab/unit/MalagasyAriary
MalawiKwacha = 1 * 1**1  = _ = Malawi Kwacha = http://qudt.org/vocab/unit/MalawiKwacha
MalaysianRinggit = 1 * 1**1  = _ = Malaysian Ringgit = http://qudt.org/vocab/unit/MalaysianRinggit
MalteseLira = 1 * 1**1  = _ = Maltese Lira = http://qudt.org/vocab/unit/MalteseLira
Manat = 1 * 1**1  = _ = http://qudt.org/vocab/unit/Manat
MauritiusRupee = 1 * 1**1  = _ = Mauritius Rupee = http://qudt.org/vocab/unit/MauritiusRupee
MebiBYTE = 5814539.984022601702139868711921 * 1**1  = MiB = Mebibyte = http://qudt.org/vocab/unit/MebiBYTE
MegaBYTE = 5814539.984022601702139868711921 * 1**1  = MB = Mega byte = http://qudt.org/vocab/unit/MegaBYTE
MegaPA_PER_BAR = 10.0 * 1**1  = _ = Megapascal Per Bar = http://qudt.org/vocab/unit/MegaPA-PER-BAR
Metical = 1 * 1**1  = _ = http://qudt.org/vocab/unit/Metical
MexicanPeso = 1 * 1**1  = _ = Mexican Peso = http://qudt.org/vocab/unit/MexicanPeso
MexicanUnidadDeInversion = 1 * 1**1  = _ = Mexican Unidad de Inversion (UDI) (Funds code) = http://qudt.org/vocab/unit/MexicanUnidadDeInversion
MicroGM_PER_GM = 0.000001 * 1**1  = _ = Micrograms per gram = http://qudt.org/vocab/unit/MicroGM-PER-GM
MicroGM_PER_KiloGM = 1E-9 * 1**1  = _ = Microgram Per Kilogram = http://qudt.org/vocab/unit/MicroGM-PER-KiloGM
MicroL_PER_L = 0.000001 * 1**1  = _ = Microlitre Per Liter = Microlitre Per Litre = http://qudt.org/vocab/unit/MicroL-PER-L = ppmv
MicroM3_PER_M3 = 1E-18 * 1**1  = _ = Cubic microns per cubic metre = http://qudt.org/vocab/unit/MicroM3-PER-M3
MicroM3_PER_MilliL = 1E-12 * 1**1  = _ = Cubic microns per millilitre = http://qudt.org/vocab/unit/MicroM3-PER-MilliL
MicroMOL_PER_MOL = 0.000001 * 1**1  = _ = Micromoles per mole = http://qudt.org/vocab/unit/MicroMOL-PER-MOL
MicroRAD = 0.000001 * 1**1  = μrad = microradian = http://qudt.org/vocab/unit/MicroRAD
MilliARCSEC = 4.84813681E-9 * 1**1  = mas = Milli ArcSecond = http://qudt.org/vocab/unit/MilliARCSEC
MilliBAR_PER_BAR = 0.001 * 1**1  = _ = Millibar Per Bar = http://qudt.org/vocab/unit/MilliBAR-PER-BAR
MilliGM_PER_GM = 0.001 * 1**1  = _ = Milligram Per Gram = http://qudt.org/vocab/unit/MilliGM-PER-GM
MilliGM_PER_KiloGM = 0.000001 * 1**1  = _ = Milligram Per Kilogram = http://qudt.org/vocab/unit/MilliGM-PER-KiloGM
MilliL_PER_L = 0.001 * 1**1  = _ = Millilitre Per Liter = Millilitre Per Litre = http://qudt.org/vocab/unit/MilliL-PER-L
MilliL_PER_M3 = 0.000001 * 1**1  = _ = Millilitre Per Cubic Meter = Millilitre Per Cubic Metre = http://qudt.org/vocab/unit/MilliL-PER-M3
MilliM3_PER_M3 = 1E-9 * 1**1  = _ = Cubic Millimeter Per Cubic Meter = Cubic Millimetre Per Cubic Metre = http://qudt.org/vocab/unit/MilliM3-PER-M3
MilliMOL_PER_MOL = 0.001 * 1**1  = _ = Millimoles per mole = http://qudt.org/vocab/unit/MilliMOL-PER-MOL
MilliRAD = 0.001 * 1**1  = mrad = milliradian = http://qudt.org/vocab/unit/MilliRAD
MillionUSD = 1000000.0 * 1**1  = _ = Million US Dollars = http://qudt.org/vocab/unit/MillionUSD
MoldovanLeu = 1 * 1**1  = _ = Moldovan Leu = http://qudt.org/vocab/unit/MoldovanLeu
MoroccanDirham = 1 * 1**1  = _ = Moroccan Dirham = http://qudt.org/vocab/unit/MoroccanDirham
NAT = 1.0 * 1**1  = nat = Nat = http://qudt.org/vocab/unit/NAT
NAT_PER_SEC = 1.0 * 1**1  = _ = Nat per Second = http://qudt.org/vocab/unit/NAT-PER-SEC
NP = 1 * 1**1  = Np = Neper = http://qudt.org/vocab/unit/NP
NTU = 1 * 1**1  = _ = Nephelometry Turbidity Unit = http://qudt.org/vocab/unit/NTU
NUM = 1 * 1**1  = # = Number = http://qudt.org/vocab/unit/NUM
Naira = 1 * 1**1  = _ = http://qudt.org/vocab/unit/Naira
Nakfa = 1 * 1**1  = _ = http://qudt.org/vocab/unit/Nakfa
NamibianDollar = 1 * 1**1  = _ = Namibian Dollar = http://qudt.org/vocab/unit/NamibianDollar
NanoGM_PER_KiloGM = 1E-12 * 1**1  = _ = Nanogram Per Kilogram = http://qudt.org/vocab/unit/NanoGM-PER-KiloGM
NanoMOL_PER_MicroMOL = 0.001 * 1**1  = _ = Nanomoles per micromole = http://qudt.org/vocab/unit/NanoMOL-PER-MicroMOL
NepaleseRupee = 1 * 1**1  = _ = Nepalese Rupee = http://qudt.org/vocab/unit/NepaleseRupee
NetherlandsAntillianGuilder = 1 * 1**1  = _ = Netherlands Antillian Guilder = http://qudt.org/vocab/unit/NetherlandsAntillianGuilder
NewIsraeliShekel = 1 * 1**1  = _ = New Israeli Shekel = http://qudt.org/vocab/unit/NewIsraeliShekel
NewTaiwanDollar = 1 * 1**1  = _ = New Taiwan Dollar = http://qudt.org/vocab/unit/NewTaiwanDollar
NewTurkishLira = 1 * 1**1  = _ = New Turkish Lira = http://qudt.org/vocab/unit/NewTurkishLira
NewZealandDollar = 1 * 1**1  = _ = New Zealand Dollar = http://qudt.org/vocab/unit/NewZealandDollar
Ngultrum = 1 * 1**1  = _ = http://qudt.org/vocab/unit/Ngultrum
NorthKoreanWon = 1 * 1**1  = _ = North Korean Won = http://qudt.org/vocab/unit/NorthKoreanWon
NorwegianKrone = 1 * 1**1  = _ = Norwegian Krone = http://qudt.org/vocab/unit/NorwegianKrone
NuevoSol = 1 * 1**1  = _ = Nuevo Sol = http://qudt.org/vocab/unit/NuevoSol
OCT = 1 * 1**1  = _ = Oct = http://qudt.org/vocab/unit/OCT
OmaniRial = 1 * 1**1  = _ = Rial Omani = http://qudt.org/vocab/unit/OmaniRial
Ouguiya = 1 * 1**1  = _ = http://qudt.org/vocab/unit/Ouguiya
PA_PER_BAR = 0.00001 * 1**1  = _ = Pascal Per Bar = http://qudt.org/vocab/unit/PA-PER-BAR
PAB = 1 * 1**1  = _ = Balboa = http://qudt.org/vocab/unit/PAB
PER_SR = 1.0 * 1**1  = _ = Reciprocal steradian = http://qudt.org/vocab/unit/PER-SR
PERCENT = 1 * 1**1  = % = Percent = http://qudt.org/vocab/unit/PERCENT
PERCENT_RH = 0.01 * 1**1  = _ = Percent Relative Humidity = http://qudt.org/vocab/unit/PERCENT_RH
PERMEABILITY_EM_REL = 1.0 * 1**1  = _ = Relative Electromagnetic Permeability = http://qudt.org/vocab/unit/PERMEABILITY_EM_REL
PERMEABILITY_REL = 0.00000125663706 * 1**1  = _ = Relative Permeability = http://qudt.org/vocab/unit/PERMEABILITY_REL
PERMITTIVITY_REL = 8.854187817E-12 * 1**1  = εᵣ = Relative Permittivity = http://qudt.org/vocab/unit/PERMITTIVITY_REL
PH = 1 * 1**1  = _ = Acidity = http://qudt.org/vocab/unit/PH
PPB = 1E-9 * 1**1  = ppb = Parts per billion = http://qudt.org/vocab/unit/PPB
PPM = 0.000001 * 1**1  = ppm = Parts per million = http://qudt.org/vocab/unit/PPM
PPTH = 0.001 * 1**1  = ‰ = Parts per thousand = http://qudt.org/vocab/unit/PPTH
PPTR = 1E-12 * 1**1  = pptr = Parts per trillion = http://qudt.org/vocab/unit/PPTR
PPTR_VOL = 1E-12 * 1**1  = _ = Parts per trillion by volume = http://qudt.org/vocab/unit/PPTR_VOL
PSI_PER_PSI = 1.0 * 1**1  = _ = Psi Per Psi = http://qudt.org/vocab/unit/PSI-PER-PSI
PSU = 1 * 1**1  = _ = Practical salinity unit = http://qudt.org/vocab/unit/PSU
Paanga = 1 * 1**1  = _ = Pa'anga = http://qudt.org/vocab/unit/Paanga
PakistanRupee = 1 * 1**1  = _ = Pakistan Rupee = http://qudt.org/vocab/unit/PakistanRupee
Palladium_OunceTroy = 1 * 1**1  = _ = Palladium (one Troy ounce) = http://qudt.org/vocab/unit/Palladium-OunceTroy
Pataca = 1 * 1**1  = _ = http://qudt.org/vocab/unit/Pataca
PebiBYTE = 6243314768165359.2088811673338586 * 1**1  = PiB = PebiByte = http://qudt.org/vocab/unit/PebiBYTE
PetaBYTE = 5545177444479562.4753378569716654 * 1**1  = PB = PetaByte = http://qudt.org/vocab/unit/PetaBYTE
PhilippinePeso = 1 * 1**1  = _ = Philippine Peso = http://qudt.org/vocab/unit/PhilippinePeso
PicoGM_PER_GM = 1E-12 * 1**1  = _ = Picograms per gram = http://qudt.org/vocab/unit/PicoGM-PER-GM
PicoGM_PER_KiloGM = 1E-15 * 1**1  = _ = Picograms per kilogram = http://qudt.org/vocab/unit/PicoGM-PER-KiloGM
Platinum_OunceTroy = 1 * 1**1  = _ = Platinum (one Troy ounce) = http://qudt.org/vocab/unit/Platinum-OunceTroy
PoundSterling = 1 * 1**1  = _ = Pound Sterling = http://qudt.org/vocab/unit/PoundSterling
Pula = 1 * 1**1  = _ = http://qudt.org/vocab/unit/Pula
QatariRial = 1 * 1**1  = _ = Qatari Rial = http://qudt.org/vocab/unit/QatariRial
Quetzal = 1 * 1**1  = _ = http://qudt.org/vocab/unit/Quetzal
RAD = 1.0 * 1**1  = rad = Radian = http://qudt.org/vocab/unit/RAD
REV = 6.28318531 * 1**1  = rev = Revolution = http://qudt.org/vocab/unit/REV
RPK = 1.0 * 1**1  = _ = Reads Per Kilobase = http://qudt.org/vocab/unit/RPK
Riel = 1 * 1**1  = _ = http://qudt.org/vocab/unit/Riel
RomanianNeLeu = 1 * 1**1  = _ = Romanian New Leu = http://qudt.org/vocab/unit/RomanianNeLeu
Rufiyaa = 1 * 1**1  = _ = http://qudt.org/vocab/unit/Rufiyaa
Rupiah = 1 * 1**1  = _ = http://qudt.org/vocab/unit/Rupiah
RussianRuble = 1 * 1**1  = _ = Russian Ruble = http://qudt.org/vocab/unit/RussianRuble
RwandaFranc = 1 * 1**1  = _ = Rwanda Franc = http://qudt.org/vocab/unit/RwandaFranc
SHANNON = 1.0 * 1**1  = _ = Shannon = http://qudt.org/vocab/unit/SHANNON
SR = 1.0 * 1**1  = sr = Steradian = http://qudt.org/vocab/unit/SR
SUSCEPTIBILITY_ELEC = 1.0 * 1**1  = _ = Electric Susceptibility Unit = http://qudt.org/vocab/unit/SUSCEPTIBILITY_ELEC
SUSCEPTIBILITY_MAG = 1.0 * 1**1  = _ = Magnetic Susceptibility Unit = http://qudt.org/vocab/unit/SUSCEPTIBILITY_MAG
SaintHelenaPound = 1 * 1**1  = _ = Saint Helena Pound = http://qudt.org/vocab/unit/SaintHelenaPound
SamoanTala = 1 * 1**1  = _ = Samoan Tala = http://qudt.org/vocab/unit/SamoanTala
SaudiRiyal = 1 * 1**1  = _ = Saudi Riyal = http://qudt.org/vocab/unit/SaudiRiyal
SerbianDinar = 1 * 1**1  = _ = Serbian Dinar = http://qudt.org/vocab/unit/SerbianDinar
SeychellesRupee = 1 * 1**1  = _ = Seychelles Rupee = http://qudt.org/vocab/unit/SeychellesRupee
Silver_OunceTroy = 1 * 1**1  = _ = Silver (one Troy ounce) = http://qudt.org/vocab/unit/Silver-OunceTroy
SingaporeDollar = 1 * 1**1  = _ = Singapore Dollar = http://qudt.org/vocab/unit/SingaporeDollar
SlovakKoruna = 1 * 1**1  = _ = Slovak Koruna = http://qudt.org/vocab/unit/SlovakKoruna
SolomonIslandsDollar = 1 * 1**1  = _ = Solomon Islands Dollar = http://qudt.org/vocab/unit/SolomonIslandsDollar
Som = 1 * 1**1  = _ = http://qudt.org/vocab/unit/Som
SomaliShilling = 1 * 1**1  = _ = Somali Shilling = http://qudt.org/vocab/unit/SomaliShilling
Somoni = 1 * 1**1  = _ = http://qudt.org/vocab/unit/Somoni
SouthAfricanRand = 1 * 1**1  = _ = South African Rand = http://qudt.org/vocab/unit/SouthAfricanRand
SouthKoreanWon = 1 * 1**1  = _ = South Korean Won = http://qudt.org/vocab/unit/SouthKoreanWon
SpecialDrawingRights = 1 * 1**1  = _ = Special Drawing Rights = http://qudt.org/vocab/unit/SpecialDrawingRights
SriLankaRupee = 1 * 1**1  = _ = Sri Lanka Rupee = http://qudt.org/vocab/unit/SriLankaRupee
SudanesePound = 1 * 1**1  = _ = Sudanese Pound = http://qudt.org/vocab/unit/SudanesePound
SurinamDollar = 1 * 1**1  = _ = Surinam Dollar = http://qudt.org/vocab/unit/SurinamDollar
SwedishKrona = 1 * 1**1  = _ = Swedish Krona = http://qudt.org/vocab/unit/SwedishKrona
SwissFranc = 1 * 1**1  = _ = Swiss Franc = http://qudt.org/vocab/unit/SwissFranc
SyrianPound = 1 * 1**1  = _ = Syrian Pound = http://qudt.org/vocab/unit/SyrianPound
THB = 1 * 1**1  = _ = Baht = http://qudt.org/vocab/unit/THB
TanzanianShilling = 1 * 1**1  = _ = Tanzanian Shilling = http://qudt.org/vocab/unit/TanzanianShilling
TebiBYTE = 6096987078286.4836024230149744713 * 1**1  = TiB = TebiByte = http://qudt.org/vocab/unit/TebiBYTE
Tenge = 1 * 1**1  = _ = http://qudt.org/vocab/unit/Tenge
TeraBYTE = 5545177444479.5624753378569716654 * 1**1  = TB = TeraByte = http://qudt.org/vocab/unit/TeraBYTE
TrinidadAndTobagoDollar = 1 * 1**1  = _ = Trinidad and Tobago Dollar = http://qudt.org/vocab/unit/TrinidadAndTobagoDollar
Tugrik = 1 * 1**1  = _ = http://qudt.org/vocab/unit/Tugrik
TunisianDinar = 1 * 1**1  = _ = Tunisian Dinar = http://qudt.org/vocab/unit/TunisianDinar
UAEDirham = 1 * 1**1  = _ = United Arab Emirates dirham = http://qudt.org/vocab/unit/UAEDirham
UICFranc = 1 * 1**1  = _ = UIC franc (special settlement currency) = http://qudt.org/vocab/unit/UICFranc
UNITLESS = 1.0 * 1**1  = U = Unitless = http://qudt.org/vocab/unit/UNITLESS
USDollar = 1 * 1**1  = US$ = US Dollar = http://qudt.org/vocab/unit/USDollar
USDollar_NextDay = 1 * 1**1  = _ = United States Dollar (next day) (funds code) = http://qudt.org/vocab/unit/USDollar-NextDay
USDollar_SameDay = 1 * 1**1  = _ = United States Dollar (same day) (funds code) = http://qudt.org/vocab/unit/USDollar-SameDay
UgandaShilling = 1 * 1**1  = _ = Uganda Shilling = http://qudt.org/vocab/unit/UgandaShilling
UnidadDeValorReal = 1 * 1**1  = _ = Unidad de Valor Real = http://qudt.org/vocab/unit/UnidadDeValorReal
UnidadesDeFormento = 1 * 1**1  = _ = Unidades de formento (Funds code) = http://qudt.org/vocab/unit/UnidadesDeFormento
UruguayPeso = 1 * 1**1  = _ = Peso Uruguayo = http://qudt.org/vocab/unit/UruguayPeso
UzbekistanSom = 1 * 1**1  = _ = Uzbekistan Som = http://qudt.org/vocab/unit/UzbekistanSom
Vatu = 1 * 1**1  = _ = http://qudt.org/vocab/unit/Vatu
VenezuelanBolvar = 1 * 1**1  = _ = Venezuelan bolvar = http://qudt.org/vocab/unit/VenezuelanBolvar
VietnameseDong = 1 * 1**1  = _ = Vietnamese ??ng = http://qudt.org/vocab/unit/VietnameseDong
WIREuro = 1 * 1**1  = _ = WIR Euro (complementary currency) = http://qudt.org/vocab/unit/WIREuro
WIRFranc = 1 * 1**1  = _ = WIR Franc (complementary currency) = http://qudt.org/vocab/unit/WIRFranc
XAF = 1 * 1**1  = _ = CFA Franc BEAC = http://qudt.org/vocab/unit/XAF
XOF = 1 * 1**1  = _ = CFA Franc BCEAO = http://qudt.org/vocab/unit/XOF
XPF = 1 * 1**1  = _ = CFP franc = http://qudt.org/vocab/unit/XPF
YemeniRial = 1 * 1**1  = _ = Yemeni Rial = http://qudt.org/vocab/unit/YemeniRial
YuanRenminbi = 1 * 1**1  = _ = Yuan Renminbi = http://qudt.org/vocab/unit/YuanRenminbi
Z = 1 * 1**1  = _ = atomic-number = http://qudt.org/vocab/unit/Z
ZambianKwacha = 1 * 1**1  = _ = Zambian Kwacha = http://qudt.org/vocab/unit/ZambianKwacha
ZimbabweDollar = 1 * 1**1  = _ = Zimbabwe Dollar = http://qudt.org/vocab/unit/ZimbabweDollar
Zloty = 1 * 1**1  = _ = http://qudt.org/vocab/unit/Zloty
AMU = 1.66053878283E-27 * kg**1  = μ = Atomic mass unit = http://qudt.org/vocab/unit/AMU = u
CARAT = 0.0002 * kg**1  = _ = Carat = http://qudt.org/vocab/unit/CARAT
CWT_LONG = 50.80235 * kg**1  = _ = Long Hundred Weight = http://qudt.org/vocab/unit/CWT_LONG
CWT_SHORT = 45.359237 * kg**1  = _ = Hundred Weight - Short = http://qudt.org/vocab/unit/CWT_SHORT
CentiGM = 0.00001 * kg**1  = _ = Centigram = http://qudt.org/vocab/unit/CentiGM
DRAM_UK = 0.0017718451953125 * kg**1  = _ = Dram (UK) = http://qudt.org/vocab/unit/DRAM_UK
DRAM_US = 0.0038879346 * kg**1  = _ = Dram (US) = http://qudt.org/vocab/unit/DRAM_US = dr
DWT = 0.00155517384 * kg**1  = dwt = Penny Weight = http://qudt.org/vocab/unit/DWT
Da = 1.66053878283E-27 * kg**1  = _ = Dalton = http://qudt.org/vocab/unit/Da
DecaGM = 0.01 * kg**1  = _ = Decagram = http://qudt.org/vocab/unit/DecaGM
DeciGM = 0.0001 * kg**1  = _ = Decigram = http://qudt.org/vocab/unit/DeciGM
DeciTONNE = 1 * kg**1  = _ = DeciTonne = http://qudt.org/vocab/unit/DeciTONNE
DeciTON_Metric = 1.02 * kg**1  = _ = Metric DeciTON = http://qudt.org/vocab/unit/DeciTON_Metric
EarthMass = 1 * kg**1  = _ = Earth mass = http://qudt.org/vocab/unit/EarthMass
GM = 0.001 * kg**1  = g = Gram = http://qudt.org/vocab/unit/GM
GRAIN = 0.00006479891 * kg**1  = _ = Grain = http://qudt.org/vocab/unit/GRAIN
HectoGM = 0.1 * kg**1  = _ = Hectogram = http://qudt.org/vocab/unit/HectoGM
Hundredweight_UK = 50.80235 * kg**1  = _ = Hundredweight (UK) = http://qudt.org/vocab/unit/Hundredweight_UK
Hundredweight_US = 45.35924 * kg**1  = _ = Hundredweight (US) = http://qudt.org/vocab/unit/Hundredweight_US
KiloGM = [mass] = kg = Kilogram = http://qudt.org/vocab/unit/KiloGM
KiloTONNE = 1 * kg**1  = _ = KiloTonne = http://qudt.org/vocab/unit/KiloTONNE
KiloTON_Metric = 907184.7 * kg**1  = _ = Metric KiloTON = http://qudt.org/vocab/unit/KiloTON_Metric
LB = 0.45359237 * kg**1  = lbm = Pound Mass = http://qudt.org/vocab/unit/LB = lb
LB_T = 0.3732417216 * kg**1  = lbt = Pound Troy = http://qudt.org/vocab/unit/LB_T
LunarMass = 1 * kg**1  = _ = Lunar mass = http://qudt.org/vocab/unit/LunarMass
MegaGM = 1000.0 * kg**1  = _ = Megagram = http://qudt.org/vocab/unit/MegaGM
MicroGM = 1E-9 * kg**1  = _ = Microgram = http://qudt.org/vocab/unit/MicroGM
MilliGM = 0.000001 * kg**1  = _ = Milligram = http://qudt.org/vocab/unit/MilliGM
NanoGM = 1E-12 * kg**1  = _ = Nanograms = http://qudt.org/vocab/unit/NanoGM
OZ = 0.028349523125 * kg**1  = ozm = Ounce Mass = http://qudt.org/vocab/unit/OZ
OZ_TROY = 0.0311034768 * kg**1  = _ = Ounce Troy = http://qudt.org/vocab/unit/OZ_TROY
Pennyweight = 0.001555174 * kg**1  = _ = http://qudt.org/vocab/unit/Pennyweight
PicoGM = 1E-15 * kg**1  = _ = Picograms = http://qudt.org/vocab/unit/PicoGM
PlanckMass = 2.17644E-8 * kg**1  = _ = Planck Mass = http://qudt.org/vocab/unit/PlanckMass
Quarter_UK = 12.70058636 * kg**1  = _ = Quarter (UK) = http://qudt.org/vocab/unit/Quarter_UK
SLUG = 14.593903 * kg**1  = slug = Slug = http://qudt.org/vocab/unit/SLUG
SolarMass = 1 * kg**1  = S = Solar mass = http://qudt.org/vocab/unit/SolarMass
Stone_UK = 6.35029318 * kg**1  = _ = Stone (UK) = http://qudt.org/vocab/unit/Stone_UK
TONNE = 1000.0 * kg**1  = _ = Tonne = http://qudt.org/vocab/unit/TONNE = t
TON_Assay = 0.02916667 * kg**1  = _ = Assay Ton = http://qudt.org/vocab/unit/TON_Assay
TON_LONG = 1016.0469088 * kg**1  = ton = Long Ton = http://qudt.org/vocab/unit/TON_LONG
TON_Metric = 1000.0 * kg**1  = mT = Metric Ton = http://qudt.org/vocab/unit/TON_Metric
TON_SHORT = 907.18474 * kg**1  = _ = Short Ton = http://qudt.org/vocab/unit/TON_SHORT
TON_UK = 1016.0 * kg**1  = _ = Ton (UK) = http://qudt.org/vocab/unit/TON_UK
TON_US = 907.1847 * kg**1  = _ = Ton (US) = http://qudt.org/vocab/unit/TON_US
ANGSTROM = 1E-10 * m**1  = Å = Angstrom = http://qudt.org/vocab/unit/ANGSTROM
AU = 149597870691.6 * m**1  = ㍳ = astronomical-unit = http://qudt.org/vocab/unit/AU = au
BTU_IT_PER_LB_F = 237.18597062376833 * m**1  = _ = British Thermal Unit (international Table) Per Pound of Force = http://qudt.org/vocab/unit/BTU_IT-PER-LB_F
CH = 20.1168 * m**1  = ch = chain = http://qudt.org/vocab/unit/CH
CentiM = 0.01 * m**1  = ㎝ = Centimeter = Centimetre = http://qudt.org/vocab/unit/CentiM
DecaM = 10.0 * m**1  = _ = Decameter = Decametre = http://qudt.org/vocab/unit/DecaM
DeciM = 0.1 * m**1  = ㍷ = Decimeter = Decimetre = http://qudt.org/vocab/unit/DeciM
FATH = 1.8288 * m**1  = fath = Fathom = http://qudt.org/vocab/unit/FATH
FM = 1E-15 * m**1  = ㎙ = fermi = http://qudt.org/vocab/unit/FM
FT = 0.3048 * m**1  = ft = Foot = http://qudt.org/vocab/unit/FT
FT_US = 0.3048006 * m**1  = ft_us = US Survey Foot = http://qudt.org/vocab/unit/FT_US
FUR = 201.168 * m**1  = fur = Furlong = http://qudt.org/vocab/unit/FUR
FUR_Long = 1 * m**1  = _ = Long Furlong = http://qudt.org/vocab/unit/FUR_Long
FemtoM = 1E-15 * m**1  = fm = Femtometer = Femtometre = http://qudt.org/vocab/unit/FemtoM
GAUGE_FR = 0.0003333333 * m**1  = _ = French Gauge = http://qudt.org/vocab/unit/GAUGE_FR
HectoM = 100.0 * m**1  = _ = Hectometer = Hectometre = http://qudt.org/vocab/unit/HectoM
IN = 0.0254 * m**1  = ㏌ = Inch = http://qudt.org/vocab/unit/IN = in
KiloM = 1000.0 * m**1  = ㎞ = Kilometer = Kilometre = http://qudt.org/vocab/unit/KiloM
LY = 9460730472580800.0 * m**1  = ly = Light Year = http://qudt.org/vocab/unit/LY
M = [length] = m = Meter = Metre = http://qudt.org/vocab/unit/M
M3_PER_HA = 0.0001 * m**1  = m^3/ha = Cubic Meter per Hectare = Cubic Metre per Hectare = http://qudt.org/vocab/unit/M3-PER-HA
MI = 1609.344 * m**1  = mi = International Mile = http://qudt.org/vocab/unit/MI
MI_N = 1852.0 * m**1  = n mile = Nautical Mile = http://qudt.org/vocab/unit/MI_N
MI_US = 1609.347 * m**1  = _ = Mile US Statute = http://qudt.org/vocab/unit/MI_US
MicroIN = 2.54E-8 * m**1  = µin = Microinch = http://qudt.org/vocab/unit/MicroIN
MicroM = 0.000001 * m**1  = ㎛ = Micrometer = Micrometre = http://qudt.org/vocab/unit/MicroM
MilLength = 1 * m**1  = mil = Mil Length = http://qudt.org/vocab/unit/MilLength
MilliIN = 0.0000254 * m**1  = _ = Milli-inch = http://qudt.org/vocab/unit/MilliIN
MilliM = 0.001 * m**1  = ㎜ = Millimeter = Millimetre = http://qudt.org/vocab/unit/MilliM
NanoM = 1E-9 * m**1  = ㎚ = Nanometer = Nanometre = http://qudt.org/vocab/unit/NanoM
PARSEC = 30856780000000000.0 * m**1  = ㍶ = Parsec = http://qudt.org/vocab/unit/PARSEC
PCA = 1 * m**1  = _ = Pica = http://qudt.org/vocab/unit/PCA
PT = 0.0000254 * m**1  = _ = Point = http://qudt.org/vocab/unit/PT
PicoM = 1E-12 * m**1  = _ = Picometer = Picometre = http://qudt.org/vocab/unit/PicoM
PlanckLength = 1.616252E-35 * m**1  = _ = Planck Length = http://qudt.org/vocab/unit/PlanckLength
ROD = 5.02921 * m**1  = _ = Rod = http://qudt.org/vocab/unit/ROD
YD = 0.9144 * m**1  = yd = Yard = http://qudt.org/vocab/unit/YD
ANGSTROM3 = 1E-40 * A**2 / kg**1 * s**4  = Ã…^3 = Angstrom^3 = http://qudt.org/vocab/unit/ANGSTROM3
C_M2_PER_V = 1.0 * A**2 / kg**1 * s**4  = _ = Coulomb Square Meter Per Volt = Coulomb Square Metre Per Volt = http://qudt.org/vocab/unit/C-M2-PER-V
C2_M_PER_J = 1.0 * A**2 / kg**1 * s**4  = _ = Square Coulomb Meter per Joule = Square Coulomb Metre per Joule = http://qudt.org/vocab/unit/C2-M-PER-J
ATM = 101325.0 / m**1 * kg**1 / s**2  = atm = Standard Atmosphere = http://qudt.org/vocab/unit/ATM
ATM_T = 98066.5 / m**1 * kg**1 / s**2  = at = Technical Atmosphere = http://qudt.org/vocab/unit/ATM_T
BAR = 100000.0 / m**1 * kg**1 / s**2  = bar = Bar = http://qudt.org/vocab/unit/BAR
BARAD = 1 / m**1 * kg**1 / s**2  = _ = Barad = http://qudt.org/vocab/unit/BARAD
BARYE = 0.1 / m**1 * kg**1 / s**2  = ρ = Barye = http://qudt.org/vocab/unit/BARYE
BTU_IT_PER_FT3 = 37258.94579 / m**1 * kg**1 / s**2  = _ = British Thermal Unit (IT) Per Cubic Foot = http://qudt.org/vocab/unit/BTU_IT-PER-FT3
BTU_TH_PER_FT3 = 37234.03 / m**1 * kg**1 / s**2  = _ = British Thermal Unit (TH) Per Cubic Foot = http://qudt.org/vocab/unit/BTU_TH-PER-FT3
CentiBAR = 1000.0 / m**1 * kg**1 / s**2  = cbar = Centibar = http://qudt.org/vocab/unit/CentiBAR
CentiM_H2O = 98.0665 / m**1 * kg**1 / s**2  = cmH2O = Centimeter of Water = Centimetre of Water = Conventional Centimeter Of Water = Conventional Centimetre Of Water = http://qudt.org/vocab/unit/CentiM_H2O
CentiM_HG = 1333.224 / m**1 * kg**1 / s**2  = _ = Centimeter Of Mercury = Centimetre Of Mercury = http://qudt.org/vocab/unit/CentiM_HG = cmHg
DYN_PER_CentiM2 = 0.1 / m**1 * kg**1 / s**2  = _ = Dyne per Square Centimeter = Dyne per Square Centimetre = http://qudt.org/vocab/unit/DYN-PER-CentiM2
DecaPA = 10.0 / m**1 * kg**1 / s**2  = _ = Decapascal = http://qudt.org/vocab/unit/DecaPA
DeciBAR = 10000.0 / m**1 * kg**1 / s**2  = dbar = Decibar = http://qudt.org/vocab/unit/DeciBAR
ERG_PER_CentiM3 = 0.1 / m**1 * kg**1 / s**2  = _ = Erg per Cubic Centimeter = Erg per Cubic Centimetre = http://qudt.org/vocab/unit/ERG-PER-CentiM3
FT_H2O = 1 / m**1 * kg**1 / s**2  = ftH2O = Foot of Water = http://qudt.org/vocab/unit/FT_H2O
FT_HG = 40636.66 / m**1 * kg**1 / s**2  = _ = Foot Of Mercury = http://qudt.org/vocab/unit/FT_HG
GM_F_PER_CentiM2 = 98.0665 / m**1 * kg**1 / s**2  = _ = Gram Force Per Square Centimeter = Gram Force Per Square Centimetre = http://qudt.org/vocab/unit/GM_F-PER-CentiM2
GigaPA = 1000000000.0 / m**1 * kg**1 / s**2  = _ = Gigapascal = http://qudt.org/vocab/unit/GigaPA
HectoBAR = 10000000.0 / m**1 * kg**1 / s**2  = _ = Hectobar = http://qudt.org/vocab/unit/HectoBAR
HectoPA = 100.0 / m**1 * kg**1 / s**2  = hPa = Hectopascal = http://qudt.org/vocab/unit/HectoPA
IN_H2O = 249.080024 / m**1 * kg**1 / s**2  = inAq = Inch of Water = http://qudt.org/vocab/unit/IN_H2O
IN_HG = 3386.389 / m**1 * kg**1 / s**2  = inHg = Inch of Mercury = http://qudt.org/vocab/unit/IN_HG
J_PER_M3 = 1.0 / m**1 * kg**1 / s**2  = _ = Joule per Cubic Meter = Joule per Cubic Metre = http://qudt.org/vocab/unit/J-PER-M3
KIP_F_PER_IN2 = 6894757.89 / m**1 * kg**1 / s**2  = _ = Kip per Square Inch = http://qudt.org/vocab/unit/KIP_F-PER-IN2 = ksi
KiloBAR = 100000000.0 / m**1 * kg**1 / s**2  = kbar = Kilobar = http://qudt.org/vocab/unit/KiloBAR
KiloGM_PER_M_SEC2 = 1.0 / m**1 * kg**1 / s**2  = _ = Kilograms per metre per square second = http://qudt.org/vocab/unit/KiloGM-PER-M-SEC2
KiloGM_F_PER_CentiM2 = 98066.5 / m**1 * kg**1 / s**2  = _ = Kilogram Force per Square Centimeter = Kilogram Force per Square Centimetre = http://qudt.org/vocab/unit/KiloGM_F-PER-CentiM2
KiloGM_F_PER_M2 = 9.80665 / m**1 * kg**1 / s**2  = _ = Kilogram Force Per Square Meter = Kilogram Force Per Square Metre = http://qudt.org/vocab/unit/KiloGM_F-PER-M2
KiloGM_F_PER_MilliM2 = 9806650.0 / m**1 * kg**1 / s**2  = _ = Kilogram Force Per Square Millimeter = Kilogram Force Per Square Millimetre = http://qudt.org/vocab/unit/KiloGM_F-PER-MilliM2
KiloLB_F_PER_IN2 = 6894757.89 / m**1 * kg**1 / s**2  = _ = Kilopound Force Per Square Inch = http://qudt.org/vocab/unit/KiloLB_F-PER-IN2
KiloPA = 1000.0 / m**1 * kg**1 / s**2  = kPa = Kilopascal = http://qudt.org/vocab/unit/KiloPA
KiloPA_A = 1.0 / m**1 * kg**1 / s**2  = KPaA = Kilopascal Absolute = http://qudt.org/vocab/unit/KiloPA_A
LB_F_PER_FT2 = 47.8802631 / m**1 * kg**1 / s**2  = _ = Pound Force per Square Foot = http://qudt.org/vocab/unit/LB_F-PER-FT2
LB_F_PER_IN2 = 6894.75789 / m**1 * kg**1 / s**2  = psia = Pound Force per Square Inch = http://qudt.org/vocab/unit/LB_F-PER-IN2
MegaBAR = 100000000000.0 / m**1 * kg**1 / s**2  = Mbar = Megabar = http://qudt.org/vocab/unit/MegaBAR
MegaJ_PER_M3 = 1000000.0 / m**1 * kg**1 / s**2  = _ = Megajoule Per Cubic Meter = Megajoule Per Cubic Metre = http://qudt.org/vocab/unit/MegaJ-PER-M3
MegaPA = 1000000.0 / m**1 * kg**1 / s**2  = _ = Megapascal = http://qudt.org/vocab/unit/MegaPA
MicroATM = 0.101325 / m**1 * kg**1 / s**2  = _ = Microatmospheres = http://qudt.org/vocab/unit/MicroATM
MicroBAR = 0.1 / m**1 * kg**1 / s**2  = _ = Microbar = http://qudt.org/vocab/unit/MicroBAR
MicroPA = 0.000001 / m**1 * kg**1 / s**2  = _ = Micropascal = http://qudt.org/vocab/unit/MicroPA
MicroTORR = 0.000133322 / m**1 * kg**1 / s**2  = μTorr = MicroTorr = http://qudt.org/vocab/unit/MicroTORR
MilliBAR = 100.0 / m**1 * kg**1 / s**2  = mbar = Millibar = http://qudt.org/vocab/unit/MilliBAR
MilliM_H2O = 9.80665 / m**1 * kg**1 / s**2  = _ = Conventional Millimeter Of Water = Conventional Millimetre Of Water = http://qudt.org/vocab/unit/MilliM_H2O
MilliM_HG = 133.322387415 / m**1 * kg**1 / s**2  = mm Hg = Millimeter of Mercury = Millimetre of Mercury = http://qudt.org/vocab/unit/MilliM_HG = mmHg
MilliM_HGA = 1 / m**1 * kg**1 / s**2  = mmHgA = Millimeter of Mercury - Absolute = Millimetre of Mercury - Absolute = http://qudt.org/vocab/unit/MilliM_HGA
MilliPA = 0.001 / m**1 * kg**1 / s**2  = _ = Millipascal = http://qudt.org/vocab/unit/MilliPA
MilliTORR = 0.133322 / m**1 * kg**1 / s**2  = mTorr = MilliTorr = http://qudt.org/vocab/unit/MilliTORR
N_PER_CentiM2 = 10000.0 / m**1 * kg**1 / s**2  = _ = Newton Per Square Centimeter = Newton Per Square Centimetre = http://qudt.org/vocab/unit/N-PER-CentiM2
N_PER_M2 = 1.0 / m**1 * kg**1 / s**2  = N/m² = Newtons Per Square Meter = Newtons Per Square Metre = http://qudt.org/vocab/unit/N-PER-M2
N_PER_MilliM2 = 1000000.0 / m**1 * kg**1 / s**2  = _ = Newton Per Square Millimeter = Newton Per Square Millimetre = http://qudt.org/vocab/unit/N-PER-MilliM2
PA = 1.0 / m**1 * kg**1 / s**2  = Pa = Pascal = http://qudt.org/vocab/unit/PA
PDL_PER_FT2 = 1.48816443 / m**1 * kg**1 / s**2  = _ = Poundal per Square Foot = http://qudt.org/vocab/unit/PDL-PER-FT2
PSI = 6894.75789 / m**1 * kg**1 / s**2  = _ = http://qudt.org/vocab/unit/PSI = psi
PlanckPressure = 4.63309e+113 / m**1 * kg**1 / s**2  = _ = Planck Pressure = http://qudt.org/vocab/unit/PlanckPressure
TORR = 133.322 / m**1 * kg**1 / s**2  = Torr = http://qudt.org/vocab/unit/TORR
W_HR_PER_M3 = 3600.0 / m**1 * kg**1 / s**2  = W-hr/m3 = Watthour per Cubic meter = Watthour per Cubic metre = http://qudt.org/vocab/unit/W-HR-PER-M3
ATM_M3_PER_MOL = 101325.0 / mol**1 * m**2 * kg**1 / s**2  = _ = Atmosphere Cubic Meter per Mole = http://qudt.org/vocab/unit/ATM-M3-PER-MOL
J_PER_MOL = 1.0 / mol**1 * m**2 * kg**1 / s**2  = _ = Joule per Mole = http://qudt.org/vocab/unit/J-PER-MOL
KiloCAL_PER_MOL = 1 / mol**1 * m**2 * kg**1 / s**2  = _ = Kilocalorie per Mole = http://qudt.org/vocab/unit/KiloCAL-PER-MOL
KiloJ_PER_MOL = 1000.0 / mol**1 * m**2 * kg**1 / s**2  = _ = Kilojoule Per Mole = http://qudt.org/vocab/unit/KiloJ-PER-MOL
A_Ab_CentiM2 = 1000000000.0 * A**2 / m**3 / kg**1 * s**3  = _ = Abampere Square centimeter = Abampere Square centimetre = http://qudt.org/vocab/unit/A_Ab-CentiM2
DeciS_PER_M = 0.1 * A**2 / m**3 / kg**1 * s**3  = ds/m = decisiemens per meter = decisiemens per metre = http://qudt.org/vocab/unit/DeciS-PER-M
KiloS_PER_M = 1000.0 * A**2 / m**3 / kg**1 * s**3  = _ = Kilosiemens Per Meter = Kilosiemens Per Metre = http://qudt.org/vocab/unit/KiloS-PER-M
MHO = 1.0 * A**2 / m**3 / kg**1 * s**3  = ℧ = Mho = http://qudt.org/vocab/unit/MHO
MHO_Stat = 1.1126E-12 * A**2 / m**3 / kg**1 * s**3  = stat℧ = Statmho = http://qudt.org/vocab/unit/MHO_Stat
MegaS_PER_M = 1000000.0 * A**2 / m**3 / kg**1 * s**3  = _ = Megasiemens Per Meter = Megasiemens Per Metre = http://qudt.org/vocab/unit/MegaS-PER-M
MicroMHO = 0.000001 * A**2 / m**3 / kg**1 * s**3  = _ = Micromho = http://qudt.org/vocab/unit/MicroMHO
MicroS = 0.000001 * A**2 / m**3 / kg**1 * s**3  = _ = Microsiemens = http://qudt.org/vocab/unit/MicroS
MicroS_PER_CentiM = 0.0001 * A**2 / m**3 / kg**1 * s**3  = _ = Microsiemens Per Centimeter = Microsiemens Per Centimetre = http://qudt.org/vocab/unit/MicroS-PER-CentiM
MicroS_PER_M = 0.000001 * A**2 / m**3 / kg**1 * s**3  = _ = Microsiemens Per Meter = Microsiemens Per Metre = http://qudt.org/vocab/unit/MicroS-PER-M
MilliS_PER_CentiM = 0.1 * A**2 / m**3 / kg**1 * s**3  = _ = Millisiemens Per Centimeter = Millisiemens Per Centimetre = http://qudt.org/vocab/unit/MilliS-PER-CentiM
MilliS_PER_M = 0.001 * A**2 / m**3 / kg**1 * s**3  = _ = MilliSiemens per metre = http://qudt.org/vocab/unit/MilliS-PER-M
NanoS_PER_CentiM = 1E-7 * A**2 / m**3 / kg**1 * s**3  = _ = Nanosiemens Per Centimeter = Nanosiemens Per Centimetre = http://qudt.org/vocab/unit/NanoS-PER-CentiM
NanoS_PER_M = 1E-9 * A**2 / m**3 / kg**1 * s**3  = _ = Nanosiemens Per Meter = Nanosiemens Per Metre = http://qudt.org/vocab/unit/NanoS-PER-M
PicoS_PER_M = 1E-12 * A**2 / m**3 / kg**1 * s**3  = _ = Picosiemens Per Meter = Picosiemens Per Metre = http://qudt.org/vocab/unit/PicoS-PER-M
S_M2_PER_MOL = 1 * A**2 / m**3 / kg**1 * s**3  = _ = Siemens Square meter per mole = Siemens Square metre per mole = http://qudt.org/vocab/unit/S-M2-PER-MOL
S_PER_CentiM = 100.0 * A**2 / m**3 / kg**1 * s**3  = _ = Siemens Per Centimeter = Siemens Per Centimetre = http://qudt.org/vocab/unit/S-PER-CentiM
S_PER_M = 1.0 * A**2 / m**3 / kg**1 * s**3  = _ = Siemens Per Meter = Siemens Per Metre = http://qudt.org/vocab/unit/S-PER-M
S_Ab = 1000000000.0 * A**2 / m**3 / kg**1 * s**3  = aS = Absiemen = http://qudt.org/vocab/unit/S_Ab
S_Stat = 1.1126500561E-12 * A**2 / m**3 / kg**1 * s**3  = statS = Statsiemens = http://qudt.org/vocab/unit/S_Stat
AttoFARAD = 1E-18 * A**2 / m**2 / kg**1 * s**4  = _ = Attofarad = http://qudt.org/vocab/unit/AttoFARAD
FARAD = 1.0 * A**2 / m**2 / kg**1 * s**4  = _ = Farad = http://qudt.org/vocab/unit/FARAD
FARAD_Ab = 1000000000.0 * A**2 / m**2 / kg**1 * s**4  = abF = Abfarad = http://qudt.org/vocab/unit/FARAD_Ab
FARAD_Stat = 1.112650056053618432174089964848E-12 * A**2 / m**2 / kg**1 * s**4  = statF = Statfarad = http://qudt.org/vocab/unit/FARAD_Stat
MicroFARAD = 0.000001 * A**2 / m**2 / kg**1 * s**4  = μF = microfarad = http://qudt.org/vocab/unit/MicroFARAD
MilliFARAD = 0.001 * A**2 / m**2 / kg**1 * s**4  = _ = Millifarad = http://qudt.org/vocab/unit/MilliFARAD
NanoFARAD = 1E-9 * A**2 / m**2 / kg**1 * s**4  = nF = Nanofarad = http://qudt.org/vocab/unit/NanoFARAD
PicoFARAD = 1E-12 * A**2 / m**2 / kg**1 * s**4  = pF = Picofarad = http://qudt.org/vocab/unit/PicoFARAD
AttoJ = 1E-18 * m**2 * kg**1 / s**2  = _ = Attojoule = http://qudt.org/vocab/unit/AttoJ
BTU_IT = 1055.05585262 * m**2 * kg**1 / s**2  = Btu_{it} = British Thermal Unit (International Definition) = http://qudt.org/vocab/unit/BTU_IT
BTU_MEAN = 1055.05585262 * m**2 * kg**1 / s**2  = _ = British Thermal Unit (mean) = http://qudt.org/vocab/unit/BTU_MEAN
BTU_TH = 1054.3502645 * m**2 * kg**1 / s**2  = Btu_{th} = British Thermal Unit (Thermochemical Definition) = http://qudt.org/vocab/unit/BTU_TH
CAL_15_DEG_C = 4.1855 * m**2 * kg**1 / s**2  = _ = Calorie (15 Degrees C) = http://qudt.org/vocab/unit/CAL_15_DEG_C
CAL_IT = 4.1868 * m**2 * kg**1 / s**2  = _ = International Table calorie = http://qudt.org/vocab/unit/CAL_IT = cal
CAL_MEAN = 4.19 * m**2 * kg**1 / s**2  = _ = Calorie (mean) = http://qudt.org/vocab/unit/CAL_MEAN
CAL_TH = 4.184 * m**2 * kg**1 / s**2  = cal_{th} = Thermochemical Calorie = http://qudt.org/vocab/unit/CAL_TH
CentiN_M = 0.01 * m**2 * kg**1 / s**2  = _ = Centinewton Meter = Centinewton Metre = http://qudt.org/vocab/unit/CentiN-M
DYN_CentiM = 1E-7 * m**2 * kg**1 / s**2  = _ = Dyne Centimeter = Dyne Centimetre = http://qudt.org/vocab/unit/DYN-CentiM
DeciN_M = 0.1 * m**2 * kg**1 / s**2  = _ = Decinewton Meter = Decinewton Metre = http://qudt.org/vocab/unit/DeciN-M
ERG = 1E-7 * m**2 * kg**1 / s**2  = erg = Erg = http://qudt.org/vocab/unit/ERG
EV = 1.602176634E-19 * m**2 * kg**1 / s**2  = eV = Electron Volt = http://qudt.org/vocab/unit/EV
E_h = 4.35974394E-18 * m**2 * kg**1 / s**2  = _ = Hartree = http://qudt.org/vocab/unit/E_h
ExaJ = 1000000000000000000.0 * m**2 * kg**1 / s**2  = _ = Exajoule = http://qudt.org/vocab/unit/ExaJ
FT_LB_F = 1.35581807 * m**2 * kg**1 / s**2  = _ = Foot Pound Force = http://qudt.org/vocab/unit/FT-LB_F
FT_PDL = 0.0421401100938048 * m**2 * kg**1 / s**2  = ft-pdl = Foot Poundal = http://qudt.org/vocab/unit/FT-PDL
FemtoJ = 1E-15 * m**2 * kg**1 / s**2  = _ = Femtojoule = http://qudt.org/vocab/unit/FemtoJ
GigaEV = 1.602176634E-10 * m**2 * kg**1 / s**2  = GeV = Giga Electron Volt = http://qudt.org/vocab/unit/GigaEV
GigaJ = 1000000000.0 * m**2 * kg**1 / s**2  = _ = Gigajoule = http://qudt.org/vocab/unit/GigaJ
GigaW_HR = 3600000000000.0 * m**2 * kg**1 / s**2  = _ = Gigawatt Hour = http://qudt.org/vocab/unit/GigaW-HR
J = 1.0 * m**2 * kg**1 / s**2  = _ = Joule = http://qudt.org/vocab/unit/J
KiloCAL = 4184.0 * m**2 * kg**1 / s**2  = kcal = Kilocalorie = http://qudt.org/vocab/unit/KiloCAL
KiloCAL_IT = 4186.8 * m**2 * kg**1 / s**2  = _ = Kilocalorie (international Table) = http://qudt.org/vocab/unit/KiloCAL_IT
KiloCAL_Mean = 4190.0 * m**2 * kg**1 / s**2  = _ = Kilocalorie (mean) = http://qudt.org/vocab/unit/KiloCAL_Mean
KiloCAL_TH = 4184.0 * m**2 * kg**1 / s**2  = _ = Kilocalorie (thermochemical) = http://qudt.org/vocab/unit/KiloCAL_TH
KiloEV = 1.602176634E-16 * m**2 * kg**1 / s**2  = keV = Kilo Electron Volt = http://qudt.org/vocab/unit/KiloEV
KiloGM_F_M = 9.80665 * m**2 * kg**1 / s**2  = _ = Kilogram?force Meter = Kilogram?force Metre = http://qudt.org/vocab/unit/KiloGM_F-M
KiloJ = 1000.0 * m**2 * kg**1 / s**2  = _ = Kilojoule = http://qudt.org/vocab/unit/KiloJ
KiloN_M = 1000.0 * m**2 * kg**1 / s**2  = _ = Kilonewton Meter = Kilonewton Metre = http://qudt.org/vocab/unit/KiloN-M
KiloV_A_HR = 3600000.0 * m**2 * kg**1 / s**2  = _ = Kilovolt Ampere Hour = http://qudt.org/vocab/unit/KiloV-A-HR
KiloV_A_Reactive_HR = 3600000.0 * m**2 * kg**1 / s**2  = _ = Kilovolt Ampere Reactive Hour = http://qudt.org/vocab/unit/KiloV-A_Reactive-HR
KiloW_HR = 3600000.0 * m**2 * kg**1 / s**2  = _ = Kilowatthour = http://qudt.org/vocab/unit/KiloW-HR
LB_F_FT = 1.35581807 * m**2 * kg**1 / s**2  = _ = Pound Force Foot = http://qudt.org/vocab/unit/LB_F-FT
LB_F_IN = 0.112984839 * m**2 * kg**1 / s**2  = _ = Pound Force Inch = http://qudt.org/vocab/unit/LB_F-IN
LM_SEC = 1 * m**2 * kg**1 / s**2  = _ = lumen second = http://qudt.org/vocab/unit/LM-SEC
MegaEV = 1.602176634E-13 * m**2 * kg**1 / s**2  = MeV = Mega Electron Volt = http://qudt.org/vocab/unit/MegaEV
MegaJ = 1000000.0 * m**2 * kg**1 / s**2  = _ = Megajoule = http://qudt.org/vocab/unit/MegaJ
MegaN_M = 1000000.0 * m**2 * kg**1 / s**2  = _ = Meganewton Meter = Meganewton Metre = http://qudt.org/vocab/unit/MegaN-M
MegaTOE = 41868000000000000.0 * m**2 * kg**1 / s**2  = megatoe = Megaton of Oil Equivalent = http://qudt.org/vocab/unit/MegaTOE
MegaV_A_HR = 3600000000.0 * m**2 * kg**1 / s**2  = _ = Megavolt Ampere Hour = http://qudt.org/vocab/unit/MegaV-A-HR
MegaV_A_Reactive_HR = 3600000000.0 * m**2 * kg**1 / s**2  = _ = Megavolt Ampere Reactive Hour = http://qudt.org/vocab/unit/MegaV-A_Reactive-HR
MegaW_HR = 3600000000.0 * m**2 * kg**1 / s**2  = _ = Megawatt Hour = http://qudt.org/vocab/unit/MegaW-HR
MicroJ = 0.000001 * m**2 * kg**1 / s**2 ; offset: 0.0 = _ = Micro Joule = Mikrojoule  = http://qudt.org/vocab/unit/MicroJ
MicroN_M = 0.000001 * m**2 * kg**1 / s**2  = _ = Micronewton Meter = Micronewton Metre = http://qudt.org/vocab/unit/MicroN-M
MilliJ = 0.001 * m**2 * kg**1 / s**2  = _ = Millijoule = http://qudt.org/vocab/unit/MilliJ
MilliN_M = 0.001 * m**2 * kg**1 / s**2  = _ = Millinewton Meter = Millinewton Metre = http://qudt.org/vocab/unit/MilliN-M
N_CentiM = 0.01 * m**2 * kg**1 / s**2  = _ = Newton Centimeter = Newton Centimetre = http://qudt.org/vocab/unit/N-CentiM
N_M = 1.0 * m**2 * kg**1 / s**2  = N m = Newton Meter = Newton Metre = http://qudt.org/vocab/unit/N-M
N_M_PER_RAD = 1.0 * m**2 * kg**1 / s**2 ; offset: 0.0 = _ = Newton meter per radian = Newton metre per radian = Newtonmeter pro Radian = http://qudt.org/vocab/unit/N-M-PER-RAD
OZ_F_IN = 0.0706155243 * m**2 * kg**1 / s**2  = _ = Imperial Ounce Force Inch = http://qudt.org/vocab/unit/OZ_F-IN
PetaJ = 1000000000000000.0 * m**2 * kg**1 / s**2  = _ = Petajoule = http://qudt.org/vocab/unit/PetaJ
PlanckEnergy = 1956100000.0 * m**2 * kg**1 / s**2  = Eᵨ = Planck Energy = http://qudt.org/vocab/unit/PlanckEnergy
QUAD = 1055000000000000000.0 * m**2 * kg**1 / s**2  = quad = Quad = http://qudt.org/vocab/unit/QUAD
THM_EEC = 1 * m**2 * kg**1 / s**2  = _ = http://qudt.org/vocab/unit/THM_EEC
THM_US = 105480400.0 * m**2 * kg**1 / s**2  = thm = Therm US = http://qudt.org/vocab/unit/THM_US
TOE = 41868000000.0 * m**2 * kg**1 / s**2  = toe = Ton of Oil Equivalent = http://qudt.org/vocab/unit/TOE
TeraJ = 1000000000000.0 * m**2 * kg**1 / s**2  = _ = Terajoule = http://qudt.org/vocab/unit/TeraJ
TeraW_HR = 3600000000000000.0 * m**2 * kg**1 / s**2  = _ = Terawatt Hour = http://qudt.org/vocab/unit/TeraW-HR
TonEnergy = 4184000000.0 * m**2 * kg**1 / s**2  = _ = Ton Energy = http://qudt.org/vocab/unit/TonEnergy
V_A_HR = 3600.0 * m**2 * kg**1 / s**2  = _ = Volt Ampere Hour = http://qudt.org/vocab/unit/V-A-HR
V_A_Reactive_HR = 3600.0 * m**2 * kg**1 / s**2  = _ = Volt Ampere Reactive Hour = http://qudt.org/vocab/unit/V-A_Reactive-HR
W_HR = 3600.0 * m**2 * kg**1 / s**2  = W-hr = Watthour = http://qudt.org/vocab/unit/W-HR
W_SEC = 1.0 * m**2 * kg**1 / s**2  = _ = Watt Second = http://qudt.org/vocab/unit/W-SEC
AttoJ_SEC = 1E-18 * m**2 * kg**1 / s**1  = _ = Attojoule Second = http://qudt.org/vocab/unit/AttoJ-SEC
ERG_SEC = 1E-7 * m**2 * kg**1 / s**1  = erg s = Erg Second = http://qudt.org/vocab/unit/ERG-SEC
EV_SEC = 1.602176634E-19 * m**2 * kg**1 / s**1  = eV s = Electron Volt Second = http://qudt.org/vocab/unit/EV-SEC
FT_LB_F_SEC = 1 * m**2 * kg**1 / s**1  = _ = Foot Pound Force Second = http://qudt.org/vocab/unit/FT-LB_F-SEC
J_SEC = 1.0 * m**2 * kg**1 / s**1  = J s = Joule Second = http://qudt.org/vocab/unit/J-SEC
KiloGM_M2_PER_SEC = 1.0 * m**2 * kg**1 / s**1  = _ = Kilogram Square Meter Per Second = Kilogram Square Metre Per Second = http://qudt.org/vocab/unit/KiloGM-M2-PER-SEC
N_M_SEC = 1.0 * m**2 * kg**1 / s**1  = N-m-sec = Newton Meter Second = Newton Metre Second = http://qudt.org/vocab/unit/N-M-SEC
N_M_SEC_PER_RAD = 1.0 * m**2 * kg**1 / s**1 ; offset: 0.0 = _ = Newton meter seconds per radian = Newton metre seconds per radian = Newtonmetersekunden pro Radian = http://qudt.org/vocab/unit/N-M-SEC-PER-RAD
BAR_L_PER_SEC = 100.0 * m**2 * kg**1 / s**3  = _ = Bar Liter Per Second = Bar Litre Per Second = http://qudt.org/vocab/unit/BAR-L-PER-SEC
BAR_M3_PER_SEC = 100.0 * m**2 * kg**1 / s**3  = _ = Bar Cubic Meter Per Second = Bar Cubic Metre Per Second = http://qudt.org/vocab/unit/BAR-M3-PER-SEC
BTU_IT_PER_HR = 0.29307107 * m**2 * kg**1 / s**3  = _ = BTU per Hour = http://qudt.org/vocab/unit/BTU_IT-PER-HR
BTU_IT_PER_MIN = 17.58 * m**2 * kg**1 / s**3  = _ = British Thermal Unit (international Table) Per Minute = http://qudt.org/vocab/unit/BTU_IT-PER-MIN
BTU_IT_PER_SEC = 1055.05585262 * m**2 * kg**1 / s**3  = _ = BTU per Second = http://qudt.org/vocab/unit/BTU_IT-PER-SEC
BTU_TH_PER_HR = 0.2929 * m**2 * kg**1 / s**3  = _ = British Thermal Unit (thermochemical) Per Hour = http://qudt.org/vocab/unit/BTU_TH-PER-HR
BTU_TH_PER_MIN = 17.573 * m**2 * kg**1 / s**3  = _ = British Thermal Unit (thermochemical) Per Minute = http://qudt.org/vocab/unit/BTU_TH-PER-MIN
BTU_TH_PER_SEC = 1054.35 * m**2 * kg**1 / s**3  = _ = British Thermal Unit (thermochemical) Per Second = http://qudt.org/vocab/unit/BTU_TH-PER-SEC
CAL_TH_PER_MIN = 0.06973 * m**2 * kg**1 / s**3  = _ = Calorie (thermochemical) Per Minute = http://qudt.org/vocab/unit/CAL_TH-PER-MIN
CAL_TH_PER_SEC = 4.184 * m**2 * kg**1 / s**3  = _ = Calorie (thermochemical) Per Second = http://qudt.org/vocab/unit/CAL_TH-PER-SEC
ERG_PER_SEC = 1E-7 * m**2 * kg**1 / s**3  = _ = Erg per Second = http://qudt.org/vocab/unit/ERG-PER-SEC
FT_LB_F_PER_HR = 0.00376616129 * m**2 * kg**1 / s**3  = _ = Foot Pound Force per Hour = http://qudt.org/vocab/unit/FT-LB_F-PER-HR
FT_LB_F_PER_MIN = 0.0225969678 * m**2 * kg**1 / s**3  = _ = Foot Pound Force per Minute = http://qudt.org/vocab/unit/FT-LB_F-PER-MIN
FT_LB_F_PER_SEC = 1.35581807 * m**2 * kg**1 / s**3  = _ = Foot Pound Force per Second = http://qudt.org/vocab/unit/FT-LB_F-PER-SEC
GigaW = 1000000000.0 * m**2 * kg**1 / s**3  = _ = Gigawatt = http://qudt.org/vocab/unit/GigaW
HP = 745.6999 * m**2 * kg**1 / s**3  = _ = Horsepower = http://qudt.org/vocab/unit/HP = hp
HP_Boiler = 9809.5 * m**2 * kg**1 / s**3  = _ = Boiler Horsepower = http://qudt.org/vocab/unit/HP_Boiler
HP_Brake = 9809.5 * m**2 * kg**1 / s**3  = _ = Horsepower (brake) = http://qudt.org/vocab/unit/HP_Brake
HP_Electric = 746.0 * m**2 * kg**1 / s**3  = _ = Horsepower (electric) = http://qudt.org/vocab/unit/HP_Electric
HP_Metric = 735.4988 * m**2 * kg**1 / s**3  = _ = Horsepower (metric) = http://qudt.org/vocab/unit/HP_Metric
J_PER_HR = 3600.0 * m**2 * kg**1 / s**3  = _ = Joule Per Hour = http://qudt.org/vocab/unit/J-PER-HR
J_PER_SEC = 1.0 * m**2 * kg**1 / s**3  = _ = Joule Per Second = http://qudt.org/vocab/unit/J-PER-SEC
KiloCAL_PER_MIN = 69.7333333 * m**2 * kg**1 / s**3  = _ = Kilocalorie Per Minute = http://qudt.org/vocab/unit/KiloCAL-PER-MIN
KiloCAL_PER_SEC = 4184.0 * m**2 * kg**1 / s**3  = _ = Kilocalorie Per Second = http://qudt.org/vocab/unit/KiloCAL-PER-SEC
KiloCAL_TH_PER_HR = 1.162230555555556 * m**2 * kg**1 / s**3  = _ = Kilocalorie (thermochemical) Per Hour = http://qudt.org/vocab/unit/KiloCAL_TH-PER-HR
KiloCAL_TH_PER_MIN = 69.73383333333334 * m**2 * kg**1 / s**3  = _ = Kilocalorie (thermochemical) Per Minute = http://qudt.org/vocab/unit/KiloCAL_TH-PER-MIN
KiloCAL_TH_PER_SEC = 4184.0 * m**2 * kg**1 / s**3  = _ = Kilocalorie (thermochemical) Per Second = http://qudt.org/vocab/unit/KiloCAL_TH-PER-SEC
KiloGM_F_M_PER_SEC = 9.80665 * m**2 * kg**1 / s**3  = _ = Kilogram?force Meter Per Second = Kilogram?force Metre Per Second = http://qudt.org/vocab/unit/KiloGM_F-M-PER-SEC
KiloV_A = 1000.0 * m**2 * kg**1 / s**3  = _ = Kilovolt Ampere = http://qudt.org/vocab/unit/KiloV-A
KiloV_A_Reactive = 1000.0 * m**2 * kg**1 / s**3  = _ = Kilovolt Ampere Reactive = http://qudt.org/vocab/unit/KiloV-A_Reactive
KiloW = 1000.0 * m**2 * kg**1 / s**3  = kW = Kilowatt = http://qudt.org/vocab/unit/KiloW
MegaJ_PER_SEC = 1000000.0 * m**2 * kg**1 / s**3  = _ = Megajoule Per Second = http://qudt.org/vocab/unit/MegaJ-PER-SEC
MegaPA_L_PER_SEC = 1000.0 * m**2 * kg**1 / s**3  = _ = Megapascal Liter Per Second = Megapascal Litre Per Second = http://qudt.org/vocab/unit/MegaPA-L-PER-SEC
MegaPA_M3_PER_SEC = 1000000.0 * m**2 * kg**1 / s**3  = _ = Megapascal Cubic Meter Per Second = Megapascal Cubic Metre Per Second = http://qudt.org/vocab/unit/MegaPA-M3-PER-SEC
MegaV_A = 1000000.0 * m**2 * kg**1 / s**3  = _ = Megavolt Ampere = http://qudt.org/vocab/unit/MegaV-A
MegaV_A_Reactive = 1000000.0 * m**2 * kg**1 / s**3  = _ = Megavolt Ampere Reactive = http://qudt.org/vocab/unit/MegaV-A_Reactive
MegaW = 1 * m**2 * kg**1 / s**3  = _ = http://qudt.org/vocab/unit/MegaW
MicroW = 0.000001 * m**2 * kg**1 / s**3  = _ = Microwatt = http://qudt.org/vocab/unit/MicroW
MilliBAR_L_PER_SEC = 0.1 * m**2 * kg**1 / s**3  = _ = Millibar Liter Per Second = Millibar Litre Per Second = http://qudt.org/vocab/unit/MilliBAR-L-PER-SEC
MilliBAR_M3_PER_SEC = 100.0 * m**2 * kg**1 / s**3  = _ = Millibar Cubic Meter Per Second = Millibar Cubic Metre Per Second = http://qudt.org/vocab/unit/MilliBAR-M3-PER-SEC
MilliW = 1 * m**2 * kg**1 / s**3  = _ = http://qudt.org/vocab/unit/MilliW
NanoW = 1E-9 * m**2 * kg**1 / s**3  = _ = Nanowatt = http://qudt.org/vocab/unit/NanoW
PA_L_PER_SEC = 0.001 * m**2 * kg**1 / s**3  = _ = Pascal Liter Per Second = Pascal Litre Per Second = http://qudt.org/vocab/unit/PA-L-PER-SEC
PA_M3_PER_SEC = 1.0 * m**2 * kg**1 / s**3  = _ = Pascal Cubic Meter Per Second = Pascal Cubic Metre Per Second = http://qudt.org/vocab/unit/PA-M3-PER-SEC
PSI_IN3_PER_SEC = 0.1129848 * m**2 * kg**1 / s**3  = _ = Psi Cubic Inch Per Second = http://qudt.org/vocab/unit/PSI-IN3-PER-SEC
PSI_M3_PER_SEC = 6894.757 * m**2 * kg**1 / s**3  = _ = PSI Cubic Meter Per Second = PSI Cubic Metre Per Second = http://qudt.org/vocab/unit/PSI-M3-PER-SEC
PSI_YD3_PER_SEC = 5271.42 * m**2 * kg**1 / s**3  = _ = Psi Cubic Yard Per Second = http://qudt.org/vocab/unit/PSI-YD3-PER-SEC
PicoW = 1E-12 * m**2 * kg**1 / s**3  = _ = Picowatt = http://qudt.org/vocab/unit/PicoW
PlanckPower = 36283100000000000000000000000000000000000000000000000.0 * m**2 * kg**1 / s**3  = _ = Planck Power = http://qudt.org/vocab/unit/PlanckPower
TON_FG = 3516.853 * m**2 * kg**1 / s**3  = _ = Ton of Refrigeration = http://qudt.org/vocab/unit/TON_FG
TeraW = 1000000000000.0 * m**2 * kg**1 / s**3  = _ = Terawatt = http://qudt.org/vocab/unit/TeraW
V_A = 1.0 * m**2 * kg**1 / s**3  = _ = Volt Ampere = http://qudt.org/vocab/unit/V-A = VA
V_A_Reactive = 1.0 * m**2 * kg**1 / s**3  = _ = Volt Ampere Reactive = http://qudt.org/vocab/unit/V-A_Reactive
W = 1.0 * m**2 * kg**1 / s**3  = _ = Watt = http://qudt.org/vocab/unit/W
W_PER_SR = 1.0 * m**2 * kg**1 / s**3  = _ = Watt per Steradian = http://qudt.org/vocab/unit/W-PER-SR
BAR_PER_K = 100000.0 / m**1 * kg**1 / K**1 / s**2  = _ = Bar Per Kelvin = http://qudt.org/vocab/unit/BAR-PER-K
HectoPA_PER_K = 100.0 / m**1 * kg**1 / K**1 / s**2  = _ = Hectopascal Per Kelvin = http://qudt.org/vocab/unit/HectoPA-PER-K
J_PER_M3_K = 1.0 / m**1 * kg**1 / K**1 / s**2  = _ = Joule per Cubic Meter Kelvin = Joule per Cubic Metre Kelvin = http://qudt.org/vocab/unit/J-PER-M3-K
KiloPA_PER_K = 1000.0 / m**1 * kg**1 / K**1 / s**2  = _ = Kilopascal Per Kelvin = http://qudt.org/vocab/unit/KiloPA-PER-K
LB_F_PER_IN2_DEG_F = 12410.56 / m**1 * kg**1 / K**1 / s**2  = _ = Pound Force Per Square Inch Degree Fahrenheit = http://qudt.org/vocab/unit/LB_F-PER-IN2-DEG_F
MegaPA_PER_K = 1000000.0 / m**1 * kg**1 / K**1 / s**2  = _ = Megapascal Per Kelvin = http://qudt.org/vocab/unit/MegaPA-PER-K
MilliBAR_PER_K = 100.0 / m**1 * kg**1 / K**1 / s**2  = _ = Millibar Per Kelvin = http://qudt.org/vocab/unit/MilliBAR-PER-K
PA_PER_K = 1 / m**1 * kg**1 / K**1 / s**2  = _ = Pascal per Kelvin = http://qudt.org/vocab/unit/PA-PER-K
BBL_UK_PET_PER_DAY = 0.000001841587 * m**3 / s**1  = _ = Barrel (UK Petroleum) Per Day = http://qudt.org/vocab/unit/BBL_UK_PET-PER-DAY
BBL_UK_PET_PER_HR = 0.0000441981 * m**3 / s**1  = _ = Barrel (UK Petroleum) Per Hour = http://qudt.org/vocab/unit/BBL_UK_PET-PER-HR
BBL_UK_PET_PER_MIN = 0.002651886 * m**3 / s**1  = _ = Barrel (UK Petroleum) Per Minute = http://qudt.org/vocab/unit/BBL_UK_PET-PER-MIN
BBL_UK_PET_PER_SEC = 0.1591132 * m**3 / s**1  = _ = Barrel (UK Petroleum) Per Second = http://qudt.org/vocab/unit/BBL_UK_PET-PER-SEC
BBL_US_PER_DAY = 0.00000184 * m**3 / s**1  = _ = Barrel (US) Per Day = http://qudt.org/vocab/unit/BBL_US-PER-DAY
BBL_US_PER_MIN = 0.0026498 * m**3 / s**1  = _ = Barrel (US) Per Minute = http://qudt.org/vocab/unit/BBL_US-PER-MIN
BBL_US_PET_PER_HR = 0.000044163 * m**3 / s**1  = _ = Barrel (US Petroleum) Per Hour = http://qudt.org/vocab/unit/BBL_US_PET-PER-HR
BBL_US_PET_PER_SEC = 0.1589873 * m**3 / s**1  = _ = Barrel (US Petroleum) Per Second = http://qudt.org/vocab/unit/BBL_US_PET-PER-SEC
BU_UK_PER_DAY = 4.209343E-7 * m**3 / s**1  = _ = Bushel (UK) Per Day = http://qudt.org/vocab/unit/BU_UK-PER-DAY
BU_UK_PER_HR = 0.00001010242 * m**3 / s**1  = _ = Bushel (UK) Per Hour = http://qudt.org/vocab/unit/BU_UK-PER-HR
BU_UK_PER_MIN = 0.0006061453 * m**3 / s**1  = _ = Bushel (UK) Per Minute = http://qudt.org/vocab/unit/BU_UK-PER-MIN
BU_UK_PER_SEC = 0.03636872 * m**3 / s**1  = _ = Bushel (UK) Per Second = http://qudt.org/vocab/unit/BU_UK-PER-SEC
BU_US_DRY_PER_DAY = 4.0786E-7 * m**3 / s**1  = _ = Bushel (US Dry) Per Day = http://qudt.org/vocab/unit/BU_US_DRY-PER-DAY
BU_US_DRY_PER_HR = 0.000009789 * m**3 / s**1  = _ = Bushel (US Dry) Per Hour = http://qudt.org/vocab/unit/BU_US_DRY-PER-HR
BU_US_DRY_PER_MIN = 0.00058732 * m**3 / s**1  = _ = Bushel (US Dry) Per Minute = http://qudt.org/vocab/unit/BU_US_DRY-PER-MIN
BU_US_DRY_PER_SEC = 0.03523907 * m**3 / s**1  = _ = Bushel (US Dry) Per Second = http://qudt.org/vocab/unit/BU_US_DRY-PER-SEC
CentiM3_PER_DAY = 1.157407E-11 * m**3 / s**1  = _ = Cubic Centimeter Per Day = Cubic Centimetre Per Day = http://qudt.org/vocab/unit/CentiM3-PER-DAY
CentiM3_PER_HR = 2.777778E-10 * m**3 / s**1  = _ = Cubic Centimeter Per Hour = Cubic Centimetre Per Hour = http://qudt.org/vocab/unit/CentiM3-PER-HR
CentiM3_PER_MIN = 1.666667E-8 * m**3 / s**1  = _ = Cubic Centimeter Per Minute = Cubic Centimetre Per Minute = http://qudt.org/vocab/unit/CentiM3-PER-MIN
CentiM3_PER_SEC = 0.000001 * m**3 / s**1  = _ = Cubic Centimeter Per Second = Cubic Centimetre Per Second = http://qudt.org/vocab/unit/CentiM3-PER-SEC
DeciM3_PER_DAY = 1.157407407E-8 * m**3 / s**1  = _ = Cubic Decimeter Per Day = Cubic Decimetre Per Day = http://qudt.org/vocab/unit/DeciM3-PER-DAY
DeciM3_PER_HR = 2.777778E-7 * m**3 / s**1  = _ = Cubic Decimeter Per Hour = Cubic Decimetre Per Hour = http://qudt.org/vocab/unit/DeciM3-PER-HR
DeciM3_PER_MIN = 0.00001666667 * m**3 / s**1  = _ = Cubic Decimeter Per Minute = Cubic Decimetre Per Minute = http://qudt.org/vocab/unit/DeciM3-PER-MIN
DeciM3_PER_SEC = 0.001 * m**3 / s**1  = _ = Cubic Decimeter Per Second = Cubic Decimetre Per Second = http://qudt.org/vocab/unit/DeciM3-PER-SEC
FT3_PER_DAY = 3.277413E-7 * m**3 / s**1  = _ = Cubic Foot Per Day = http://qudt.org/vocab/unit/FT3-PER-DAY
FT3_PER_HR = 0.000007865792 * m**3 / s**1  = _ = Cubic Foot Per Hour = http://qudt.org/vocab/unit/FT3-PER-HR
FT3_PER_MIN = 0.0004719474432000001 * m**3 / s**1  = _ = Cubic Foot per Minute = http://qudt.org/vocab/unit/FT3-PER-MIN
FT3_PER_SEC = 0.028316846592000004 * m**3 / s**1  = _ = Cubic Foot per Second = http://qudt.org/vocab/unit/FT3-PER-SEC
GAL_UK_PER_DAY = 5.261678E-8 * m**3 / s**1  = _ = Gallon (UK) Per Day = http://qudt.org/vocab/unit/GAL_UK-PER-DAY
GAL_UK_PER_HR = 0.000001262803 * m**3 / s**1  = _ = Gallon (UK) Per Hour = http://qudt.org/vocab/unit/GAL_UK-PER-HR
GAL_UK_PER_MIN = 0.00007576817 * m**3 / s**1  = _ = Gallon (UK) Per Minute = http://qudt.org/vocab/unit/GAL_UK-PER-MIN
GAL_UK_PER_SEC = 0.00454609 * m**3 / s**1  = _ = Gallon (UK) Per Second = http://qudt.org/vocab/unit/GAL_UK-PER-SEC
GAL_US_PER_DAY = 4.38126389E-8 * m**3 / s**1  = _ = US Gallon per Day = http://qudt.org/vocab/unit/GAL_US-PER-DAY
GAL_US_PER_HR = 0.000001051503 * m**3 / s**1  = _ = Gallon (US) Per Hour = http://qudt.org/vocab/unit/GAL_US-PER-HR
GAL_US_PER_MIN = 0.0000630902 * m**3 / s**1  = _ = US Gallon per Minute = http://qudt.org/vocab/unit/GAL_US-PER-MIN
GAL_US_PER_SEC = 0.003785412 * m**3 / s**1  = _ = Gallon (US Liquid) Per Second = http://qudt.org/vocab/unit/GAL_US-PER-SEC
GI_UK_PER_DAY = 1.644274E-9 * m**3 / s**1  = _ = Gill (UK) Per Day = http://qudt.org/vocab/unit/GI_UK-PER-DAY
GI_UK_PER_HR = 3.946258E-8 * m**3 / s**1  = _ = Gill (UK) Per Hour = http://qudt.org/vocab/unit/GI_UK-PER-HR
GI_UK_PER_MIN = 0.000002367755 * m**3 / s**1  = _ = Gill (UK) Per Minute = http://qudt.org/vocab/unit/GI_UK-PER-MIN
GI_UK_PER_SEC = 0.0001420653 * m**3 / s**1  = _ = Gill (UK) Per Second = http://qudt.org/vocab/unit/GI_UK-PER-SEC
GI_US_PER_DAY = 1.369145E-9 * m**3 / s**1  = _ = Gill (US) Per Day = http://qudt.org/vocab/unit/GI_US-PER-DAY
GI_US_PER_HR = 3.285947E-8 * m**3 / s**1  = _ = Gill (US) Per Hour = http://qudt.org/vocab/unit/GI_US-PER-HR
GI_US_PER_MIN = 0.000001971568 * m**3 / s**1  = _ = Gill (US) Per Minute = http://qudt.org/vocab/unit/GI_US-PER-MIN
GI_US_PER_SEC = 0.0001182941 * m**3 / s**1  = _ = Gill (US) Per Second = http://qudt.org/vocab/unit/GI_US-PER-SEC
IN3_PER_HR = 4.551961E-9 * m**3 / s**1  = _ = Cubic Inch Per Hour = http://qudt.org/vocab/unit/IN3-PER-HR
IN3_PER_MIN = 2.7311773333333333E-7 * m**3 / s**1  = _ = Cubic Inch per Minute = http://qudt.org/vocab/unit/IN3-PER-MIN
IN3_PER_SEC = 0.00001638706 * m**3 / s**1  = _ = Cubic Inch Per Second = http://qudt.org/vocab/unit/IN3-PER-SEC
KiloL_PER_HR = 0.00277777777778 * m**3 / s**1  = _ = Kilolitre Per Hour = http://qudt.org/vocab/unit/KiloL-PER-HR
L_PER_DAY = 1.157407E-8 * m**3 / s**1  = _ = Liter Per Day = Litre Per Day = http://qudt.org/vocab/unit/L-PER-DAY
L_PER_HR = 2.777778E-7 * m**3 / s**1  = _ = Liter Per Hour = Litre Per Hour = http://qudt.org/vocab/unit/L-PER-HR
L_PER_MIN = 0.00001666667 * m**3 / s**1  = _ = Liter Per Minute = Litre Per Minute = http://qudt.org/vocab/unit/L-PER-MIN
L_PER_SEC = 0.001 * m**3 / s**1  = _ = Liter Per Second = Litre Per Second = http://qudt.org/vocab/unit/L-PER-SEC
M3_PER_DAY = 0.00001157407 * m**3 / s**1  = _ = Cubic Meter Per Day = Cubic Metre Per Day = http://qudt.org/vocab/unit/M3-PER-DAY
M3_PER_HR = 0.0002777777777777778 * m**3 / s**1  = _ = Cubic Meter per Hour = Cubic Metre per Hour = http://qudt.org/vocab/unit/M3-PER-HR
M3_PER_MIN = 0.01666667 * m**3 / s**1  = _ = Cubic Meter Per Minute = Cubic Metre Per Minute = http://qudt.org/vocab/unit/M3-PER-MIN
M3_PER_SEC = 1.0 * m**3 / s**1  = _ = Cubic Meter per Second = Cubic Metre per Second = http://qudt.org/vocab/unit/M3-PER-SEC
MilliL_PER_DAY = 1.157407E-11 * m**3 / s**1  = _ = Millilitre Per Day = http://qudt.org/vocab/unit/MilliL-PER-DAY
MilliL_PER_HR = 2.777778E-10 * m**3 / s**1  = _ = Millilitre Per Hour = http://qudt.org/vocab/unit/MilliL-PER-HR
MilliL_PER_MIN = 1.666667E-8 * m**3 / s**1  = _ = Millilitre Per Minute = http://qudt.org/vocab/unit/MilliL-PER-MIN
MilliL_PER_SEC = 0.000001 * m**3 / s**1  = _ = Millilitre Per Second = http://qudt.org/vocab/unit/MilliL-PER-SEC
OZ_VOL_UK_PER_DAY = 0.00000787487 * m**3 / s**1  = _ = Ounce (UK Fluid) Per Day = http://qudt.org/vocab/unit/OZ_VOL_UK-PER-DAY
OZ_VOL_UK_PER_HR = 0.00000787487 * m**3 / s**1  = _ = Ounce (UK Fluid) Per Hour = http://qudt.org/vocab/unit/OZ_VOL_UK-PER-HR
OZ_VOL_UK_PER_MIN = 0.00472492 * m**3 / s**1  = _ = Ounce (UK Fluid) Per Minute = http://qudt.org/vocab/unit/OZ_VOL_UK-PER-MIN
OZ_VOL_UK_PER_SEC = 0.0000284 * m**3 / s**1  = _ = Ounce (UK Fluid) Per Second = http://qudt.org/vocab/unit/OZ_VOL_UK-PER-SEC
OZ_VOL_US_PER_DAY = 3.42286E-10 * m**3 / s**1  = _ = Ounce (US Fluid) Per Day = http://qudt.org/vocab/unit/OZ_VOL_US-PER-DAY
OZ_VOL_US_PER_HR = 8.214869E-9 * m**3 / s**1  = _ = Ounce (US Fluid) Per Hour = http://qudt.org/vocab/unit/OZ_VOL_US-PER-HR
OZ_VOL_US_PER_MIN = 4.92892E-7 * m**3 / s**1  = _ = Ounce (US Fluid) Per Minute = http://qudt.org/vocab/unit/OZ_VOL_US-PER-MIN
OZ_VOL_US_PER_SEC = 0.0000295735296 * m**3 / s**1  = _ = Ounce (US Fluid) Per Second = http://qudt.org/vocab/unit/OZ_VOL_US-PER-SEC
PINT_UK_PER_DAY = 6.577098E-9 * m**3 / s**1  = _ = Pint (UK) Per Day = http://qudt.org/vocab/unit/PINT_UK-PER-DAY
PINT_UK_PER_HR = 1.578504E-7 * m**3 / s**1  = _ = Pint (UK) Per Hour = http://qudt.org/vocab/unit/PINT_UK-PER-HR
PINT_UK_PER_MIN = 0.000009471022 * m**3 / s**1  = _ = Pint (UK) Per Minute = http://qudt.org/vocab/unit/PINT_UK-PER-MIN
PINT_UK_PER_SEC = 0.0005682613 * m**3 / s**1  = _ = Pint (UK) Per Second = http://qudt.org/vocab/unit/PINT_UK-PER-SEC
PINT_US_PER_DAY = 5.47658E-9 * m**3 / s**1  = _ = Pint (US Liquid) Per Day = http://qudt.org/vocab/unit/PINT_US-PER-DAY
PINT_US_PER_HR = 1.314379E-7 * m**3 / s**1  = _ = Pint (US Liquid) Per Hour = http://qudt.org/vocab/unit/PINT_US-PER-HR
PINT_US_PER_MIN = 0.000007886275 * m**3 / s**1  = _ = Pint (US Liquid) Per Minute = http://qudt.org/vocab/unit/PINT_US-PER-MIN
PINT_US_PER_SEC = 0.0004731765 * m**3 / s**1  = _ = Pint (US Liquid) Per Second = http://qudt.org/vocab/unit/PINT_US-PER-SEC
PK_UK_PER_DAY = 1.05233576E-7 * m**3 / s**1  = _ = Peck (UK) Per Day = http://qudt.org/vocab/unit/PK_UK-PER-DAY
PK_UK_PER_HR = 0.000002525605833 * m**3 / s**1  = _ = Peck (UK) Per Hour = http://qudt.org/vocab/unit/PK_UK-PER-HR
PK_UK_PER_MIN = 0.00015153635 * m**3 / s**1  = _ = Peck (UK) Per Minute = http://qudt.org/vocab/unit/PK_UK-PER-MIN
PK_UK_PER_SEC = 0.009092181 * m**3 / s**1  = _ = Peck (UK) Per Second = http://qudt.org/vocab/unit/PK_UK-PER-SEC
PK_US_DRY_PER_DAY = 1.01964902E-7 * m**3 / s**1  = _ = Peck (US Dry) Per Day = http://qudt.org/vocab/unit/PK_US_DRY-PER-DAY
PK_US_DRY_PER_HR = 0.000002447157651 * m**3 / s**1  = _ = Peck (US Dry) Per Hour = http://qudt.org/vocab/unit/PK_US_DRY-PER-HR
PK_US_DRY_PER_MIN = 0.000146829459067 * m**3 / s**1  = _ = Peck (US Dry) Per Minute = http://qudt.org/vocab/unit/PK_US_DRY-PER-MIN
PK_US_DRY_PER_SEC = 0.00880976754 * m**3 / s**1  = _ = Peck (US Dry) Per Second = http://qudt.org/vocab/unit/PK_US_DRY-PER-SEC
QT_UK_PER_DAY = 1.31542E-8 * m**3 / s**1  = _ = Quart (UK Liquid) Per Day = http://qudt.org/vocab/unit/QT_UK-PER-DAY
QT_UK_PER_HR = 3.157007E-7 * m**3 / s**1  = _ = Quart (UK Liquid) Per Hour = http://qudt.org/vocab/unit/QT_UK-PER-HR
QT_UK_PER_MIN = 0.00001894205 * m**3 / s**1  = _ = Quart (UK Liquid) Per Minute = http://qudt.org/vocab/unit/QT_UK-PER-MIN
QT_UK_PER_SEC = 0.0011365225 * m**3 / s**1  = _ = Quart (UK Liquid) Per Second = http://qudt.org/vocab/unit/QT_UK-PER-SEC
QT_US_PER_DAY = 1.095316E-8 * m**3 / s**1  = _ = Quart (US Liquid) Per Day = http://qudt.org/vocab/unit/QT_US-PER-DAY
QT_US_PER_HR = 2.62875833E-7 * m**3 / s**1  = _ = Quart (US Liquid) Per Hour = http://qudt.org/vocab/unit/QT_US-PER-HR
QT_US_PER_MIN = 0.00001577255 * m**3 / s**1  = _ = Quart (US Liquid) Per Minute = http://qudt.org/vocab/unit/QT_US-PER-MIN
QT_US_PER_SEC = 0.000946353 * m**3 / s**1  = _ = Quart (US Liquid) Per Second = http://qudt.org/vocab/unit/QT_US-PER-SEC
YD3_PER_DAY = 0.00000884901456 * m**3 / s**1  = _ = Cubic Yard Per Day = http://qudt.org/vocab/unit/YD3-PER-DAY
YD3_PER_HR = 0.00021237634944 * m**3 / s**1  = _ = Cubic Yard Per Hour = http://qudt.org/vocab/unit/YD3-PER-HR
YD3_PER_MIN = 0.0127425809664 * m**3 / s**1  = _ = Cubic Yard per Minute = http://qudt.org/vocab/unit/YD3-PER-MIN
YD3_PER_SEC = 0.764554857984 * m**3 / s**1  = _ = Cubic Yard Per Second = http://qudt.org/vocab/unit/YD3-PER-SEC
BEAT_PER_MIN = 1 / s**1  = beats-per-min = Heart Beats per Minute = http://qudt.org/vocab/unit/BEAT-PER-MIN
BIT_PER_SEC = 0.69314718055994530941723212145818 / s**1  = bit/s = Bit per Second = http://qudt.org/vocab/unit/BIT-PER-SEC = Bd
BQ = 1.0 / s**1  = Bq = Becquerel = http://qudt.org/vocab/unit/BQ
BREATH_PER_MIN = 1 / s**1  = _ = Breath per Minute = http://qudt.org/vocab/unit/BREATH-PER-MIN
CASES_PER_1000I_YR = 0.001 / s**1  = _ = Cases per 1000 individuals per year = http://qudt.org/vocab/unit/CASES-PER-1000I-YR
Ci = 37000000000.0 / s**1  = _ = Curie = http://qudt.org/vocab/unit/Ci
DEATHS_PER_1000000I_YR = 0.000001 / s**1  = _ = Deaths per Million individuals per year = http://qudt.org/vocab/unit/DEATHS-PER-1000000I-YR
DEATHS_PER_1000I_YR = 0.001 / s**1  = _ = Deaths per 1000 individuals per year = http://qudt.org/vocab/unit/DEATHS-PER-1000I-YR
DEG_PER_HR = 0.00000484813681 / s**1  = _ = Degree per Hour = http://qudt.org/vocab/unit/DEG-PER-HR
DEG_PER_MIN = 0.000290888209 / s**1  = _ = Degree per Minute = http://qudt.org/vocab/unit/DEG-PER-MIN
DEG_PER_SEC = 0.0174532925 / s**1  = _ = Degree per Second = http://qudt.org/vocab/unit/DEG-PER-SEC
FRAME_PER_SEC = 1 / s**1  = fps = Frame per Second = http://qudt.org/vocab/unit/FRAME-PER-SEC
GigaBIT_PER_SEC = 1E-9 / s**1  = Gbps = Gigabit per Second = http://qudt.org/vocab/unit/GigaBIT-PER-SEC
GigaBQ = 1000000000.0 / s**1  = _ = Gigabecquerel = http://qudt.org/vocab/unit/GigaBQ
GigaHZ = 1000000000.0 / s**1  = GHz = Gigahertz = http://qudt.org/vocab/unit/GigaHZ
HART_PER_SEC = 1.0 / s**1  = _ = Hartley per Second = http://qudt.org/vocab/unit/HART-PER-SEC
HZ = 1.0 / s**1  = Hz = Hertz = http://qudt.org/vocab/unit/HZ
KiloBIT_PER_SEC = 0.001 / s**1  = _ = Kilobit per Second = http://qudt.org/vocab/unit/KiloBIT-PER-SEC
KiloBQ = 1000.0 / s**1  = _ = Kilobecquerel = http://qudt.org/vocab/unit/KiloBQ
KiloCi = 37000000000000.0 / s**1  = _ = Kilocurie = http://qudt.org/vocab/unit/KiloCi
KiloHZ = 1000.0 / s**1  = kHz = Kilohertz = http://qudt.org/vocab/unit/KiloHZ
MegaBIT_PER_SEC = 1 / s**1  = mbps = Megabit per Second = http://qudt.org/vocab/unit/MegaBIT-PER-SEC
MegaBQ = 1000000.0 / s**1  = _ = Megabecquerel = http://qudt.org/vocab/unit/MegaBQ
MegaHZ = 1000000.0 / s**1  = MHz = Megahertz = http://qudt.org/vocab/unit/MegaHZ
MicroBQ = 0.000001 / s**1  = _ = Microbecquerel = http://qudt.org/vocab/unit/MicroBQ
MicroCi = 37000.0 / s**1  = μCi = MicroCurie = http://qudt.org/vocab/unit/MicroCi
MicroMOL_PER_MicroMOL_DAY = 0.0000115740740740741 / s**1  = _ = Micromole per micromole of biomass per day = http://qudt.org/vocab/unit/MicroMOL-PER-MicroMOL-DAY
MilliCi = 37000000.0 / s**1  = _ = Millicurie = http://qudt.org/vocab/unit/MilliCi
NUM_PER_HR = 0.000277777777777778 / s**1  = _ = Number per hour = Number per individual per hour = http://qudt.org/vocab/unit/NUM-PER-HR
NUM_PER_SEC = 1.0 / s**1  = _ = Counts per second = http://qudt.org/vocab/unit/NUM-PER-SEC
NUM_PER_YR = 1 / s**1  = _ = Number per Year = http://qudt.org/vocab/unit/NUM-PER-YR
PER_DAY = 0.00001157407 / s**1  = _ = Reciprocal Day = http://qudt.org/vocab/unit/PER-DAY
PER_HR = 360.0 / s**1  = _ = Reciprocal Hour = http://qudt.org/vocab/unit/PER-HR
PER_MIN = 60.0 / s**1  = _ = Reciprocal Minute = http://qudt.org/vocab/unit/PER-MIN
PER_MO = 3.91935077E-7 / s**1  = _ = Reciprocal Month = http://qudt.org/vocab/unit/PER-MO
PER_MilliSEC = 1000.0 / s**1  = _ = Reciprocal millisecond = http://qudt.org/vocab/unit/PER-MilliSEC
PER_SEC = 1.0 / s**1  = _ = Reciprocal Second = http://qudt.org/vocab/unit/PER-SEC
PER_SEC_SR = 1.0 / s**1  = _ = Reciprocal Second Steradian = http://qudt.org/vocab/unit/PER-SEC-SR
PER_WK = 0.000001653439 / s**1  = _ = Reciprocal Week = http://qudt.org/vocab/unit/PER-WK
PER_YR = 3.1709792E-8 / s**1  = _ = Reciprocal Year = http://qudt.org/vocab/unit/PER-YR
PERCENT_PER_DAY = 0.0000115740740740741 / s**1  = _ = Percent per day = http://qudt.org/vocab/unit/PERCENT-PER-DAY
PERCENT_PER_HR = 0.000277777777777778 / s**1  = _ = Percent per hour = http://qudt.org/vocab/unit/PERCENT-PER-HR
PERCENT_PER_WK = 0.00000165343915343915 / s**1  = _ = Percent per week = http://qudt.org/vocab/unit/PERCENT-PER-WK
PPTH_PER_HR = 2.77777777777778E-7 / s**1  = _ = Parts per thousand per hour = http://qudt.org/vocab/unit/PPTH-PER-HR
PlanckFrequency = 18548700000000000000000000000000000000000000.0 / s**1  = _ = Planck Frequency = http://qudt.org/vocab/unit/PlanckFrequency
PlanckFrequency_Ang = 1 / s**1  = _ = Planck Angular Frequency = http://qudt.org/vocab/unit/PlanckFrequency_Ang
RAD_PER_HR = 3600.0 / s**1  = _ = Radian per Hour = http://qudt.org/vocab/unit/RAD-PER-HR
RAD_PER_MIN = 60.0 / s**1  = _ = Radian per Minute = http://qudt.org/vocab/unit/RAD-PER-MIN
RAD_PER_SEC = 1.0 / s**1  = _ = radian per second = http://qudt.org/vocab/unit/RAD-PER-SEC
REV_PER_HR = 0.00174532925 / s**1  = _ = Revolution per Hour = http://qudt.org/vocab/unit/REV-PER-HR
REV_PER_MIN = 0.104719755 / s**1  = _ = Revolution per Minute = http://qudt.org/vocab/unit/REV-PER-MIN
REV_PER_SEC = 6.28318531 / s**1  = _ = Revolution per Second = http://qudt.org/vocab/unit/REV-PER-SEC
SAMPLE_PER_SEC = 1 / s**1  = _ = Sample per second = http://qudt.org/vocab/unit/SAMPLE-PER-SEC
SHANNON_PER_SEC = 1.0 / s**1  = _ = Shannon per Second = http://qudt.org/vocab/unit/SHANNON-PER-SEC
TeraHZ = 1000000000000.0 / s**1  = _ = Terahertz = http://qudt.org/vocab/unit/TeraHZ
failures_in_time = 0.0 / s**1  = _ = Failures In Time = http://qudt.org/vocab/unit/failures-in-time
BFT = 0.0 * m**1 / s**1  = _ = Beaufort = http://qudt.org/vocab/unit/BFT
CentiM_PER_HR = 0.000002777778 * m**1 / s**1  = _ = Centimeter Per Hour = Centimetre Per Hour = http://qudt.org/vocab/unit/CentiM-PER-HR
CentiM_PER_KiloYR = 3.16880878140289E-13 * m**1 / s**1  = _ = Centimetres per thousand years = http://qudt.org/vocab/unit/CentiM-PER-KiloYR
CentiM_PER_SEC = 0.01 * m**1 / s**1  = _ = centimeter per second = centimetre per second = http://qudt.org/vocab/unit/CentiM-PER-SEC
FT_PER_DAY = 0.00000352777777777778 * m**1 / s**1  = _ = Foot per Day = http://qudt.org/vocab/unit/FT-PER-DAY
FT_PER_HR = 0.00008466666666666667 * m**1 / s**1  = _ = Foot per Hour = http://qudt.org/vocab/unit/FT-PER-HR
FT_PER_MIN = 0.00508 * m**1 / s**1  = _ = Foot per Minute = http://qudt.org/vocab/unit/FT-PER-MIN
FT_PER_SEC = 0.3048 * m**1 / s**1  = _ = Foot per Second = http://qudt.org/vocab/unit/FT-PER-SEC
FT3_PER_MIN_FT2 = 0.00508 * m**1 / s**1  = _ = Cubic Foot Per Minute Square Foot = http://qudt.org/vocab/unit/FT3-PER-MIN-FT2
GigaC_PER_M3 = 1000000000.0 * m**1 / s**1  = _ = Gigacoulomb Per Cubic Meter = Gigacoulomb Per Cubic Metre = http://qudt.org/vocab/unit/GigaC-PER-M3
GigaHZ_M = 1000000000.0 * m**1 / s**1  = _ = Gigahertz Meter = Gigahertz Metre = http://qudt.org/vocab/unit/GigaHZ-M
HZ_M = 1.0 * m**1 / s**1  = _ = Hertz Meter = Hertz Metre = http://qudt.org/vocab/unit/HZ-M
IN_PER_SEC = 0.0254 * m**1 / s**1  = _ = Inch per Second = http://qudt.org/vocab/unit/IN-PER-SEC
KN = 0.5144444444444445 * m**1 / s**1  = kn = Knot = http://qudt.org/vocab/unit/KN = kt
KiloHZ_M = 1000.0 * m**1 / s**1  = _ = Kilohertz Meter = Kilohertz Metre = http://qudt.org/vocab/unit/KiloHZ-M
KiloM_PER_DAY = 0.0115740740740741 * m**1 / s**1  = _ = Kilometres per day = http://qudt.org/vocab/unit/KiloM-PER-DAY
KiloM_PER_HR = 0.2777777777777778 * m**1 / s**1  = _ = Kilometer per Hour = Kilometre per Hour = http://qudt.org/vocab/unit/KiloM-PER-HR
KiloM_PER_SEC = 1000.0 * m**1 / s**1  = _ = Kilometer per Second = Kilometre per Second = http://qudt.org/vocab/unit/KiloM-PER-SEC
L_PER_SEC_M2 = 0.001 * m**1 / s**1  = _ = Liter Per Second Per Square Meter = Litre Per Second Per Square Metre = http://qudt.org/vocab/unit/L-PER-SEC-M2
M_PER_HR = 0.000277777778 * m**1 / s**1  = _ = Meter per Hour = Metre per Hour = http://qudt.org/vocab/unit/M-PER-HR
M_PER_MIN = 0.0166666667 * m**1 / s**1  = _ = Meter per Minute = Metre per Minute = http://qudt.org/vocab/unit/M-PER-MIN
M_PER_SEC = 1.0 * m**1 / s**1  = _ = Meter per Second = Metre per Second = http://qudt.org/vocab/unit/M-PER-SEC
M_PER_YR = 3.16880878140289E-8 * m**1 / s**1  = _ = Metres per year = http://qudt.org/vocab/unit/M-PER-YR
MI_PER_HR = 0.44704 * m**1 / s**1  = _ = Mile per Hour = http://qudt.org/vocab/unit/MI-PER-HR
MI_PER_MIN = 26.8224 * m**1 / s**1  = _ = Mile per Minute = http://qudt.org/vocab/unit/MI-PER-MIN
MI_N_PER_HR = 1 * m**1 / s**1  = _ = Nautical Mile per Hour = http://qudt.org/vocab/unit/MI_N-PER-HR
MI_N_PER_MIN = 1 * m**1 / s**1  = _ = Nautical Mile per Minute = http://qudt.org/vocab/unit/MI_N-PER-MIN
MegaHZ_M = 1000000.0 * m**1 / s**1  = _ = Megahertz Meter = Megahertz Metre = http://qudt.org/vocab/unit/MegaHZ-M
MilliL_PER_CentiM2_MIN = 0.00016666667 * m**1 / s**1  = _ = Millilitre Per Square Centimeter Minute = Millilitre Per Square Centimetre Minute = http://qudt.org/vocab/unit/MilliL-PER-CentiM2-MIN
MilliL_PER_CentiM2_SEC = 0.01 * m**1 / s**1  = _ = Millilitre Per Square Centimeter Second = Millilitre Per Square Centimetre Second = http://qudt.org/vocab/unit/MilliL-PER-CentiM2-SEC
MilliL_PER_M2_DAY = 1.15740740740741E-11 * m**1 / s**1  = _ = Millilitres per square metre per day = http://qudt.org/vocab/unit/MilliL-PER-M2-DAY
MilliM_PER_DAY = 1.15741E-8 * m**1 / s**1  = mm/d = millimeters per day = millimetres per day = http://qudt.org/vocab/unit/MilliM-PER-DAY
MilliM_PER_HR = 2.777778E-7 * m**1 / s**1  = _ = Millimeter Per Hour = Millimetre Per Hour = http://qudt.org/vocab/unit/MilliM-PER-HR
MilliM_PER_MIN = 0.00001666667 * m**1 / s**1  = _ = Millimeter Per Minute = Millimetre Per Minute = http://qudt.org/vocab/unit/MilliM-PER-MIN
MilliM_PER_SEC = 0.001 * m**1 / s**1  = _ = Millimeter Per Second = Millimetre Per Second = http://qudt.org/vocab/unit/MilliM-PER-SEC
MilliM_PER_YR = 1.71E-12 * m**1 / s**1  = _ = Millimeter Per Year = Millimetre Per Year = http://qudt.org/vocab/unit/MilliM-PER-YR
W_PER_M2_PA = 1.0 * m**1 / s**1  = _ = Watt per Square Meter Pascal = Watt per Square Metre Pascal = http://qudt.org/vocab/unit/W-PER-M2-PA
BQ_PER_KiloGM = 1.0 / kg**1 / s**1  = _ = Becquerel per Kilogram = http://qudt.org/vocab/unit/BQ-PER-KiloGM
MicroBQ_PER_KiloGM = 0.000001 / kg**1 / s**1  = _ = Microbecquerels per kilogram = http://qudt.org/vocab/unit/MicroBQ-PER-KiloGM
MilliBQ_PER_GM = 1.0 / kg**1 / s**1  = _ = Millibecquerels per gram = http://qudt.org/vocab/unit/MilliBQ-PER-GM
MilliBQ_PER_KiloGM = 0.001 / kg**1 / s**1  = _ = Millibecquerels per kilogram = http://qudt.org/vocab/unit/MilliBQ-PER-KiloGM
BQ_PER_L = 1000.0 / m**3 / s**1  = _ = Becquerels per litre = http://qudt.org/vocab/unit/BQ-PER-L
BQ_PER_M3 = 1.0 / m**3 / s**1  = _ = Becquerel per Cubic Meter = Becquerel per Cubic Metre = http://qudt.org/vocab/unit/BQ-PER-M3
MicroBQ_PER_L = 0.001 / m**3 / s**1  = _ = Microbecquerels per litre = http://qudt.org/vocab/unit/MicroBQ-PER-L
MilliBQ_PER_L = 1.0 / m**3 / s**1  = _ = Millibecquerels per litre = http://qudt.org/vocab/unit/MilliBQ-PER-L
NanoBQ_PER_L = 0.000001 / m**3 / s**1  = _ = Nanobecquerels per litre = http://qudt.org/vocab/unit/NanoBQ-PER-L
PER_M3_SEC = 1.0 / m**3 / s**1  = _ = Reciprocal Cubic Meter Second = Reciprocal Cubic Metre Second = Reciprocal cubic metre per second = http://qudt.org/vocab/unit/PER-M3-SEC
BQ_PER_M2 = 1.0 / m**2 / s**1  = _ = Becquerel per Square Meter = Becquerel per Square Metre = http://qudt.org/vocab/unit/BQ-PER-M2
MicroM_PER_L_DAY = 1.15740740740741E-8 / m**2 / s**1  = _ = Micromoles per litre per day = http://qudt.org/vocab/unit/MicroM-PER-L-DAY
NUM_PER_M2_DAY = 0.0000115740740740741 / m**2 / s**1  = _ = Number per square metre per day = http://qudt.org/vocab/unit/NUM-PER-M2-DAY
PER_M2_SEC = 1.0 / m**2 / s**1  = _ = Reciprocal Square Meter Second = Reciprocal Square Metre Second = Reciprocal square metre per second = http://qudt.org/vocab/unit/PER-M2-SEC
PER_SEC_M2 = 1.0 / m**2 / s**1  = _ = Reciprocal Second Square Meter = Reciprocal Second Square Metre = http://qudt.org/vocab/unit/PER-SEC-M2
PER_SEC_M2_SR = 1.0 / m**2 / s**1  = _ = Reciprocal Second Square Meter Steradian = Reciprocal Second Square Metre Steradian = http://qudt.org/vocab/unit/PER-SEC-M2-SR
BQ_SEC_PER_M3 = 1.0 / m**3  = _ = Becquerels second per cubic metre = http://qudt.org/vocab/unit/BQ-SEC-PER-M3
NUM_PER_L = 1000.0 / m**3  = _ = Number per litre = http://qudt.org/vocab/unit/NUM-PER-L
NUM_PER_M3 = 1.0 / m**3  = _ = Number per cubic metre = http://qudt.org/vocab/unit/NUM-PER-M3
NUM_PER_MicroL = 1000000000.0 / m**3  = _ = Number per microlitre = http://qudt.org/vocab/unit/NUM-PER-MicroL
NUM_PER_NanoL = 2147483647.0 / m**3  = _ = Number per nanolitre = http://qudt.org/vocab/unit/NUM-PER-NanoL
PER_CentiM3 = 1000000.0 / m**3  = _ = Reciprocal Cubic Centimeter = Reciprocal Cubic Centimetre = http://qudt.org/vocab/unit/PER-CentiM3
PER_FT3 = 35.31466 / m**3  = _ = Reciprocal Cubic Foot = http://qudt.org/vocab/unit/PER-FT3
PER_IN3 = 61023.76 / m**3  = _ = Reciprocal Cubic Inch = http://qudt.org/vocab/unit/PER-IN3
PER_L = 1000.0 / m**3  = _ = Reciprocal Liter = Reciprocal Litre = http://qudt.org/vocab/unit/PER-L
PER_M3 = 1.0 / m**3  = _ = Reciprocal Cubic Meter = Reciprocal Cubic Metre = http://qudt.org/vocab/unit/PER-M3
PER_MilliM3 = 1000000000.0 / m**3  = _ = Reciprocal Cubic Millimeter = Reciprocal Cubic Millimetre = http://qudt.org/vocab/unit/PER-MilliM3
PER_YD3 = 1.307951 / m**3  = _ = Reciprocal Cubic Yard = http://qudt.org/vocab/unit/PER-YD3
BTU_IT_FT = 321.581024 * m**3 * kg**1 / s**2  = _ = BTU Foot = http://qudt.org/vocab/unit/BTU_IT-FT
BTU_IT_IN = 26.7984187 * m**3 * kg**1 / s**2  = _ = BTU Inch = http://qudt.org/vocab/unit/BTU_IT-IN
MegaEV_FemtoM = 1.602176634E-28 * m**3 * kg**1 / s**2  = MeV fm = Mega Electron Volt Femtometer = Mega Electron Volt Femtometre = http://qudt.org/vocab/unit/MegaEV-FemtoM
BTU_IT_FT_PER_FT2_HR_DEG_F = 1.730734666 * m**1 * kg**1 / K**1 / s**3  = _ = BTU (IT) Foot per Square Foot Hour Degree Fahrenheit = http://qudt.org/vocab/unit/BTU_IT-FT-PER-FT2-HR-DEG_F
BTU_IT_IN_PER_FT2_HR_DEG_F = 0.144227889 * m**1 * kg**1 / K**1 / s**3  = _ = British Thermal Unit (international Table) Inch Per Hour Square Foot Degree Fahrenheit = http://qudt.org/vocab/unit/BTU_IT-IN-PER-FT2-HR-DEG_F
BTU_IT_IN_PER_FT2_SEC_DEG_F = 519.220399911 * m**1 * kg**1 / K**1 / s**3  = _ = BTU (IT) Inch per Square Foot Second Degree Fahrenheit = http://qudt.org/vocab/unit/BTU_IT-IN-PER-FT2-SEC-DEG_F
BTU_IT_IN_PER_HR_FT2_DEG_F = 0.1442279 * m**1 * kg**1 / K**1 / s**3  = _ = British Thermal Unit (international Table) Inch Per Hour Square Foot degree Fahrenheit = http://qudt.org/vocab/unit/BTU_IT-IN-PER-HR-FT2-DEG_F
BTU_IT_IN_PER_SEC_FT2_DEG_F = 519.2204 * m**1 * kg**1 / K**1 / s**3  = _ = British Thermal Unit (international Table) Inch Per Second Square Foot degree Fahrenheit = http://qudt.org/vocab/unit/BTU_IT-IN-PER-SEC-FT2-DEG_F
BTU_IT_PER_SEC_FT_DEG_R = 178.66 * m**1 * kg**1 / K**1 / s**3  = _ = British Thermal Unit (international Table) Per Second Foot Degree Rankine = http://qudt.org/vocab/unit/BTU_IT-PER-SEC-FT-DEG_R
BTU_TH_FT_PER_FT2_HR_DEG_F = 1.729577206 * m**1 * kg**1 / K**1 / s**3  = _ = BTU (TH) Foot per Square Foot Hour Degree Fahrenheit = http://qudt.org/vocab/unit/BTU_TH-FT-PER-FT2-HR-DEG_F
BTU_TH_FT_PER_HR_FT2_DEG_F = 1.73 * m**1 * kg**1 / K**1 / s**3  = _ = British Thermal Unit (thermochemical) Foot Per Hour Square Foot degree Fahrenheit = http://qudt.org/vocab/unit/BTU_TH-FT-PER-HR-FT2-DEG_F
BTU_TH_IN_PER_FT2_HR_DEG_F = 0.144131434 * m**1 * kg**1 / K**1 / s**3  = _ = BTU (TH) Inch per Square Foot Hour Degree Fahrenheit = http://qudt.org/vocab/unit/BTU_TH-IN-PER-FT2-HR-DEG_F
BTU_TH_IN_PER_FT2_SEC_DEG_F = 518.8732 * m**1 * kg**1 / K**1 / s**3  = _ = BTU (TH) Inch per Square Foot Second Degree Fahrenheit = http://qudt.org/vocab/unit/BTU_TH-IN-PER-FT2-SEC-DEG_F
CAL_IT_PER_SEC_CentiM_K = 418.68 * m**1 * kg**1 / K**1 / s**3  = _ = Calorie (international Table) Per Second Centimeter Kelvin = Calorie (international Table) Per Second Centimetre Kelvin = http://qudt.org/vocab/unit/CAL_IT-PER-SEC-CentiM-K
CAL_TH_PER_CentiM_SEC_DEG_C = 418.4 * m**1 * kg**1 / K**1 / s**3  = _ = Calorie (thermochemical) Per Centimeter Second Degree Celsius = Calorie (thermochemical) Per Centimetre Second Degree Celsius = http://qudt.org/vocab/unit/CAL_TH-PER-CentiM-SEC-DEG_C
CAL_TH_PER_SEC_CentiM_K = 418.4 * m**1 * kg**1 / K**1 / s**3  = _ = Calorie (thermochemical) Per Second Centimeter Kelvin = Calorie (thermochemical) Per Second Centimetre Kelvin = http://qudt.org/vocab/unit/CAL_TH-PER-SEC-CentiM-K
KiloCAL_PER_CentiM_SEC_DEG_C = 1 * m**1 * kg**1 / K**1 / s**3  = _ = Kilocalorie per Centimeter Second Degree Celsius = Kilocalorie per Centimetre Second Degree Celsius = http://qudt.org/vocab/unit/KiloCAL-PER-CentiM-SEC-DEG_C
KiloCAL_IT_PER_HR_M_DEG_C = 1.163 * m**1 * kg**1 / K**1 / s**3  = _ = Kilocalorie (international Table) Per Hour Meter Degree Celsius = Kilocalorie (international Table) Per Hour Metre Degree Celsius = http://qudt.org/vocab/unit/KiloCAL_IT-PER-HR-M-DEG_C
W_PER_M_K = 1.0 * m**1 * kg**1 / K**1 / s**3  = _ = Watt per Meter Kelvin = Watt per Metre Kelvin = http://qudt.org/vocab/unit/W-PER-M-K
BTU_IT_PER_DEG_F = 1899.100535 * m**2 * kg**1 / K**1 / s**2  = _ = BTU (IT) per Degree Fahrenheit = http://qudt.org/vocab/unit/BTU_IT-PER-DEG_F
BTU_IT_PER_DEG_R = 1899.100535 * m**2 * kg**1 / K**1 / s**2  = _ = BTU per Degree Rankine = http://qudt.org/vocab/unit/BTU_IT-PER-DEG_R
EV_PER_K = 1.602176634E-19 * m**2 * kg**1 / K**1 / s**2  = _ = Electron Volt per Kelvin = http://qudt.org/vocab/unit/EV-PER-K
J_PER_K = 1.0 * m**2 * kg**1 / K**1 / s**2  = _ = Joule per Kelvin = http://qudt.org/vocab/unit/J-PER-K
KiloJ_PER_K = 1000.0 * m**2 * kg**1 / K**1 / s**2  = _ = Kilojoule Per Kelvin = http://qudt.org/vocab/unit/KiloJ-PER-K
MegaJ_PER_K = 1000000.0 * m**2 * kg**1 / K**1 / s**2  = _ = MegaJoule per Kelvin = http://qudt.org/vocab/unit/MegaJ-PER-K
BTU_IT_PER_FT2 = 11356.5267 * kg**1 / s**2  = _ = BTU per Square Foot = http://qudt.org/vocab/unit/BTU_IT-PER-FT2
DYN_PER_CentiM = 0.001 * kg**1 / s**2  = _ = Dyne Per Centimeter = Dyne Per Centimetre = http://qudt.org/vocab/unit/DYN-PER-CentiM
FT_LB_F_PER_FT2 = 14.5939042 * kg**1 / s**2  = _ = Foot Pound per Square Foot = http://qudt.org/vocab/unit/FT-LB_F-PER-FT2
FT_LB_F_PER_M2 = 1 * kg**1 / s**2  = _ = Foot Pound Force per Square Meter = Foot Pound Force per Square Metre = http://qudt.org/vocab/unit/FT-LB_F-PER-M2
J_PER_CentiM2 = 10000.0 * kg**1 / s**2  = _ = Joule Per Square Centimeter = Joule Per Square Centimetre = http://qudt.org/vocab/unit/J-PER-CentiM2
J_PER_M2 = 1.0 * kg**1 / s**2  = _ = Joule per Square Meter = Joule per Square Metre = http://qudt.org/vocab/unit/J-PER-M2
KiloCAL_PER_CentiM2 = 4.184E-7 * kg**1 / s**2  = _ = Kilocalorie per Square Centimeter = Kilocalorie per Square Centimetre = http://qudt.org/vocab/unit/KiloCAL-PER-CentiM2
KiloGM_PER_SEC2 = 1.0 * kg**1 / s**2  = _ = Kilogram per Square Second = http://qudt.org/vocab/unit/KiloGM-PER-SEC2
KiloGM_F_M_PER_CentiM2 = 98066.5 * kg**1 / s**2  = _ = Kilogram?force Meter Per Square Centimeter = Kilogram?force Metre Per Square Centimetre = http://qudt.org/vocab/unit/KiloGM_F-M-PER-CentiM2
KiloLB_F_PER_FT = 14593.904199475066 * kg**1 / s**2  = _ = Pound Force Per Foot = http://qudt.org/vocab/unit/KiloLB_F-PER-FT
KiloW_HR_PER_M2 = 3600000.0 * kg**1 / s**2 ; offset: 0.0 = _ = Kilowatt hour per square metre = http://qudt.org/vocab/unit/KiloW-HR-PER-M2
LB_F_PER_FT = 14.5939042 * kg**1 / s**2  = _ = Pound Force per Foot = http://qudt.org/vocab/unit/LB_F-PER-FT
LB_F_PER_IN = 175.12685 * kg**1 / s**2  = _ = Pound Force per Inch = http://qudt.org/vocab/unit/LB_F-PER-IN
MegaJ_PER_M2 = 1000000.0 * kg**1 / s**2  = _ = Megajoule Per Square Meter = Megajoule Per Square Metre = http://qudt.org/vocab/unit/MegaJ-PER-M2
MilliN_PER_M = 0.001 * kg**1 / s**2  = _ = Millinewton Per Meter = Millinewton Per Metre = http://qudt.org/vocab/unit/MilliN-PER-M
N_M_PER_M2 = 1.0 * kg**1 / s**2  = _ = Newton Meter Per Square Meter = Newton Metre Per Square Metre = http://qudt.org/vocab/unit/N-M-PER-M2
N_PER_CentiM = 100.0 * kg**1 / s**2  = _ = Newton Per Centimeter = Newton Per Centimetre = http://qudt.org/vocab/unit/N-PER-CentiM
N_PER_M = 1.0 * kg**1 / s**2  = _ = Newton per Meter = Newton per Metre = http://qudt.org/vocab/unit/N-PER-M
N_PER_MilliM = 1000.0 * kg**1 / s**2  = _ = Newton Per Millimeter = Newton Per Millimetre = http://qudt.org/vocab/unit/N-PER-MilliM
PA_M = 1.0 * kg**1 / s**2  = _ = Pascal metres = http://qudt.org/vocab/unit/PA-M
PicoPA_PER_KiloM = 1E-15 * kg**1 / s**2  = _ = Picopascal Per Kilometer = Picopascal Per Kilometre = http://qudt.org/vocab/unit/PicoPA-PER-KiloM
W_SEC_PER_M2 = 1.0 * kg**1 / s**2  = _ = Watt seconds per square metre = http://qudt.org/vocab/unit/W-SEC-PER-M2
BTU_IT_PER_FT2_HR_DEG_F = 1 * kg**1 / K**1 / s**3  = _ = BTU per Square Foot Hour Degree Fahrenheit = http://qudt.org/vocab/unit/BTU_IT-PER-FT2-HR-DEG_F
BTU_IT_PER_FT2_SEC_DEG_F = 1 * kg**1 / K**1 / s**3  = _ = BTU per Square Foot Second Degree Fahrenheit = http://qudt.org/vocab/unit/BTU_IT-PER-FT2-SEC-DEG_F
BTU_IT_PER_HR_FT2_DEG_R = 0.555556 * kg**1 / K**1 / s**3  = _ = British Thermal Unit (international Table) Per Hour Square Foot degree Rankine = http://qudt.org/vocab/unit/BTU_IT-PER-HR-FT2-DEG_R
BTU_IT_PER_SEC_FT2_DEG_R = 14.89 * kg**1 / K**1 / s**3  = _ = British Thermal Unit (international Table) Per Second Square Foot degree Rankine = http://qudt.org/vocab/unit/BTU_IT-PER-SEC-FT2-DEG_R
CAL_IT_PER_SEC_CentiM2_K = 41868.0 * kg**1 / K**1 / s**3  = _ = Calorie (international Table) Per Second Square Centimeter kelvin = Calorie (international Table) Per Second Square Centimetre kelvin = http://qudt.org/vocab/unit/CAL_IT-PER-SEC-CentiM2-K
CAL_TH_PER_SEC_CentiM2_K = 41840.0 * kg**1 / K**1 / s**3  = _ = Calorie (thermochemical) Per Second Square Centimeter kelvin = Calorie (thermochemical) Per Second Square Centimetre kelvin = http://qudt.org/vocab/unit/CAL_TH-PER-SEC-CentiM2-K
W_PER_M2_K = 1.0 * kg**1 / K**1 / s**3  = _ = Watt per Square Meter Kelvin = Watt per Square Metre Kelvin = http://qudt.org/vocab/unit/W-PER-M2-K
BTU_IT_PER_HR_FT2 = 3.15459075 * kg**1 / s**3  = _ = BTU per Hour Square Foot = http://qudt.org/vocab/unit/BTU_IT-PER-HR-FT2
BTU_IT_PER_SEC_FT2 = 11356.5267 * kg**1 / s**3  = _ = BTU per Second Square Foot = http://qudt.org/vocab/unit/BTU_IT-PER-SEC-FT2
ERG_PER_CentiM2_SEC = 0.001 * kg**1 / s**3  = _ = Erg per Square Centimeter Second = Erg per Square Centimetre Second = http://qudt.org/vocab/unit/ERG-PER-CentiM2-SEC
FT_LB_F_PER_FT2_SEC = 14.5939042 * kg**1 / s**3  = _ = Foot Pound Force per Square Foot Second = http://qudt.org/vocab/unit/FT-LB_F-PER-FT2-SEC
J_PER_CentiM2_DAY = 0.115740740740741 * kg**1 / s**3  = _ = Joules per square centimetre per day = http://qudt.org/vocab/unit/J-PER-CentiM2-DAY
KiloCAL_PER_CentiM2_MIN = 0.0000697333333 * kg**1 / s**3  = _ = Kilocalorie per Square Centimeter Minute = Kilocalorie per Square Centimetre Minute = http://qudt.org/vocab/unit/KiloCAL-PER-CentiM2-MIN
KiloCAL_PER_CentiM2_SEC = 4.184E-7 * kg**1 / s**3  = _ = Kilocalorie per Square Centimeter Second = Kilocalorie per Square Centimetre Second = http://qudt.org/vocab/unit/KiloCAL-PER-CentiM2-SEC
MicroW_PER_M2 = 0.000001 * kg**1 / s**3  = _ = Microwatt Per Square Meter = Microwatt Per Square Metre = http://qudt.org/vocab/unit/MicroW-PER-M2
MilliW_PER_M2 = 0.001 * kg**1 / s**3  = _ = Milliwatt Per Square Meter = Milliwatt Per Square Metre = http://qudt.org/vocab/unit/MilliW-PER-M2
PA_M_PER_SEC = 1.0 * kg**1 / s**3  = _ = Pascal metres per second = http://qudt.org/vocab/unit/PA-M-PER-SEC
PSI_L_PER_SEC = 6.894757 * kg**1 / s**3  = _ = Psi Liter Per Second = Psi Litre Per Second = http://qudt.org/vocab/unit/PSI-L-PER-SEC
PicoW_PER_M2 = 1E-12 * kg**1 / s**3  = _ = Picowatt Per Square Meter = Picowatt Per Square Metre = http://qudt.org/vocab/unit/PicoW-PER-M2
W_PER_CentiM2 = 10000.0 * kg**1 / s**3  = _ = Watt per Square Centimeter = Watt per Square Centimetre = http://qudt.org/vocab/unit/W-PER-CentiM2
W_PER_FT2 = 10.7639104 * kg**1 / s**3  = _ = Watt per Square Foot = http://qudt.org/vocab/unit/W-PER-FT2
W_PER_IN2 = 1550.0031 * kg**1 / s**3  = _ = Watt per Square Inch = http://qudt.org/vocab/unit/W-PER-IN2
W_PER_M2 = 1.0 * kg**1 / s**3  = _ = Watt per Square Meter = Watt per Square Metre = http://qudt.org/vocab/unit/W-PER-M2
W_PER_M2_SR = 1.0 * kg**1 / s**3  = _ = Watt per Square Meter Steradian = Watt per Square Metre Steradian = http://qudt.org/vocab/unit/W-PER-M2-SR
BTU_IT_PER_LB = 2326.0 * m**2 / s**2  = _ = BTU-IT-PER-lb = http://qudt.org/vocab/unit/BTU_IT-PER-LB
BTU_IT_PER_LB_MOL = 1 * m**2 / s**2  = _ = BTU per Pound Mole = http://qudt.org/vocab/unit/BTU_IT-PER-LB-MOL
BTU_TH_PER_LB = 2324.443861 * m**2 / s**2  = _ = British Thermal Unit (TH) Per Pound = http://qudt.org/vocab/unit/BTU_TH-PER-LB
CAL_IT_PER_GM = 4186.8 * m**2 / s**2  = _ = Calorie (international Table) Per Gram = http://qudt.org/vocab/unit/CAL_IT-PER-GM
CAL_TH_PER_GM = 4184.0 * m**2 / s**2  = _ = Calorie (thermochemical) Per Gram = http://qudt.org/vocab/unit/CAL_TH-PER-GM
ERG_PER_G = 0.0001 * m**2 / s**2  = _ = Erg per Gram = http://qudt.org/vocab/unit/ERG-PER-G
ERG_PER_GM = 0.0001 * m**2 / s**2  = _ = Erg Per Gram = http://qudt.org/vocab/unit/ERG-PER-GM
GRAY = 1.0 * m**2 / s**2  = Gy = Gray = http://qudt.org/vocab/unit/GRAY
J_PER_GM = 1000.0 * m**2 / s**2  = _ = Joule Per Gram = http://qudt.org/vocab/unit/J-PER-GM
J_PER_KiloGM = 1.0 * m**2 / s**2  = _ = Joule per Kilogram = http://qudt.org/vocab/unit/J-PER-KiloGM
KiloCAL_PER_GM = 4184000.0 * m**2 / s**2  = _ = Kilocalorie per Gram = http://qudt.org/vocab/unit/KiloCAL-PER-GM
KiloJ_PER_KiloGM = 1000.0 * m**2 / s**2  = _ = Kilojoule Per Kilogram = http://qudt.org/vocab/unit/KiloJ-PER-KiloGM
KiloLB_F_FT_PER_LB = 2989.067 * m**2 / s**2  = _ = Pound Force Foot Per Pound = http://qudt.org/vocab/unit/KiloLB_F-FT-PER-LB
M2_HZ2 = 1.0 * m**2 / s**2  = _ = Square Metres square Hertz = http://qudt.org/vocab/unit/M2-HZ2
M2_PER_SEC2 = 1.0 * m**2 / s**2  = _ = Square metres per square second = http://qudt.org/vocab/unit/M2-PER-SEC2
MegaJ_PER_KiloGM = 1000000.0 * m**2 / s**2  = _ = Megajoule Per Kilogram = http://qudt.org/vocab/unit/MegaJ-PER-KiloGM
MicroGRAY = 0.000001 * m**2 / s**2  = µGy = MicroGray = http://qudt.org/vocab/unit/MicroGRAY
MicroSV = 0.000001 * m**2 / s**2  = µSv = MicroSievert = http://qudt.org/vocab/unit/MicroSV
MicroSV_PER_HR = 2.77778E-10 * m**2 / s**2  = µSv/hr = MicroSievert per hour = http://qudt.org/vocab/unit/MicroSV-PER-HR
MilliGRAY = 0.001 * m**2 / s**2  = _ = Milligray = http://qudt.org/vocab/unit/MilliGRAY
MilliR_man = 2.58E-7 * m**2 / s**2  = _ = Milliroentgen Equivalent Man = http://qudt.org/vocab/unit/MilliR_man
MilliSV = 0.001 * m**2 / s**2  = _ = Millisievert = http://qudt.org/vocab/unit/MilliSV
N_M_PER_KiloGM = 1.0 * m**2 / s**2  = _ = Newton Meter Per Kilogram = Newton Metre Per Kilogram = http://qudt.org/vocab/unit/N-M-PER-KiloGM = gp
RAD_R = 0.01 * m**2 / s**2  = _ = Rad = http://qudt.org/vocab/unit/RAD_R
REM = 0.01 * m**2 / s**2  = rem = Rem = http://qudt.org/vocab/unit/REM
SV = 1.0 * m**2 / s**2  = Sv = Sievert = http://qudt.org/vocab/unit/SV
BTU_IT_PER_LB_DEG_F = 1 * m**2 / K**1 / s**2  = _ = BTU per Pound Degree Fahrenheit = http://qudt.org/vocab/unit/BTU_IT-PER-LB-DEG_F
BTU_IT_PER_LB_DEG_R = 1 * m**2 / K**1 / s**2  = _ = BTU per Pound Degree Rankine = http://qudt.org/vocab/unit/BTU_IT-PER-LB-DEG_R
BTU_IT_PER_LB_F_DEG_F = 4186.8 * m**2 / K**1 / s**2  = _ = British Thermal Unit (international Table) Per Pound Degree Fahrenheit = http://qudt.org/vocab/unit/BTU_IT-PER-LB_F-DEG_F
BTU_IT_PER_LB_F_DEG_R = 426.9 * m**2 / K**1 / s**2  = _ = British Thermal Unit (international Table) Per Pound Degree Rankine = http://qudt.org/vocab/unit/BTU_IT-PER-LB_F-DEG_R
BTU_TH_PER_LB_DEG_F = 426.654 * m**2 / K**1 / s**2  = _ = British Thermal Unit (thermochemical) Per Pound Degree Fahrenheit = http://qudt.org/vocab/unit/BTU_TH-PER-LB-DEG_F
CAL_IT_PER_GM_DEG_C = 4186.8 * m**2 / K**1 / s**2  = _ = Calorie (international Table) Per Gram Degree Celsius = http://qudt.org/vocab/unit/CAL_IT-PER-GM-DEG_C
CAL_IT_PER_GM_K = 4186.8 * m**2 / K**1 / s**2  = _ = Calorie (international Table) Per Gram Kelvin = http://qudt.org/vocab/unit/CAL_IT-PER-GM-K
CAL_TH_PER_GM_DEG_C = 4184.0 * m**2 / K**1 / s**2  = _ = Calorie (thermochemical) Per Gram Degree Celsius = http://qudt.org/vocab/unit/CAL_TH-PER-GM-DEG_C
CAL_TH_PER_GM_K = 4184.0 * m**2 / K**1 / s**2  = _ = Calorie (thermochemical) Per Gram Kelvin = http://qudt.org/vocab/unit/CAL_TH-PER-GM-K
J_PER_KiloGM_K = 1.0 * m**2 / K**1 / s**2  = _ = Joule per Kilogram Kelvin = Joules per kilogram per Kelvin = http://qudt.org/vocab/unit/J-PER-KiloGM-K
J_PER_KiloGM_K_M3 = 1.0 * m**2 / K**1 / s**2  = _ = Joule per Kilogram Kelvin Cubic Meter = Joule per Kilogram Kelvin Cubic Metre = http://qudt.org/vocab/unit/J-PER-KiloGM-K-M3
J_PER_KiloGM_K_PA = 1.0 * m**2 / K**1 / s**2  = _ = Joule per Kilogram Kelvin per Pascal = http://qudt.org/vocab/unit/J-PER-KiloGM-K-PA
KiloCAL_PER_GM_DEG_C = 1 * m**2 / K**1 / s**2  = _ = Calorie per Gram Degree Celsius = http://qudt.org/vocab/unit/KiloCAL-PER-GM-DEG_C
KiloJ_PER_KiloGM_K = 1000.0 * m**2 / K**1 / s**2  = _ = Kilojoule Per Kilogram Kelvin = http://qudt.org/vocab/unit/KiloJ-PER-KiloGM-K
BTU_IT_PER_MOL_DEG_F = 1 / mol**1 * m**2 * kg**1 / K**1 / s**2  = _ = BTU per Pound Mole Degree Fahrenheit = http://qudt.org/vocab/unit/BTU_IT-PER-MOL-DEG_F
J_PER_MOL_K = 1.0 / mol**1 * m**2 * kg**1 / K**1 / s**2  = _ = Joule per Mole Kelvin = http://qudt.org/vocab/unit/J-PER-MOL-K
KiloCAL_PER_MOL_DEG_C = 1 / mol**1 * m**2 * kg**1 / K**1 / s**2  = _ = Kilocalorie per Mole Degree Celsius = http://qudt.org/vocab/unit/KiloCAL-PER-MOL-DEG_C
C_M = 1.0 * A**1 * m**1 * s**1  = C m = Coulomb Meter = Coulomb Metre = http://qudt.org/vocab/unit/C-M
Debye = 3.33564E-30 * A**1 * m**1 * s**1  = D = http://qudt.org/vocab/unit/Debye
C_M2 = 1.0 * A**1 * m**2 * s**1  = _ = Coulomb Square Meter = Coulomb Square Metre = http://qudt.org/vocab/unit/C-M2
C_PER_CentiM2 = 10000.0 * A**1 / m**2 * s**1  = _ = Coulomb Per Square Centimeter = Coulomb Per Square Centimetre = http://qudt.org/vocab/unit/C-PER-CentiM2
C_PER_M2 = 1.0 * A**1 / m**2 * s**1  = _ = Coulomb per Square Meter = Coulomb per Square Metre = http://qudt.org/vocab/unit/C-PER-M2
C_PER_MilliM2 = 1000000.0 * A**1 / m**2 * s**1  = _ = Coulomb Per Square Millimeter = Coulomb Per Square Millimetre = http://qudt.org/vocab/unit/C-PER-MilliM2
C_Ab_PER_CentiM2 = 100000 * A**1 / m**2 * s**1  = _ = Abcoulomb per Square Centimeter = Abcoulomb per Square Centimetre = http://qudt.org/vocab/unit/C_Ab-PER-CentiM2
C_Stat_PER_CentiM2 = 0.00000333564 * A**1 / m**2 * s**1  = _ = Statcoulomb per Square Centimeter = Statcoulomb per Square Centimetre = http://qudt.org/vocab/unit/C_Stat-PER-CentiM2
KiloC_PER_M2 = 1000.0 * A**1 / m**2 * s**1  = _ = Kilocoulomb Per Square Meter = Kilocoulomb Per Square Metre = http://qudt.org/vocab/unit/KiloC-PER-M2
MegaC_PER_M2 = 1000000.0 * A**1 / m**2 * s**1  = _ = Megacoulomb Per Square Meter = Megacoulomb Per Square Metre = http://qudt.org/vocab/unit/MegaC-PER-M2
MicroC_PER_M2 = 0.000001 * A**1 / m**2 * s**1  = _ = Microcoulomb Per Square Meter = Microcoulomb Per Square Metre = http://qudt.org/vocab/unit/MicroC-PER-M2
MilliC_PER_M2 = 0.001 * A**1 / m**2 * s**1  = _ = Millicoulomb Per Square Meter = Millicoulomb Per Square Metre = http://qudt.org/vocab/unit/MilliC-PER-M2
C_PER_CentiM3 = 1000000.0 * A**1 / m**3 * s**1  = _ = Coulomb Per Cubic Centimeter = Coulomb Per Cubic Centimetre = http://qudt.org/vocab/unit/C-PER-CentiM3
C_PER_M3 = 1.0 * A**1 / m**3 * s**1  = _ = Coulomb per Cubic Meter = Coulomb per Cubic Metre = http://qudt.org/vocab/unit/C-PER-M3
C_PER_MilliM3 = 1000000000.0 * A**1 / m**3 * s**1  = _ = Coulomb Per Cubic Millimeter = Coulomb Per Cubic Millimetre = http://qudt.org/vocab/unit/C-PER-MilliM3
KiloC_PER_M3 = 1000.0 * A**1 / m**3 * s**1  = _ = Kilocoulomb Per Cubic Meter = Kilocoulomb Per Cubic Metre = http://qudt.org/vocab/unit/KiloC-PER-M3
MegaC_PER_M3 = 1000000.0 * A**1 / m**3 * s**1  = _ = Megacoulomb Per Cubic Meter = Megacoulomb Per Cubic Metre = http://qudt.org/vocab/unit/MegaC-PER-M3
MicroC_PER_M3 = 0.000001 * A**1 / m**3 * s**1  = _ = Microcoulomb Per Cubic Meter = Microcoulomb Per Cubic Metre = http://qudt.org/vocab/unit/MicroC-PER-M3
MilliC_PER_M3 = 0.001 * A**1 / m**3 * s**1  = _ = Millicoulomb Per Cubic Meter = Millicoulomb Per Cubic Metre = http://qudt.org/vocab/unit/MilliC-PER-M3
C_PER_KiloGM = 1.0 * A**1 / kg**1 * s**1  = _ = Coulomb per Kilogram = http://qudt.org/vocab/unit/C-PER-KiloGM
HZ_PER_T = 1.0 * A**1 / kg**1 * s**1  = _ = Hertz per Tesla = http://qudt.org/vocab/unit/HZ-PER-T
KiloR = 0.258 * A**1 / kg**1 * s**1  = _ = Kiloroentgen = http://qudt.org/vocab/unit/KiloR
MegaHZ_PER_T = 1000000.0 * A**1 / kg**1 * s**1  = _ = Mega Hertz per Tesla = http://qudt.org/vocab/unit/MegaHZ-PER-T
MilliC_PER_KiloGM = 0.001 * A**1 / kg**1 * s**1  = _ = Millicoulomb Per Kilogram = http://qudt.org/vocab/unit/MilliC-PER-KiloGM
MilliR = 2.58E-7 * A**1 / kg**1 * s**1  = _ = Milliroentgen = http://qudt.org/vocab/unit/MilliR
PER_T_SEC = 1.0 * A**1 / kg**1 * s**1  = _ = Reciprocal Tesla Second Unit = http://qudt.org/vocab/unit/PER-T-SEC
R = 0.000258 * A**1 / kg**1 * s**1  = _ = Roentgen = http://qudt.org/vocab/unit/R
C_PER_KiloGM_SEC = 1 * A**1 / kg**1  = _ = Coulomb Per Kilogram Second = http://qudt.org/vocab/unit/C-PER-KiloGM-SEC
C_PER_M = 1.0 * A**1 / m**1 * s**1  = _ = Coulomb per Meter = Coulomb per Metre = http://qudt.org/vocab/unit/C-PER-M
C_PER_MOL = 1.0 / mol**1 * A**1 * s**1  = _ = Coulomb per Mole = http://qudt.org/vocab/unit/C-PER-MOL
C_Stat_PER_MOL = 3.33564E-10 / mol**1 * A**1 * s**1  = _ = Statcoulomb per Mole = http://qudt.org/vocab/unit/C_Stat-PER-MOL
C3_M_PER_J2 = 1.0 * A**3 / m**1 / kg**2 * s**7  = _ = Cubic Coulomb Meter per Square Joule = Cubic Coulomb Metre per Square Joule = http://qudt.org/vocab/unit/C3-M-PER-J2
C4_M4_PER_J3 = 1.0 * A**4 / m**2 / kg**3 * s**10  = _ = Quartic Coulomb Meter per Cubic Energy = Quartic Coulomb Metre per Cubic Energy = http://qudt.org/vocab/unit/C4-M4-PER-J3
CD = [luminosity] = cd = Candela = http://qudt.org/vocab/unit/CD
CP = 1.0 * cd**1  = _ = Candlepower = http://qudt.org/vocab/unit/CP
LM = 1.0 * cd**1  = lm = lumen = http://qudt.org/vocab/unit/LM
CD_PER_IN2 = 1550.0031000062002 / m**2 * cd**1  = _ = Candela per Square Inch = http://qudt.org/vocab/unit/CD-PER-IN2
CD_PER_M2 = 1.0 / m**2 * cd**1  = _ = candela per square meter = candela per square metre = http://qudt.org/vocab/unit/CD-PER-M2 = nt
FC = 1 / m**2 * cd**1  = fc = Foot Candle = http://qudt.org/vocab/unit/FC
FT_LA = 3.4262591 / m**2 * cd**1  = _ = Foot Lambert = http://qudt.org/vocab/unit/FT-LA
LA = 3183.09886 / m**2 * cd**1  = _ = Lambert = http://qudt.org/vocab/unit/LA
LUX = 1.0 / m**2 * cd**1  = lx = Lux = http://qudt.org/vocab/unit/LUX
PHOT = 10000.0 / m**2 * cd**1  = ph = Phot = http://qudt.org/vocab/unit/PHOT
STILB = 10000.0 / m**2 * cd**1  = sb = Stilb = http://qudt.org/vocab/unit/STILB
CLO = 0.155 / kg**1 * K**1 * s**3  = clo = Clo = http://qudt.org/vocab/unit/CLO
DEG_F_HR_FT2_PER_BTU_IT = 1.89563 / kg**1 * K**1 * s**3  = _ = Degree Fahrenheit Hour Square Foot per British Thermal Unit (international Table) = http://qudt.org/vocab/unit/DEG_F-HR-FT2-PER-BTU_IT
DEG_F_HR_FT2_PER_BTU_TH = 1.8969 / kg**1 * K**1 * s**3  = _ = Degree Fahrenheit Hour Square Foot per British Thermal Unit (thermochemical) = http://qudt.org/vocab/unit/DEG_F-HR-FT2-PER-BTU_TH
FT2_HR_DEG_F_PER_BTU_IT = 1 / kg**1 * K**1 * s**3  = _ = Square Foot Hour Degree Fahrenheit per BTU = http://qudt.org/vocab/unit/FT2-HR-DEG_F-PER-BTU_IT
M2_HR_DEG_C_PER_KiloCAL_IT = 0.859845 / kg**1 * K**1 * s**3  = _ = Square Meter Hour Degree Celsius Per Kilocalorie (international Table) = Square Metre Hour Degree Celsius Per Kilocalorie (international Table) = http://qudt.org/vocab/unit/M2-HR-DEG_C-PER-KiloCAL_IT
M2_K_PER_W = 1.0 / kg**1 * K**1 * s**3  = _ = Square Meter Kelvin per Watt = Square Metre Kelvin per Watt = http://qudt.org/vocab/unit/M2-K-PER-W
CentiM_PER_K = 0.01 * m**1 / K**1  = _ = Centimeter Per Kelvin = Centimetre Per Kelvin = http://qudt.org/vocab/unit/CentiM-PER-K
FT_PER_DEG_F = 0.54864 * m**1 / K**1  = _ = Foot Per Degree Fahrenheit = http://qudt.org/vocab/unit/FT-PER-DEG_F
IN_PER_DEG_F = 0.04572 * m**1 / K**1  = _ = Inch Per Degree Fahrenheit = http://qudt.org/vocab/unit/IN-PER-DEG_F
M_PER_K = 1.0 * m**1 / K**1  = _ = Meter per Kelvin = Metre per Kelvin = http://qudt.org/vocab/unit/M-PER-K
MicroM_PER_K = 0.000001 * m**1 / K**1  = _ = Micrometer Per Kelvin = Micrometre Per Kelvin = http://qudt.org/vocab/unit/MicroM-PER-K
MilliM_PER_K = 0.001 * m**1 / K**1  = _ = Millimeter Per Kelvin = Millimetre Per Kelvin = http://qudt.org/vocab/unit/MilliM-PER-K
YD_PER_DEG_F = 1.6459200164592 * m**1 / K**1  = _ = Yard Per Degree Fahrenheit = http://qudt.org/vocab/unit/YD-PER-DEG_F
CentiM_PER_SEC2 = 0.01 * m**1 / s**2  = _ = Centimeter per Square Second = Centimetre per Square Second = http://qudt.org/vocab/unit/CentiM-PER-SEC2
FT_PER_SEC2 = 0.3048 * m**1 / s**2  = _ = Foot per Square Second = http://qudt.org/vocab/unit/FT-PER-SEC2
G = 9.80665 * m**1 / s**2  = _ = Gravity = http://qudt.org/vocab/unit/G
GALILEO = 0.01 * m**1 / s**2  = Gal = Galileo = http://qudt.org/vocab/unit/GALILEO
IN_PER_SEC2 = 0.0254 * m**1 / s**2  = _ = Inch per Square second = http://qudt.org/vocab/unit/IN-PER-SEC2
KN_PER_SEC = 0.5144444444444445 * m**1 / s**2  = _ = Knot per Second = http://qudt.org/vocab/unit/KN-PER-SEC
KiloPA_M2_PER_GM = 1000000.0 * m**1 / s**2  = _ = Kilopascal Square Meter per Gram = Kilopascal Square Metre per Gram = http://qudt.org/vocab/unit/KiloPA-M2-PER-GM
LB_F_PER_LB = 9.80665085 * m**1 / s**2  = _ = Pound Force per Pound = http://qudt.org/vocab/unit/LB_F-PER-LB
M_PER_SEC2 = 1.0 * m**1 / s**2  = _ = Meter per Square Second = Metre per Square Second = http://qudt.org/vocab/unit/M-PER-SEC2
MicroG = 0.00000980665 * m**1 / s**2  = µG = Microgravity = http://qudt.org/vocab/unit/MicroG
MilliG = 0.00980665 * m**1 / s**2  = mG = Milligravity = http://qudt.org/vocab/unit/MilliG
MilliGAL = 0.00001 * m**1 / s**2  = _ = Milligal = http://qudt.org/vocab/unit/MilliGAL
N_PER_KiloGM = 1.0 * m**1 / s**2  = _ = Newton per Kilogram = http://qudt.org/vocab/unit/N-PER-KiloGM
CentiM_SEC_DEG_C = 1 * m**1 * K**1 * s**1  = _ = Centimeter Second Degree Celsius = Centimetre Second Degree Celsius = http://qudt.org/vocab/unit/CentiM-SEC-DEG_C
CentiM2_MIN = 0.006 * m**2 * s**1  = _ = Square Centimeter Minute = Square Centimetre Minute = http://qudt.org/vocab/unit/CentiM2-MIN
CentiM2_SEC = 0.0001 * m**2 * s**1  = _ = Square Centimeter Second = Square Centimetre Second = http://qudt.org/vocab/unit/CentiM2-SEC
HR_FT2 = 334.450944 * m**2 * s**1  = _ = Hour Square Foot = http://qudt.org/vocab/unit/HR-FT2
M2_PER_HZ = 1.0 * m**2 * s**1  = _ = Square metres per Hertz = http://qudt.org/vocab/unit/M2-PER-HZ
M2_PER_HZ_DEG = 57.2957795130823 * m**2 * s**1  = _ = Square metres per Hertz per degree = http://qudt.org/vocab/unit/M2-PER-HZ-DEG
M2_SEC_PER_RAD = 1.0 * m**2 * s**1  = _ = Square metre seconds per radian = http://qudt.org/vocab/unit/M2-SEC-PER-RAD
SEC_FT2 = 0.09290304 * m**2 * s**1  = _ = Second Square Foot = http://qudt.org/vocab/unit/SEC-FT2
CentiM2_PER_CentiM3 = 100.0 / m**1  = _ = Square centimetres per cubic centimetre = http://qudt.org/vocab/unit/CentiM2-PER-CentiM3
DEG_PER_M = 0.0174532925199433 / m**1  = _ = Degrees per metre = http://qudt.org/vocab/unit/DEG-PER-M
DIOPTER = 1.0 / m**1  = _ = Diopter = http://qudt.org/vocab/unit/DIOPTER
DPI = 39.37008 / m**1  = _ = Dots Per Inch = http://qudt.org/vocab/unit/DPI
KY = 100.0 / m**1  = _ = Kayser = http://qudt.org/vocab/unit/KY
MESH = 0.0 / m**1  = _ = Mesh = http://qudt.org/vocab/unit/MESH
NUM_PER_M = 1.0 / m**1  = _ = Number per metre = http://qudt.org/vocab/unit/NUM-PER-M
PER_ANGSTROM = 0.0 / m**1  = _ = Reciprocal Ã¥ngstrÃ¶m = http://qudt.org/vocab/unit/PER-ANGSTROM
PER_CentiM = 100.0 / m**1  = _ = Reciprocal Centimeter = Reciprocal Centimetre = http://qudt.org/vocab/unit/PER-CentiM
PER_KiloM = 0.001 / m**1  = _ = Reciprocal Kilometer = Reciprocal Kilometre = http://qudt.org/vocab/unit/PER-KiloM
PER_M = 1.0 / m**1  = _ = Reciprocal Meter = Reciprocal Metre = http://qudt.org/vocab/unit/PER-M
PER_M_SR = 1.0 / m**1  = _ = Reciprocal metre per steradian = http://qudt.org/vocab/unit/PER-M-SR
PER_MicroM = 1000000.0 / m**1  = _ = Reciprocal Micrometer = Reciprocal Micrometre = http://qudt.org/vocab/unit/PER-MicroM
PER_MilliM = 1000.0 / m**1  = _ = Reciprocal Millimeter = Reciprocal Millimetre = http://qudt.org/vocab/unit/PER-MilliM
PER_NanoM = 1000000000.0 / m**1  = _ = Reciprocal Nanometer = Reciprocal Nanometre = http://qudt.org/vocab/unit/PER-NanoM
PER_PicoM = 1000000000000.0 / m**1  = _ = Reciprocal Picometer = Reciprocal Picometre = http://qudt.org/vocab/unit/PER-PicoM
PERCENT_PER_M = 1.0 / m**1  = _ = Percent per metre = http://qudt.org/vocab/unit/PERCENT-PER-M
RAD_PER_M = 1.0 / m**1  = _ = Radian per Meter = Radian per Metre = http://qudt.org/vocab/unit/RAD-PER-M
CentiM2_PER_SEC = 0.0001 * m**2 / s**1  = _ = Square centimetres per second = http://qudt.org/vocab/unit/CentiM2-PER-SEC
CentiST = 0.000001 * m**2 / s**1  = cSt = Centistokes = http://qudt.org/vocab/unit/CentiST
FT2_PER_HR = 0.0000258064 * m**2 / s**1  = _ = Square Foot per Hour = http://qudt.org/vocab/unit/FT2-PER-HR
FT2_PER_SEC = 0.09290304 * m**2 / s**1  = _ = Square Foot per Second = http://qudt.org/vocab/unit/FT2-PER-SEC
IN2_PER_SEC = 0.00064516 * m**2 / s**1  = _ = Square Inch Per Second = http://qudt.org/vocab/unit/IN2-PER-SEC
M2_HZ = 1.0 * m**2 / s**1  = _ = Square metres Hertz = http://qudt.org/vocab/unit/M2-HZ
M2_PER_SEC = 1.0 * m**2 / s**1  = _ = Square Meter per Second = Square Metre per Second = http://qudt.org/vocab/unit/M2-PER-SEC
MilliM2_PER_SEC = 0.000001 * m**2 / s**1  = _ = Square Millimeter Per Second = Square Millimetre Per Second = http://qudt.org/vocab/unit/MilliM2-PER-SEC
ST = 0.0001 * m**2 / s**1  = St = Stokes = http://qudt.org/vocab/unit/ST
CentiM3_PER_K = 0.000001 * m**3 / K**1  = _ = Cubic Centimeter Per Kelvin = Cubic Centimetre Per Kelvin = http://qudt.org/vocab/unit/CentiM3-PER-K
FT3_PER_DEG_F = 0.05097033 * m**3 / K**1  = _ = Cubic Foot Per Degree Fahrenheit = http://qudt.org/vocab/unit/FT3-PER-DEG_F
L_PER_K = 0.001 * m**3 / K**1  = _ = Liter Per Kelvin = Litre Per Kelvin = http://qudt.org/vocab/unit/L-PER-K
M3_PER_K = 1.0 * m**3 / K**1  = _ = Cubic Meter per Kelvin = Cubic Metre per Kelvin = http://qudt.org/vocab/unit/M3-PER-K
MilliL_PER_K = 0.000001 * m**3 / K**1  = _ = Millilitre Per Kelvin = http://qudt.org/vocab/unit/MilliL-PER-K
YD3_PER_DEG_F = 1.376198881991088 * m**3 / K**1  = _ = Cubic Yard Per Degree Fahrenheit = http://qudt.org/vocab/unit/YD3-PER-DEG_F
CentiM3_PER_MOL = 0.000001 / mol**1 * m**3  = _ = Cubic Centimeter Per Mole = Cubic Centimetre Per Mole = http://qudt.org/vocab/unit/CentiM3-PER-MOL
DeciM3_PER_MOL = 0.001 / mol**1 * m**3  = _ = Cubic Decimeter Per Mole = Cubic Decimetre Per Mole = http://qudt.org/vocab/unit/DeciM3-PER-MOL
L_PER_MOL = 0.001 / mol**1 * m**3  = _ = Liter Per Mole = Litre Per Mole = http://qudt.org/vocab/unit/L-PER-MOL
L_PER_MicroMOL = 1000.0 / mol**1 * m**3  = _ = Litres per micromole = http://qudt.org/vocab/unit/L-PER-MicroMOL
M3_PER_MOL = 1.0 / mol**1 * m**3  = _ = Cubic Meter per Mole = Cubic Metre per Mole = http://qudt.org/vocab/unit/M3-PER-MOL
CentiM3_PER_MOL_SEC = 1.0 / mol**1 * m**3 / s**1  = _ = Cubic Centimeter per Mole Second = http://qudt.org/vocab/unit/CentiM3-PER-MOL-SEC
CentiMOL_PER_KiloGM = 0.01 * mol**1 / kg**1  = _ = Centimole per kilogram = http://qudt.org/vocab/unit/CentiMOL-PER-KiloGM
FemtoMOL_PER_KiloGM = 1E-15 * mol**1 / kg**1  = _ = Femtomoles per kilogram = http://qudt.org/vocab/unit/FemtoMOL-PER-KiloGM
IU_PER_MilliGM = 1e-06 * mol**1 / kg**1 ; offset: 0.0 = _ = International Unit per milligram = http://qudt.org/vocab/unit/IU-PER-MilliGM
KiloMOL_PER_KiloGM = 1000.0 * mol**1 / kg**1  = _ = Kilomol per Kilogram = http://qudt.org/vocab/unit/KiloMOL-PER-KiloGM
MOL_PER_KiloGM = 1.0 * mol**1 / kg**1  = _ = Mol per Kilogram = http://qudt.org/vocab/unit/MOL-PER-KiloGM
MicroMOL_PER_GM = 0.001 * mol**1 / kg**1  = _ = Micromoles per gram = http://qudt.org/vocab/unit/MicroMOL-PER-GM
MicroMOL_PER_KiloGM = 0.000001 * mol**1 / kg**1  = _ = Micromoles per kilogram = http://qudt.org/vocab/unit/MicroMOL-PER-KiloGM
MilliMOL_PER_GM = 1.0 * mol**1 / kg**1  = _ = Millimole Per Gram = http://qudt.org/vocab/unit/MilliMOL-PER-GM
MilliMOL_PER_KiloGM = 0.001 * mol**1 / kg**1  = _ = Millimole Per Kilogram = http://qudt.org/vocab/unit/MilliMOL-PER-KiloGM
NanoMOL_PER_KiloGM = 1E-9 * mol**1 / kg**1  = _ = Nanomoles per kilogram = http://qudt.org/vocab/unit/NanoMOL-PER-KiloGM
PicoMOL_PER_KiloGM = 1E-12 * mol**1 / kg**1  = _ = Picomoles per kilogram = http://qudt.org/vocab/unit/PicoMOL-PER-KiloGM
CentiPOISE = 0.001 / m**1 * kg**1 / s**1  = cP = Centipoise = http://qudt.org/vocab/unit/CentiPOISE
KiloGM_PER_M_HR = 0.000277777777777778 / m**1 * kg**1 / s**1  = _ = Kilograms per metre per hour = http://qudt.org/vocab/unit/KiloGM-PER-M-HR
KiloGM_PER_M_SEC = 1.0 / m**1 * kg**1 / s**1  = _ = Kilograms per metre per second = http://qudt.org/vocab/unit/KiloGM-PER-M-SEC
LB_PER_FT_HR = 0.0004133788732137649 / m**1 * kg**1 / s**1  = _ = Pound per Foot Hour = http://qudt.org/vocab/unit/LB-PER-FT-HR
LB_PER_FT_SEC = 1.4881639435695537 / m**1 * kg**1 / s**1  = _ = Pound per Foot Second = http://qudt.org/vocab/unit/LB-PER-FT-SEC
LB_F_SEC_PER_FT2 = 47.8802631 / m**1 * kg**1 / s**1  = _ = Pound Force Second per Square Foot = http://qudt.org/vocab/unit/LB_F-SEC-PER-FT2
LB_F_SEC_PER_IN2 = 6894.75789 / m**1 * kg**1 / s**1  = _ = Pound Force Second per Square Inch = http://qudt.org/vocab/unit/LB_F-SEC-PER-IN2
MicroPOISE = 1E-7 / m**1 * kg**1 / s**1  = _ = Micropoise = http://qudt.org/vocab/unit/MicroPOISE
MilliPA_SEC = 0.001 / m**1 * kg**1 / s**1  = _ = Millipascal Second = http://qudt.org/vocab/unit/MilliPA-SEC
PA_SEC = 1.0 / m**1 * kg**1 / s**1  = _ = Pascal Second = http://qudt.org/vocab/unit/PA-SEC
POISE = 0.1 / m**1 * kg**1 / s**1  = P = Poise = http://qudt.org/vocab/unit/POISE
SLUG_PER_FT_SEC = 47.8802591863517 / m**1 * kg**1 / s**1  = _ = Slug per Foot Second = http://qudt.org/vocab/unit/SLUG-PER-FT-SEC
CentiPOISE_PER_BAR = 1E-8 * s**1  = _ = Centipoise Per Bar = http://qudt.org/vocab/unit/CentiPOISE-PER-BAR
DAY = 86400.0 * s**1  = d = Day = http://qudt.org/vocab/unit/DAY
DAY_Sidereal = 1 * s**1  = _ = Sidereal Day = http://qudt.org/vocab/unit/DAY_Sidereal
H_PER_KiloOHM = 0.001 * s**1  = _ = Henry Per Kiloohm = http://qudt.org/vocab/unit/H-PER-KiloOHM
H_PER_OHM = 1.0 * s**1  = _ = Henry Per Ohm = http://qudt.org/vocab/unit/H-PER-OHM
HR = 3600.0 * s**1  = h = Hour = http://qudt.org/vocab/unit/HR
HR_Sidereal = 1 * s**1  = hr = Sidereal Hour = http://qudt.org/vocab/unit/HR_Sidereal
KiloSEC = 1000.0 * s**1  = ks = kilosecond = http://qudt.org/vocab/unit/KiloSEC
MIN = 60.0 * s**1  = min = Minute = http://qudt.org/vocab/unit/MIN
MIN_Sidereal = 1 * s**1  = _ = Sidereal Minute = http://qudt.org/vocab/unit/MIN_Sidereal
MO = 2551442.976 * s**1  = mo = Month = http://qudt.org/vocab/unit/MO
MO_MeanGREGORIAN = 1 * s**1  = _ = Mean Gregorian Month = http://qudt.org/vocab/unit/MO_MeanGREGORIAN
MO_MeanJulian = 1 * s**1  = _ = Mean Julian Month = http://qudt.org/vocab/unit/MO_MeanJulian
MO_Synodic = 1 * s**1  = _ = Synodic month = http://qudt.org/vocab/unit/MO_Synodic
MegaYR = 31557600000000.0 * s**1  = Myr = Million Years = http://qudt.org/vocab/unit/MegaYR
MicroH_PER_KiloOHM = 1E-9 * s**1  = _ = Microhenry Per Kiloohm = http://qudt.org/vocab/unit/MicroH-PER-KiloOHM
MicroH_PER_OHM = 0.000001 * s**1  = _ = Microhenry Per Ohm = http://qudt.org/vocab/unit/MicroH-PER-OHM
MicroSEC = 0.000001 * s**1  = μs = microsecond = http://qudt.org/vocab/unit/MicroSEC
MilliH_PER_KiloOHM = 0.000001 * s**1  = _ = Millihenry Per Kiloohm = http://qudt.org/vocab/unit/MilliH-PER-KiloOHM
MilliH_PER_OHM = 0.001 * s**1  = _ = Millihenry Per Ohm = http://qudt.org/vocab/unit/MilliH-PER-OHM
MilliPA_SEC_PER_BAR = 1E-8 * s**1  = _ = Millipascal Second Per Bar = http://qudt.org/vocab/unit/MilliPA-SEC-PER-BAR
MilliSEC = 0.001 * s**1  = ms = millisecond = http://qudt.org/vocab/unit/MilliSEC
NanoSEC = 1E-9 * s**1  = ns = nanosecond = http://qudt.org/vocab/unit/NanoSEC
PA_SEC_PER_BAR = 0.00001 * s**1  = _ = Pascal Second Per Bar = http://qudt.org/vocab/unit/PA-SEC-PER-BAR
POISE_PER_BAR = 0.000001 * s**1  = _ = Poise Per Bar = http://qudt.org/vocab/unit/POISE-PER-BAR
PicoSEC = 1E-12 * s**1  = _ = Picosecond = http://qudt.org/vocab/unit/PicoSEC
PlanckTime = 5.39124E-44 * s**1  = _ = Planck Time = http://qudt.org/vocab/unit/PlanckTime
SEC = [time] = s = Second = http://qudt.org/vocab/unit/SEC
SH = 1E-8 * s**1  = Sh = Shake = http://qudt.org/vocab/unit/SH
WK = 604800.0 * s**1  = wk = Week = http://qudt.org/vocab/unit/WK
YR = 31557600.0 * s**1  = _ = Year = http://qudt.org/vocab/unit/YR = yr
YR_Common = 31536000.0 * s**1  = _ = Common Year = http://qudt.org/vocab/unit/YR_Common
YR_Sidereal = 31558149.7632 * s**1  = yr = Sidereal Year = http://qudt.org/vocab/unit/YR_Sidereal
YR_TROPICAL = 31556925.216 * s**1  = a_{t} = Tropical Year = http://qudt.org/vocab/unit/YR_TROPICAL
DEG_PER_SEC2 = 0.0174532925 / s**2  = _ = Degree per Square Second = http://qudt.org/vocab/unit/DEG-PER-SEC2
MicroGAL_PER_M = 1E-8 / s**2  = _ = MicroGals per metre = http://qudt.org/vocab/unit/MicroGAL-PER-M
PER_SEC2 = 1.0 / s**2  = _ = Reciprocal square second = http://qudt.org/vocab/unit/PER-SEC2
RAD_PER_SEC2 = 1.0 / s**2  = _ = Radian per Square Second = http://qudt.org/vocab/unit/RAD-PER-SEC2
REV_PER_SEC2 = 6.28318531 / s**2  = _ = Revolution per Square Second = http://qudt.org/vocab/unit/REV-PER-SEC2
DEGREE_BALLING = 0.0 / m**3 * kg**1  = _ = Degree Balling = http://qudt.org/vocab/unit/DEGREE_BALLING
DEGREE_BAUME = 0.0 / m**3 * kg**1  = _ = Degree Baume (origin Scale) = http://qudt.org/vocab/unit/DEGREE_BAUME
DEGREE_BAUME_US_HEAVY = 0.0 / m**3 * kg**1  = _ = Degree Baume (US Heavy) = http://qudt.org/vocab/unit/DEGREE_BAUME_US_HEAVY
DEGREE_BAUME_US_LIGHT = 0.0 / m**3 * kg**1  = _ = Degree Baume (US Light) = http://qudt.org/vocab/unit/DEGREE_BAUME_US_LIGHT
DEGREE_BRIX = 0.0 / m**3 * kg**1  = _ = Degree Brix = http://qudt.org/vocab/unit/DEGREE_BRIX
DEGREE_OECHSLE = 0.0 / m**3 * kg**1  = _ = Degree Oechsle = http://qudt.org/vocab/unit/DEGREE_OECHSLE
DEGREE_PLATO = 0.0 / m**3 * kg**1  = _ = Degree Plato = http://qudt.org/vocab/unit/DEGREE_PLATO
DEGREE_TWADDELL = 0.0 / m**3 * kg**1  = _ = Degree Twaddell = http://qudt.org/vocab/unit/DEGREE_TWADDELL
FemtoGM_PER_L = 1E-15 / m**3 * kg**1  = _ = Femtograms per litre = http://qudt.org/vocab/unit/FemtoGM-PER-L
GM_PER_CentiM3 = 1000.0 / m**3 * kg**1  = _ = Gram Per Cubic Centimeter = Gram Per Cubic Centimetre = http://qudt.org/vocab/unit/GM-PER-CentiM3
GM_PER_DeciM3 = 1.0 / m**3 * kg**1  = _ = Gram Per Cubic Decimeter = Gram Per Cubic Decimetre = http://qudt.org/vocab/unit/GM-PER-DeciM3
GM_PER_L = 1.0 / m**3 * kg**1  = _ = Gram Per Liter = Gram Per Litre = http://qudt.org/vocab/unit/GM-PER-L
GM_PER_M3 = 0.001 / m**3 * kg**1  = _ = Gram Per Cubic Meter = Gram Per Cubic Metre = http://qudt.org/vocab/unit/GM-PER-M3
GM_PER_MilliL = 1000.0 / m**3 * kg**1  = _ = Gram Per Millilitre = http://qudt.org/vocab/unit/GM-PER-MilliL
GRAIN_PER_GAL = 0.017118061 / m**3 * kg**1  = _ = Grain per Gallon = http://qudt.org/vocab/unit/GRAIN-PER-GAL
GRAIN_PER_GAL_US = 0.01711806 / m**3 * kg**1  = _ = Grain Per Gallon (US) = http://qudt.org/vocab/unit/GRAIN-PER-GAL_US
KiloGM_PER_CentiM3 = 1000000.0 / m**3 * kg**1  = _ = Kilogram Per Cubic Centimeter = Kilogram Per Cubic Centimetre = http://qudt.org/vocab/unit/KiloGM-PER-CentiM3
KiloGM_PER_DeciM3 = 1000.0 / m**3 * kg**1  = _ = Kilogram Per Cubic Decimeter = Kilogram Per Cubic Decimetre = http://qudt.org/vocab/unit/KiloGM-PER-DeciM3
KiloGM_PER_L = 1000.0 / m**3 * kg**1  = _ = Kilogram Per Liter = Kilogram Per Litre = http://qudt.org/vocab/unit/KiloGM-PER-L
KiloGM_PER_M3 = 1.0 / m**3 * kg**1  = _ = Kilogram per Cubic Meter = Kilogram per Cubic Metre = kilogram per cubic meter = kilogram per cubic metre = http://qudt.org/vocab/unit/KiloGM-PER-M3
LB_PER_FT3 = 16.018463373960138 / m**3 * kg**1  = _ = Pound per Cubic Foot = http://qudt.org/vocab/unit/LB-PER-FT3
LB_PER_GAL = 99.7763727 / m**3 * kg**1  = _ = Pound per Gallon = http://qudt.org/vocab/unit/LB-PER-GAL
LB_PER_GAL_UK = 99.77637 / m**3 * kg**1  = _ = Pound (avoirdupois) Per Gallon (UK) = http://qudt.org/vocab/unit/LB-PER-GAL_UK
LB_PER_GAL_US = 0.0 / m**3 * kg**1  = _ = Pound (avoirdupois) Per Gallon (US) = http://qudt.org/vocab/unit/LB-PER-GAL_US
LB_PER_IN3 = 27679.904710203125 / m**3 * kg**1  = _ = Pound per Cubic Inch = http://qudt.org/vocab/unit/LB-PER-IN3
LB_PER_M3 = 0.45359237 / m**3 * kg**1  = _ = Pound per Cubic Meter = Pound per Cubic Metre = http://qudt.org/vocab/unit/LB-PER-M3
LB_PER_YD3 = 0.5932764212577829 / m**3 * kg**1  = _ = Pound per Cubic Yard = http://qudt.org/vocab/unit/LB-PER-YD3
MegaGM_PER_M3 = 1000.0 / m**3 * kg**1  = _ = Megagram Per Cubic Meter = Megagram Per Cubic Metre = http://qudt.org/vocab/unit/MegaGM-PER-M3
MicroGM_PER_L = 0.000001 / m**3 * kg**1  = _ = Microgram Per Liter = Microgram Per Litre = http://qudt.org/vocab/unit/MicroGM-PER-L
MicroGM_PER_M3 = 1E-9 / m**3 * kg**1  = _ = Microgram Per Cubic Meter = Microgram Per Cubic Metre = http://qudt.org/vocab/unit/MicroGM-PER-M3
MicroGM_PER_MilliL = 0.001 / m**3 * kg**1  = _ = Micrograms per millilitre = http://qudt.org/vocab/unit/MicroGM-PER-MilliL
MilliGM_PER_DeciL = 0.01 / m**3 * kg**1  = _ = milligrams per decilitre = http://qudt.org/vocab/unit/MilliGM-PER-DeciL
MilliGM_PER_L = 0.001 / m**3 * kg**1  = _ = Milligram Per Liter = Milligram Per Litre = http://qudt.org/vocab/unit/MilliGM-PER-L
MilliGM_PER_M3 = 0.000001 / m**3 * kg**1  = _ = Milligram Per Cubic Meter = Milligram Per Cubic Metre = http://qudt.org/vocab/unit/MilliGM-PER-M3
MilliGM_PER_MilliL = 0.000001 / m**3 * kg**1  = _ = Milligram Per Milliliter = Milligram Per Millilitre = http://qudt.org/vocab/unit/MilliGM-PER-MilliL
NanoGM_PER_L = 1E-9 / m**3 * kg**1  = _ = Nanograms per litre = http://qudt.org/vocab/unit/NanoGM-PER-L
NanoGM_PER_M3 = 1E-12 / m**3 * kg**1  = _ = Nanogram Per Cubic Meter = Nanogram Per Cubic Metre = http://qudt.org/vocab/unit/NanoGM-PER-M3
NanoGM_PER_MicroL = 0.001 / m**3 * kg**1  = _ = Nanograms per microlitre = http://qudt.org/vocab/unit/NanoGM-PER-MicroL
NanoGM_PER_MilliL = 0.000001 / m**3 * kg**1  = _ = Nanograms per millilitre = http://qudt.org/vocab/unit/NanoGM-PER-MilliL
OZ_PER_GAL = 6.23602329 / m**3 * kg**1  = _ = Imperial Mass Ounce per Gallon = http://qudt.org/vocab/unit/OZ-PER-GAL
OZ_PER_GAL_UK = 6.2360 / m**3 * kg**1  = _ = Ounce (avoirdupois) Per Gallon (UK) = http://qudt.org/vocab/unit/OZ-PER-GAL_UK
OZ_PER_GAL_US = 7.8125 / m**3 * kg**1  = _ = Ounce (avoirdupois) Per Gallon (US) = http://qudt.org/vocab/unit/OZ-PER-GAL_US
OZ_PER_IN3 = 1729.99404 / m**3 * kg**1  = _ = Imperial Mass Ounce per Cubic Inch = http://qudt.org/vocab/unit/OZ-PER-IN3
OZ_PER_YD3 = 0.0370798 / m**3 * kg**1  = _ = Ounce (avoirdupois) Per Cubic Yard = http://qudt.org/vocab/unit/OZ-PER-YD3
PicoGM_PER_L = 1E-12 / m**3 * kg**1  = _ = Picofarad Per Meter = Picofarad Per Metre = Picograms per litre = http://qudt.org/vocab/unit/PicoGM-PER-L
PicoGM_PER_MilliL = 1E-9 / m**3 * kg**1  = _ = Picograms per millilitre = http://qudt.org/vocab/unit/PicoGM-PER-MilliL
PlanckDensity = 5.155e+96 / m**3 * kg**1  = _ = Planck Density = http://qudt.org/vocab/unit/PlanckDensity
SLUG_PER_FT3 = 515.3788206107324 / m**3 * kg**1  = _ = Slug per Cubic Foot = http://qudt.org/vocab/unit/SLUG-PER-FT3
TONNE_PER_M3 = 1000.0 / m**3 * kg**1  = _ = Tonne Per Cubic Meter = Tonne Per Cubic Metre = http://qudt.org/vocab/unit/TONNE-PER-M3
TON_LONG_PER_YD3 = 1328.9391836174336 / m**3 * kg**1  = _ = Long Ton per Cubic Yard = http://qudt.org/vocab/unit/TON_LONG-PER-YD3
TON_Metric_PER_M3 = 1000.0 / m**3 * kg**1  = _ = http://qudt.org/vocab/unit/TON_Metric-PER-M3
TON_SHORT_PER_YD3 = 1186.552842515566 / m**3 * kg**1  = _ = Short Ton per Cubic Yard = http://qudt.org/vocab/unit/TON_SHORT-PER-YD3
TON_UK_PER_YD3 = 1328.8778292234224 / m**3 * kg**1  = _ = Long Ton (UK) Per Cubic Yard = http://qudt.org/vocab/unit/TON_UK-PER-YD3
TON_US_PER_YD3 = 1186.3112117181538 / m**3 * kg**1  = _ = Short Ton (US) Per Cubic Yard = http://qudt.org/vocab/unit/TON_US-PER-YD3
DEG_C = 1.0 * K**1 ; offset: 273.15 = _ = Degree Celsius = http://qudt.org/vocab/unit/DEG_C = °C
DEG_F = 0.5555555555555556 * K**1 ; offset: 459.669607 = _ = Degree Fahrenheit = http://qudt.org/vocab/unit/DEG_F = °F
DEG_R = 0.5555555555555556 * K**1  = °R = Degree Rankine = http://qudt.org/vocab/unit/DEG_R
K = [temperature] = _ = Kelvin = http://qudt.org/vocab/unit/K
MilliDEG_C = 0.001 * K**1 ; offset: 273.15 = _ = Millidegree Celsius = http://qudt.org/vocab/unit/MilliDEG_C
PlanckTemperature = 1 * K**1  = _ = http://qudt.org/vocab/unit/PlanckTemperature
DEG_C_CentiM = 1 * m**1 * K**1  = _ = Degree Celsius Centimeter = Degree Celsius Centimetre = http://qudt.org/vocab/unit/DEG_C-CentiM
K_M = 1.0 * m**1 * K**1  = _ = Kelvin metres = http://qudt.org/vocab/unit/K-M
M_K = 1.0 * m**1 * K**1  = m K = Meter Kelvin = Metre Kelvin = http://qudt.org/vocab/unit/M-K
DEG_C_KiloGM_PER_M2 = 1.0 / m**2 * kg**1 * K**1  = _ = Degrees Celsius kilogram per square metre = http://qudt.org/vocab/unit/DEG_C-KiloGM-PER-M2
DEG_C_PER_HR = 1 * K**1 / s**1  = _ = Degree Celsius per Hour = http://qudt.org/vocab/unit/DEG_C-PER-HR
DEG_C_PER_MIN = 1 * K**1 / s**1  = _ = Degree Celsius per Minute = http://qudt.org/vocab/unit/DEG_C-PER-MIN
DEG_C_PER_SEC = 1 * K**1 / s**1  = _ = Degree Celsius per Second = http://qudt.org/vocab/unit/DEG_C-PER-SEC
DEG_C_PER_YR = 3.16880878140289E-8 * K**1 / s**1  = _ = Degrees Celsius per year = http://qudt.org/vocab/unit/DEG_C-PER-YR
DEG_F_PER_HR = 1 * K**1 / s**1  = _ = Degree Fahrenheit per Hour = http://qudt.org/vocab/unit/DEG_F-PER-HR
DEG_F_PER_MIN = 1 * K**1 / s**1  = _ = Degree Fahrenheit per Minute = http://qudt.org/vocab/unit/DEG_F-PER-MIN
DEG_F_PER_SEC = 1 * K**1 / s**1  = _ = Degree Fahrenheit per Second = http://qudt.org/vocab/unit/DEG_F-PER-SEC
DEG_F_PER_SEC2 = 1 * K**1 / s**1  = _ = Degree Fahrenheit per Square Second = http://qudt.org/vocab/unit/DEG_F-PER-SEC2
DEG_R_PER_HR = 1 * K**1 / s**1  = _ = Degree Rankine per Hour = http://qudt.org/vocab/unit/DEG_R-PER-HR
DEG_R_PER_MIN = 1 * K**1 / s**1  = _ = Degree Rankine per Minute = http://qudt.org/vocab/unit/DEG_R-PER-MIN
DEG_R_PER_SEC = 1 * K**1 / s**1  = _ = Degree Rankine per Second = http://qudt.org/vocab/unit/DEG_R-PER-SEC
K_PER_HR = 3600.0 * K**1 / s**1  = _ = Kelvin per Hour = http://qudt.org/vocab/unit/K-PER-HR
K_PER_MIN = 60.0 * K**1 / s**1  = _ = Kelvin per Minute = http://qudt.org/vocab/unit/K-PER-MIN
K_PER_SEC = 1.0 * K**1 / s**1  = _ = Kelvin per Second = http://qudt.org/vocab/unit/K-PER-SEC
DEG_C_PER_M = 1.0 / m**1 * K**1  = _ = Degrees Celsius per metre = http://qudt.org/vocab/unit/DEG_C-PER-M
K_PER_M = 1.0 / m**1 * K**1  = _ = Degrees Kelvin per metre = Kelvins per metre = http://qudt.org/vocab/unit/K-PER-M
DEG_C_WK = 604800.0 * K**1 * s**1  = _ = Degree Celsius week = http://qudt.org/vocab/unit/DEG_C-WK
DEG_C_GROWING_CEREAL_DAY = 86400.0 * K**1 * s**1 ; offset: 0.0 = _ = Growing Degree Days (Cereals) = http://qudt.org/vocab/unit/DEG_C_GROWING_CEREAL-DAY
K_DAY = 86400.0 * K**1 * s**1  = K d = Kelvin day = http://qudt.org/vocab/unit/K-DAY
K_SEC = 1.0 * K**1 * s**1  = _ = Kelvin second = http://qudt.org/vocab/unit/K-SEC
DEG_C2_PER_SEC = 1.0 * K**2 / s**1  = _ = Square Degrees Celsius per second = http://qudt.org/vocab/unit/DEG_C2-PER-SEC
DEG_F_HR = 1 / m**1 / kg**1 * K**1 * s**3  = _ = Degree Fahrenheit Hour = http://qudt.org/vocab/unit/DEG_F-HR
FT2_PER_BTU_IT_IN = 0.00346673589 / m**1 / kg**1 * K**1 * s**3  = _ = Square Foot per BTU Inch = http://qudt.org/vocab/unit/FT2-PER-BTU_IT-IN
K_M_PER_W = 1.0 / m**1 / kg**1 * K**1 * s**3  = _ = Kelvin Meter Per Watt = Kelvin Metre Per Watt = http://qudt.org/vocab/unit/K-M-PER-W
M_K_PER_W = 1.0 / m**1 / kg**1 * K**1 * s**3  = _ = Meter Kelvin per Watt = Metre Kelvin per Watt = http://qudt.org/vocab/unit/M-K-PER-W
DEG_F_HR_PER_BTU_IT = 1 / m**2 / kg**1 * K**1 * s**3  = _ = Degree Fahrenheit Hour per BTU = http://qudt.org/vocab/unit/DEG_F-HR-PER-BTU_IT
K_PER_W = 1.0 / m**2 / kg**1 * K**1 * s**3  = _ = Kelvin per Watt = http://qudt.org/vocab/unit/K-PER-W
DYN = 0.00001 * m**1 * kg**1 / s**2  = dyn = Dyne = http://qudt.org/vocab/unit/DYN
ERG_PER_CentiM = 0.00001 * m**1 * kg**1 / s**2  = _ = Erg Per Centimeter = Erg Per Centimetre = http://qudt.org/vocab/unit/ERG-PER-CentiM
EV_PER_ANGSTROM = 1.602176634E-9 * m**1 * kg**1 / s**2  = _ = Electronvolt Per Angstrom = http://qudt.org/vocab/unit/EV-PER-ANGSTROM
EV_PER_M = 1.602176634E-19 * m**1 * kg**1 / s**2  = _ = Electronvolt Per Meter = Electronvolt Per Metre = http://qudt.org/vocab/unit/EV-PER-M
J_PER_M = 1.0 * m**1 * kg**1 / s**2  = _ = Joule Per Meter = Joule Per Metre = http://qudt.org/vocab/unit/J-PER-M
KIP_F = 4448.222 * m**1 * kg**1 / s**2  = kip = Kip = http://qudt.org/vocab/unit/KIP_F
KiloEV_PER_MicroM = 1.602176634E-10 * m**1 * kg**1 / s**2  = _ = Kilo Electron Volt per Micrometer = Kilo Electron Volt per Micrometre = http://qudt.org/vocab/unit/KiloEV-PER-MicroM
KiloGM_F = 9.80665 * m**1 * kg**1 / s**2  = kgf = Kilogram Force = http://qudt.org/vocab/unit/KiloGM_F
KiloN = 1000.0 * m**1 * kg**1 / s**2  = _ = Kilonewton = http://qudt.org/vocab/unit/KiloN
KiloP = 9.80665 * m**1 * kg**1 / s**2  = kp = Kilopond = http://qudt.org/vocab/unit/KiloP
KiloPOND = 9.80665 * m**1 * kg**1 / s**2  = _ = http://qudt.org/vocab/unit/KiloPOND
LB_F = 4.448222 * m**1 * kg**1 / s**2  = lbf = Pound Force = http://qudt.org/vocab/unit/LB_F
MegaEV_PER_CentiM = 1.602176634E-11 * m**1 * kg**1 / s**2  = _ = Mega Electron Volt per Centimeter = Mega Electron Volt per Centimetre = http://qudt.org/vocab/unit/MegaEV-PER-CentiM
MegaLB_F = 4448.222 * m**1 * kg**1 / s**2  = Mlbf = Mega Pound Force = http://qudt.org/vocab/unit/MegaLB_F
MegaN = 1000000.0 * m**1 * kg**1 / s**2  = _ = Meganewton = http://qudt.org/vocab/unit/MegaN
MicroN = 0.000001 * m**1 * kg**1 / s**2  = _ = Micronewton = http://qudt.org/vocab/unit/MicroN
MilliN = 0.001 * m**1 * kg**1 / s**2  = _ = Millinewton = http://qudt.org/vocab/unit/MilliN
N = 1.0 * m**1 * kg**1 / s**2  = _ = Newton = http://qudt.org/vocab/unit/N
N_M_PER_M = 1.0 * m**1 * kg**1 / s**2 ; offset: 0.0 = _ = Newton meter per meter = Newton metre per metre = Newtonmeter pro Meter = http://qudt.org/vocab/unit/N-M-PER-M
N_PER_RAD = 1.0 * m**1 * kg**1 / s**2 ; offset: 0.0 = _ = Newton per radian = Newton pro Radian = http://qudt.org/vocab/unit/N-PER-RAD
OZ_F = 0.278013875 * m**1 * kg**1 / s**2  = ozf = Imperial Ounce Force = http://qudt.org/vocab/unit/OZ_F
PDL = 0.138254954376 * m**1 * kg**1 / s**2  = pdl = Poundal = http://qudt.org/vocab/unit/PDL
PlanckForce = 121027000000000000000000000000000000000000000.0 * m**1 * kg**1 / s**2  = _ = Planck Force = http://qudt.org/vocab/unit/PlanckForce
TON_F_US = 8896.443230521 * m**1 * kg**1 / s**2  = _ = Ton Force (US Short) = http://qudt.org/vocab/unit/TON_F_US
DYN_SEC_PER_CentiM = 0.001 * kg**1 / s**1  = _ = Dyne Second Per Centimeter = Dyne Second Per Centimetre = http://qudt.org/vocab/unit/DYN-SEC-PER-CentiM
GM_PER_DAY = 1.157407E-8 * kg**1 / s**1  = _ = Gram Per Day = http://qudt.org/vocab/unit/GM-PER-DAY
GM_PER_HR = 2.777778E-7 * kg**1 / s**1  = _ = Gram Per Hour = http://qudt.org/vocab/unit/GM-PER-HR
GM_PER_MIN = 0.00001666667 * kg**1 / s**1  = _ = Gram Per Minute = http://qudt.org/vocab/unit/GM-PER-MIN
GM_PER_SEC = 0.001 * kg**1 / s**1  = _ = Gram Per Second = http://qudt.org/vocab/unit/GM-PER-SEC
KiloGM_PER_DAY = 0.00001157407 * kg**1 / s**1  = _ = Kilogram Per Day = http://qudt.org/vocab/unit/KiloGM-PER-DAY
KiloGM_PER_HR = 0.000277777778 * kg**1 / s**1  = _ = Kilogram per Hour = http://qudt.org/vocab/unit/KiloGM-PER-HR
KiloGM_PER_MIN = 0.01666667 * kg**1 / s**1  = _ = Kilogram Per Minute = http://qudt.org/vocab/unit/KiloGM-PER-MIN
KiloGM_PER_SEC = 1.0 * kg**1 / s**1  = _ = Kilogram per Second = http://qudt.org/vocab/unit/KiloGM-PER-SEC
LB_PER_DAY = 0.000005249912 * kg**1 / s**1  = _ = Pound (avoirdupois) Per Day = http://qudt.org/vocab/unit/LB-PER-DAY
LB_PER_HR = 0.00012599788055555556 * kg**1 / s**1  = _ = Pound per Hour = http://qudt.org/vocab/unit/LB-PER-HR
LB_PER_MIN = 0.007559872833333333 * kg**1 / s**1  = _ = Pound per Minute = http://qudt.org/vocab/unit/LB-PER-MIN
LB_PER_SEC = 0.4535924 * kg**1 / s**1  = _ = Pound (avoirdupois) Per Second = http://qudt.org/vocab/unit/LB-PER-SEC
MilliGM_PER_DAY = 1.157407E-11 * kg**1 / s**1  = _ = Milligram Per Day = http://qudt.org/vocab/unit/MilliGM-PER-DAY
MilliGM_PER_HR = 2.777778E-10 * kg**1 / s**1  = _ = Milligram Per Hour = http://qudt.org/vocab/unit/MilliGM-PER-HR
MilliGM_PER_MIN = 1.666667E-8 * kg**1 / s**1  = _ = Milligram Per Minute = http://qudt.org/vocab/unit/MilliGM-PER-MIN
MilliGM_PER_SEC = 0.000001 * kg**1 / s**1  = _ = Milligram Per Second = http://qudt.org/vocab/unit/MilliGM-PER-SEC
N_SEC_PER_M = 1.0 * kg**1 / s**1 ; offset: 0.0 = _ = Newton Second per Meter = Newton Second per Metre = Newtonsekunden pro Meter = http://qudt.org/vocab/unit/N-SEC-PER-M
NanoGM_PER_DAY = 1.15740740740741E-17 * kg**1 / s**1  = _ = Nanograms per day = http://qudt.org/vocab/unit/NanoGM-PER-DAY
OZ_PER_DAY = 3.2812E-7 * kg**1 / s**1  = _ = Ounce (avoirdupois) Per Day = http://qudt.org/vocab/unit/OZ-PER-DAY
OZ_PER_HR = 0.00000787487 * kg**1 / s**1  = _ = Ounce (avoirdupois) Per Hour = http://qudt.org/vocab/unit/OZ-PER-HR
OZ_PER_MIN = 0.000472492 * kg**1 / s**1  = _ = Ounce (avoirdupois) Per Minute = http://qudt.org/vocab/unit/OZ-PER-MIN
OZ_PER_SEC = 0.02834952 * kg**1 / s**1  = _ = Ounce (avoirdupois) Per Second = http://qudt.org/vocab/unit/OZ-PER-SEC
RAYL = 1.0 * kg**1 / s**1  = _ = Rayl = http://qudt.org/vocab/unit/RAYL
SLUG_PER_DAY = 0.00016891087963 * kg**1 / s**1  = _ = Slug Per Day = http://qudt.org/vocab/unit/SLUG-PER-DAY
SLUG_PER_HR = 0.004053861111111 * kg**1 / s**1  = _ = Slug Per Hour = http://qudt.org/vocab/unit/SLUG-PER-HR
SLUG_PER_MIN = 0.243231666666667 * kg**1 / s**1  = _ = Slug Per Minute = http://qudt.org/vocab/unit/SLUG-PER-MIN
SLUG_PER_SEC = 14.593903 * kg**1 / s**1  = _ = Slug per Second = http://qudt.org/vocab/unit/SLUG-PER-SEC
TONNE_PER_DAY = 0.011574074074074 * kg**1 / s**1  = _ = Tonne Per Day = http://qudt.org/vocab/unit/TONNE-PER-DAY
TONNE_PER_HR = 0.277777777777778 * kg**1 / s**1  = _ = Tonne Per Hour = http://qudt.org/vocab/unit/TONNE-PER-HR
TONNE_PER_MIN = 16.666666666666668 * kg**1 / s**1  = _ = Tonne Per Minute = http://qudt.org/vocab/unit/TONNE-PER-MIN
TONNE_PER_SEC = 1000.0 * kg**1 / s**1  = _ = Tonne Per Second = http://qudt.org/vocab/unit/TONNE-PER-SEC
TON_Metric_PER_DAY = 0.011574074074074 * kg**1 / s**1  = _ = http://qudt.org/vocab/unit/TON_Metric-PER-DAY
TON_Metric_PER_HR = 0.277777777777778 * kg**1 / s**1  = _ = http://qudt.org/vocab/unit/TON_Metric-PER-HR
TON_Metric_PER_MIN = 16.666666666666668 * kg**1 / s**1  = _ = http://qudt.org/vocab/unit/TON_Metric-PER-MIN
TON_Metric_PER_SEC = 1000.0 * kg**1 / s**1  = _ = Tonne Per Second (metric Ton) = http://qudt.org/vocab/unit/TON_Metric-PER-SEC
TON_SHORT_PER_HR = 0.251995761 * kg**1 / s**1  = _ = Short Ton per Hour = http://qudt.org/vocab/unit/TON_SHORT-PER-HR
TON_UK_PER_DAY = 0.011759259259259 * kg**1 / s**1  = _ = Long Ton (uk) Per Day = http://qudt.org/vocab/unit/TON_UK-PER-DAY
TON_US_PER_DAY = 0.010497685185185 * kg**1 / s**1  = _ = Short Ton (us) Per Day = http://qudt.org/vocab/unit/TON_US-PER-DAY
TON_US_PER_HR = 0.251944444444444 * kg**1 / s**1  = _ = Ton (US) Per Hour = http://qudt.org/vocab/unit/TON_US-PER-HR
DYN_SEC_PER_CentiM3 = 10.0 / m**2 * kg**1 / s**1  = _ = Dyne Second Per Cubic Centimeter = Dyne Second Per Cubic Centimetre = http://qudt.org/vocab/unit/DYN-SEC-PER-CentiM3
GM_PER_CentiM2_YR = 3.16880878140289E-7 / m**2 * kg**1 / s**1  = _ = Grams per square centimetre per year = http://qudt.org/vocab/unit/GM-PER-CentiM2-YR
GM_PER_M2_DAY = 1.1574073E-8 / m**2 * kg**1 / s**1  = _ = grams per square meter per day = grams per square metre per day = http://qudt.org/vocab/unit/GM-PER-M2-DAY
GM_Carbon_PER_M2_DAY = 1.1574073E-8 / m**2 * kg**1 / s**1  = _ = grams Carbon per square meter per day = grams Carbon per square metre per day = http://qudt.org/vocab/unit/GM_Carbon-PER-M2-DAY
GM_Nitrogen_PER_M2_DAY = 1.1574073E-8 / m**2 * kg**1 / s**1  = _ = grams Nitrogen per square meter per day = grams Nitrogen per square metre per day = http://qudt.org/vocab/unit/GM_Nitrogen-PER-M2-DAY
KiloGM_PER_M2_SEC = 1.0 / m**2 * kg**1 / s**1  = _ = Kilograms per square metre per second = http://qudt.org/vocab/unit/KiloGM-PER-M2-SEC
KiloGM_PER_SEC_M2 = 1.0 / m**2 * kg**1 / s**1  = _ = Kilogram Per Second Per Square Meter = Kilogram Per Second Per Square Metre = http://qudt.org/vocab/unit/KiloGM-PER-SEC-M2
MicroGM_PER_M2_DAY = 1.15740740740741E-14 / m**2 * kg**1 / s**1  = _ = Micrograms per square metre per day = http://qudt.org/vocab/unit/MicroGM-PER-M2-DAY
MilliGM_PER_M2_DAY = 1.15740740740741E-11 / m**2 * kg**1 / s**1  = _ = Milligrams per square metre per day = http://qudt.org/vocab/unit/MilliGM-PER-M2-DAY
MilliGM_PER_M2_HR = 2.77777777777778E-10 / m**2 * kg**1 / s**1  = _ = Milligrams per square metre per hour = http://qudt.org/vocab/unit/MilliGM-PER-M2-HR
MilliGM_PER_M2_SEC = 0.000001 / m**2 * kg**1 / s**1  = _ = Milligrams per square metre per second = http://qudt.org/vocab/unit/MilliGM-PER-M2-SEC
N_SEC_PER_M3 = 1.0 / m**2 * kg**1 / s**1  = _ = Newton second per Cubic Meter = Newton second per Cubic Metre = http://qudt.org/vocab/unit/N-SEC-PER-M3
PA_SEC_PER_M = 1.0 / m**2 * kg**1 / s**1  = _ = Pascal Second Per Meter = Pascal Second Per Metre = http://qudt.org/vocab/unit/PA-SEC-PER-M
TONNE_PER_HA_YR = 3.17E-9 / m**2 * kg**1 / s**1  = t/ha/year = tonne per hectare per year = http://qudt.org/vocab/unit/TONNE-PER-HA-YR
DeciBAR_PER_YR = 0.00031688 / m**1 * kg**1 / s**3  = _ = Decibars per year = http://qudt.org/vocab/unit/DeciBAR-PER-YR
HectoPA_PER_HR = 0.0277777777777778 / m**1 * kg**1 / s**3  = _ = Hectopascals per hour = http://qudt.org/vocab/unit/HectoPA-PER-HR
LB_F_PER_IN2_SEC = 6894.75789 / m**1 * kg**1 / s**3  = _ = Pound Force per Square Inch Second = http://qudt.org/vocab/unit/LB_F-PER-IN2-SEC
MilliW_PER_CentiM2_MicroM_SR = 10000000.0 / m**1 * kg**1 / s**3  = _ = Milliwatts per square centimetre per micrometre per steradian = http://qudt.org/vocab/unit/MilliW-PER-CentiM2-MicroM-SR
MilliW_PER_M2_NanoM = 1000000.0 / m**1 * kg**1 / s**3  = _ = Milliwatts per square metre per nanometre = http://qudt.org/vocab/unit/MilliW-PER-M2-NanoM
MilliW_PER_M2_NanoM_SR = 1000000.0 / m**1 * kg**1 / s**3  = _ = Milliwatts per square metre per nanometre per steradian = http://qudt.org/vocab/unit/MilliW-PER-M2-NanoM-SR
PA_PER_HR = 0.000277777778 / m**1 * kg**1 / s**3  = _ = Pascal per Hour = http://qudt.org/vocab/unit/PA-PER-HR
PA_PER_MIN = 0.0166666667 / m**1 * kg**1 / s**3  = _ = Pascal per Minute = http://qudt.org/vocab/unit/PA-PER-MIN
PA_PER_SEC = 1.0 / m**1 * kg**1 / s**3  = _ = Pascal per Second = http://qudt.org/vocab/unit/PA-PER-SEC
W_PER_M2_M = 1.0 / m**1 * kg**1 / s**3  = _ = Watts per square metre per metre = http://qudt.org/vocab/unit/W-PER-M2-M
W_PER_M2_M_SR = 1.0 / m**1 * kg**1 / s**3  = _ = Watts per square metre per metre per steradian = http://qudt.org/vocab/unit/W-PER-M2-M-SR
W_PER_M2_NanoM = 1000000000.0 / m**1 * kg**1 / s**3  = _ = Watts per square metre per nanometre = http://qudt.org/vocab/unit/W-PER-M2-NanoM
W_PER_M2_NanoM_SR = 1000000000.0 / m**1 * kg**1 / s**3  = _ = Watts per square metre per nanometre per steradian = http://qudt.org/vocab/unit/W-PER-M2-NanoM-SR
W_PER_M3 = 1.0 / m**1 * kg**1 / s**3  = _ = Watt Per Cubic Meter = Watt Per Cubic Metre = http://qudt.org/vocab/unit/W-PER-M3
DeciL_PER_GM = 0.1 * m**3 / kg**1  = _ = Decilitre Per Gram = http://qudt.org/vocab/unit/DeciL-PER-GM
L_PER_KiloGM = 0.001 * m**3 / kg**1  = _ = Liter Per Kilogram = Litre Per Kilogram = http://qudt.org/vocab/unit/L-PER-KiloGM
M3_PER_KiloGM = 1.0 * m**3 / kg**1  = _ = Cubic Meter per Kilogram = Cubic Metre per Kilogram = http://qudt.org/vocab/unit/M3-PER-KiloGM
MilliL_PER_KiloGM = 0.000001 * m**3 / kg**1  = _ = Millilitre Per Kilogram = http://qudt.org/vocab/unit/MilliL-PER-KiloGM
Denier = 1.1E-7 / m**1 * kg**1  = _ = http://qudt.org/vocab/unit/Denier
GM_PER_KiloM = 0.000001 / m**1 * kg**1  = _ = Gram Per Kilometer = Gram Per Kilometre = http://qudt.org/vocab/unit/GM-PER-KiloM
GM_PER_M = 0.001 / m**1 * kg**1  = _ = Gram Per Meter = Gram Per Metre = http://qudt.org/vocab/unit/GM-PER-M
GM_PER_MilliM = 1.0 / m**1 * kg**1  = _ = Gram Per Millimeter = Gram Per Millimetre = http://qudt.org/vocab/unit/GM-PER-MilliM
KiloGM_PER_M = 1.0 / m**1 * kg**1  = _ = Kilogram per Meter = Kilogram per Metre = http://qudt.org/vocab/unit/KiloGM-PER-M
KiloGM_PER_MilliM = 1000.0 / m**1 * kg**1  = _ = Kilogram Per Millimeter = Kilogram Per Millimetre = http://qudt.org/vocab/unit/KiloGM-PER-MilliM
LB_PER_FT = 1.4881639435695537 / m**1 * kg**1  = _ = Pound per Foot = http://qudt.org/vocab/unit/LB-PER-FT
LB_PER_IN = 17.857967322834646 / m**1 * kg**1  = _ = Pound per Inch = http://qudt.org/vocab/unit/LB-PER-IN
MilliGM_PER_M = 0.000001 / m**1 * kg**1  = _ = Milligram Per Meter = Milligram Per Metre = http://qudt.org/vocab/unit/MilliGM-PER-M
SLUG_PER_FT = 47.8802591863517 / m**1 * kg**1  = _ = Slug per Foot = http://qudt.org/vocab/unit/SLUG-PER-FT
TEX = 0.000001 / m**1 * kg**1  = tex = Tex = http://qudt.org/vocab/unit/TEX
ERG_PER_GM_SEC = 0.0001 * m**2 / s**3  = _ = Erg Per Gram Second = http://qudt.org/vocab/unit/ERG-PER-GM-SEC
GRAY_PER_SEC = 1.0 * m**2 / s**3  = _ = Gray per Second = http://qudt.org/vocab/unit/GRAY-PER-SEC
M2_HZ3 = 1.0 * m**2 / s**3  = _ = Square metres cubic Hertz = http://qudt.org/vocab/unit/M2-HZ3
MilliRAD_R_PER_HR = 2.77777777777778E-7 * m**2 / s**3  = _ = Millirads per hour = http://qudt.org/vocab/unit/MilliRAD_R-PER-HR
W_PER_KiloGM = 1.0 * m**2 / s**3  = _ = Watt Per Kilogram = http://qudt.org/vocab/unit/W-PER-KiloGM
FARAD_PER_KiloM = 0.001 * A**2 / m**3 / kg**1 * s**4  = _ = Farad Per Kilometer = Farad Per Kilometre = http://qudt.org/vocab/unit/FARAD-PER-KiloM
FARAD_PER_M = 1.0 * A**2 / m**3 / kg**1 * s**4  = _ = Farad per Meter = Farad per Metre = http://qudt.org/vocab/unit/FARAD-PER-M
FARAD_Ab_PER_CentiM = 100000000000.0 * A**2 / m**3 / kg**1 * s**4  = _ = Abfarad per Centimeter = Abfarad per Centimetre = http://qudt.org/vocab/unit/FARAD_Ab-PER-CentiM
MicroFARAD_PER_KiloM = 1E-9 * A**2 / m**3 / kg**1 * s**4  = _ = Microfarad Per Kilometer = Microfarad Per Kilometre = http://qudt.org/vocab/unit/MicroFARAD-PER-KiloM
MicroFARAD_PER_M = 0.000001 * A**2 / m**3 / kg**1 * s**4  = _ = Microfarad Per Meter = Microfarad Per Metre = http://qudt.org/vocab/unit/MicroFARAD-PER-M
NanoFARAD_PER_M = 1E-9 * A**2 / m**3 / kg**1 * s**4  = _ = Nanofarad Per Meter = Nanofarad Per Metre = http://qudt.org/vocab/unit/NanoFARAD-PER-M
PicoFARAD_PER_M = 1E-12 * A**2 / m**3 / kg**1 * s**4  = _ = http://qudt.org/vocab/unit/PicoFARAD-PER-M
FT2_DEG_F = 1 * m**2 * K**1  = _ = Square Foot Degree Fahrenheit = http://qudt.org/vocab/unit/FT2-DEG_F
M2_K = 1.0 * m**2 * K**1  = _ = Square Meter Kelvin = Square Metre Kelvin = http://qudt.org/vocab/unit/M2-K
FT2_HR_DEG_F = 1 * m**2 * K**1 * s**1  = _ = Square Foot Hour Degree Fahrenheit = http://qudt.org/vocab/unit/FT2-HR-DEG_F
FT2_SEC_DEG_F = 1 * m**2 * K**1 * s**1  = _ = Square Foot Second Degree Fahrenheit = http://qudt.org/vocab/unit/FT2-SEC-DEG_F
FemtoMOL_PER_L = 1E-12 * mol**1 / m**3  = _ = Femtomoles per litre = http://qudt.org/vocab/unit/FemtoMOL-PER-L
IU_PER_L = 1 * mol**1 / m**3  = _ = International Unit per Liter = International Unit per Litre = http://qudt.org/vocab/unit/IU-PER-L
KiloMOL_PER_M3 = 1000.0 * mol**1 / m**3  = _ = Kilomole Per Cubic Meter = Kilomole Per Cubic Metre = http://qudt.org/vocab/unit/KiloMOL-PER-M3
MOL_PER_DeciM3 = 1000.0 * mol**1 / m**3  = _ = Mole Per Cubic Decimeter = Mole Per Cubic Decimetre = http://qudt.org/vocab/unit/MOL-PER-DeciM3
MOL_PER_L = 1000.0 * mol**1 / m**3  = _ = Mole Per Liter = Mole Per Litre = http://qudt.org/vocab/unit/MOL-PER-L
MOL_PER_M3 = 1.0 * mol**1 / m**3  = _ = Mole per Cubic Meter = Mole per Cubic Metre = http://qudt.org/vocab/unit/MOL-PER-M3
MicroMOL_PER_L = 0.001 * mol**1 / m**3  = _ = Micromoles per litre = http://qudt.org/vocab/unit/MicroMOL-PER-L
MilliMOL_PER_L = 1.0 * mol**1 / m**3  = _ = millimoles per litre = http://qudt.org/vocab/unit/MilliMOL-PER-L
MilliMOL_PER_M3 = 0.001 * mol**1 / m**3  = _ = Millimoles per cubic metre = http://qudt.org/vocab/unit/MilliMOL-PER-M3
NanoMOL_PER_L = 0.000001 * mol**1 / m**3  = _ = Nanomoles per litre = http://qudt.org/vocab/unit/NanoMOL-PER-L
PicoMOL_PER_L = 1E-9 * mol**1 / m**3  = _ = Picomoles per litre = http://qudt.org/vocab/unit/PicoMOL-PER-L
PicoMOL_PER_M3 = 1E-12 * mol**1 / m**3  = _ = Picomoles per cubic metre = http://qudt.org/vocab/unit/PicoMOL-PER-M3
GAUSS = 0.0001 / A**1 * kg**1 / s**2  = _ = Gauss = http://qudt.org/vocab/unit/GAUSS
Gamma = 1 / A**1 * kg**1 / s**2  = γ = http://qudt.org/vocab/unit/Gamma
Gs = 0.0001 / A**1 * kg**1 / s**2  = _ = http://qudt.org/vocab/unit/Gs
KiloGAUSS = 0.1 / A**1 * kg**1 / s**2  = _ = Kilogauss = http://qudt.org/vocab/unit/KiloGAUSS
MicroT = 0.000001 / A**1 * kg**1 / s**2  = _ = Microtesla = http://qudt.org/vocab/unit/MicroT
MilliT = 0.001 / A**1 * kg**1 / s**2  = _ = Millitesla = http://qudt.org/vocab/unit/MilliT
NanoT = 1E-9 / A**1 * kg**1 / s**2  = _ = Nanotesla = http://qudt.org/vocab/unit/NanoT
T = 1.0 / A**1 * kg**1 / s**2  = _ = Tesla = http://qudt.org/vocab/unit/T
T_Ab = 0.0001 / A**1 * kg**1 / s**2  = abT = Abtesla = http://qudt.org/vocab/unit/T_Ab
GM_MilliM = 0.000001 * m**1 * kg**1  = _ = Gram Millimeter = Gram Millimetre = http://qudt.org/vocab/unit/GM-MilliM
LB_IN = 0.011521246198 * m**1 * kg**1  = _ = Pound Mass (avoirdupois) Inch = http://qudt.org/vocab/unit/LB-IN
M_KiloGM = 1.0 * m**1 * kg**1  = _ = Meter Kilogram = Metre Kilogram = http://qudt.org/vocab/unit/M-KiloGM
OZ_FT = 0.0086409 * m**1 * kg**1  = _ = Ounce (avoirdupois) Foot = http://qudt.org/vocab/unit/OZ-FT
OZ_IN = 0.000694563 * m**1 * kg**1  = _ = Ounce (avoirdupois) Inch = http://qudt.org/vocab/unit/OZ-IN
GM_PER_CentiM2 = 10.0 / m**2 * kg**1  = _ = Gram Per Square Centimeter = Gram Per Square Centimetre = http://qudt.org/vocab/unit/GM-PER-CentiM2
GM_PER_M2 = 0.001 / m**2 * kg**1  = _ = Gram Per Square Meter = Gram Per Square Metre = http://qudt.org/vocab/unit/GM-PER-M2
KiloGM_PER_CentiM2 = 10000.0 / m**2 * kg**1  = _ = Kilogram Per Square Centimeter = Kilogram Per Square Centimetre = http://qudt.org/vocab/unit/KiloGM-PER-CentiM2
KiloGM_PER_HA = 0.0001 / m**2 * kg**1  = _ = Kilogram per Hectare = http://qudt.org/vocab/unit/KiloGM-PER-HA
KiloGM_PER_KiloM2 = 0.000001 / m**2 * kg**1  = _ = Kilograms per square kilometre = http://qudt.org/vocab/unit/KiloGM-PER-KiloM2
KiloGM_PER_M2 = 1.0 / m**2 * kg**1  = _ = Kilogram per Square Meter = Kilogram per Square Metre = http://qudt.org/vocab/unit/KiloGM-PER-M2
LB_PER_FT2 = 4.882428 / m**2 * kg**1  = _ = Pound Mass (avoirdupois) Per Square Foot = http://qudt.org/vocab/unit/LB-PER-FT2
LB_PER_IN2 = 0.0 / m**2 * kg**1  = _ = Pound (avoirdupois) Per Square Inch = http://qudt.org/vocab/unit/LB-PER-IN2
MicroG_PER_CentiM2 = 0.01 / m**2 * kg**1 ; offset: 0.0 = _ = Microgram per square centimetre = http://qudt.org/vocab/unit/MicroG-PER-CentiM2
MilliGM_PER_CentiM2 = 0.01 / m**2 * kg**1  = _ = Milligram Per Square Centimeter = Milligram Per Square Centimetre = http://qudt.org/vocab/unit/MilliGM-PER-CentiM2
MilliGM_PER_HA = 1E-10 / m**2 * kg**1  = _ = Milligram Per Hectare = http://qudt.org/vocab/unit/MilliGM-PER-HA
MilliGM_PER_M2 = 0.000001 / m**2 * kg**1  = _ = Milligram Per Square Meter = Milligram Per Square Metre = http://qudt.org/vocab/unit/MilliGM-PER-M2
OZ_PER_FT2 = 0.305151727 / m**2 * kg**1  = _ = Imperial Mass Ounce per Square Foot = http://qudt.org/vocab/unit/OZ-PER-FT2
OZ_PER_YD2 = 0.0339057474748823 / m**2 * kg**1  = _ = Imperial Mass Ounce per Square Yard = http://qudt.org/vocab/unit/OZ-PER-YD2
SLUG_PER_FT2 = 157.08746452215124 / m**2 * kg**1  = _ = Slug per Square Foot = http://qudt.org/vocab/unit/SLUG-PER-FT2
TONNE_PER_HA = 0.1 / m**2 * kg**1  = t/ha = tonne per hectare = http://qudt.org/vocab/unit/TONNE-PER-HA
TON_Metric_PER_HA = 0.1 / m**2 * kg**1  = _ = metric tonne per hectare = http://qudt.org/vocab/unit/TON_Metric-PER-HA
GM_PER_DEG_C = 1 * kg**1 * K**1  = _ = Gram Degree Celsius = http://qudt.org/vocab/unit/GM-PER-DEG_C
KiloGM_K = 1.0 * kg**1 * K**1  = _ = Kilogram Kelvin = http://qudt.org/vocab/unit/KiloGM-K
LB_DEG_F = 1 * kg**1 * K**1  = _ = Pound Degree Fahrenheit = http://qudt.org/vocab/unit/LB-DEG_F
LB_DEG_R = 1 * kg**1 * K**1  = _ = Pound Degree Rankine = http://qudt.org/vocab/unit/LB-DEG_R
GM_PER_MOL = 0.001 / mol**1 * kg**1  = _ = Gram Per Mole = http://qudt.org/vocab/unit/GM-PER-MOL
KiloGM_PER_KiloMOL = 0.001 / mol**1 * kg**1  = _ = Kilogram Per Kilomol = http://qudt.org/vocab/unit/KiloGM-PER-KiloMOL
KiloGM_PER_MOL = 1.0 / mol**1 * kg**1  = _ = Kilogram per Mol = http://qudt.org/vocab/unit/KiloGM-PER-MOL
GigaOHM = 1000000000.0 / A**2 * m**2 * kg**1 / s**3  = _ = Gigaohm = http://qudt.org/vocab/unit/GigaOHM
KiloOHM = 1000.0 / A**2 * m**2 * kg**1 / s**3  = _ = Kiloohm = http://qudt.org/vocab/unit/KiloOHM
MegaOHM = 1000000.0 / A**2 * m**2 * kg**1 / s**3  = _ = Megaohm = http://qudt.org/vocab/unit/MegaOHM
MicroOHM = 0.000001 / A**2 * m**2 * kg**1 / s**3  = _ = Microohm = http://qudt.org/vocab/unit/MicroOHM
MilliOHM = 0.001 / A**2 * m**2 * kg**1 / s**3  = _ = Milliohm = http://qudt.org/vocab/unit/MilliOHM
OHM = 1.0 / A**2 * m**2 * kg**1 / s**3  = Ω = Ohm = http://qudt.org/vocab/unit/OHM
OHM_Ab = 1E-9 / A**2 * m**2 * kg**1 / s**3  = abΩ = Abohm = http://qudt.org/vocab/unit/OHM_Ab
OHM_Stat = 898760000000.0 / A**2 * m**2 * kg**1 / s**3  = stat Ω  = Statohm = http://qudt.org/vocab/unit/OHM_Stat
PlanckImpedance = 29.9792458 / A**2 * m**2 * kg**1 / s**3  = ZP = Planck Impedance = http://qudt.org/vocab/unit/PlanckImpedance
TeraOHM = 1000000000000.0 / A**2 * m**2 * kg**1 / s**3  = _ = Teraohm = http://qudt.org/vocab/unit/TeraOHM
H = 1.0 / A**2 * m**2 * kg**1 / s**2  = _ = Henry = http://qudt.org/vocab/unit/H
H_Ab = 1E-9 / A**2 * m**2 * kg**1 / s**2  = abH = Abhenry = http://qudt.org/vocab/unit/H_Ab
H_Stat = 898760000000.0 / A**2 * m**2 * kg**1 / s**2  = statH = Stathenry = http://qudt.org/vocab/unit/H_Stat
MicroH = 0.000001 / A**2 * m**2 * kg**1 / s**2  = μH = Microhenry = http://qudt.org/vocab/unit/MicroH
MilliH = 0.001 / A**2 * m**2 * kg**1 / s**2  = mH = Millihenry = http://qudt.org/vocab/unit/MilliH
NanoH = 1E-9 / A**2 * m**2 * kg**1 / s**2  = _ = Nanohenry = http://qudt.org/vocab/unit/NanoH
PicoH = 1E-12 / A**2 * m**2 * kg**1 / s**2  = _ = Picohenry = http://qudt.org/vocab/unit/PicoH
H_PER_M = 1.0 / A**2 * m**1 * kg**1 / s**2  = _ = Henry per Meter = Henry per Metre = http://qudt.org/vocab/unit/H-PER-M
H_Stat_PER_CentiM = 89876000000000.0 / A**2 * m**1 * kg**1 / s**2  = _ = Stathenry per Centimeter = Stathenry per Centimetre = http://qudt.org/vocab/unit/H_Stat-PER-CentiM
MicroH_PER_M = 0.000001 / A**2 * m**1 * kg**1 / s**2  = _ = Microhenry Per Meter = Microhenry Per Metre = http://qudt.org/vocab/unit/MicroH-PER-M
NanoH_PER_M = 1E-9 / A**2 * m**1 * kg**1 / s**2  = _ = Nanohenry Per Meter = Nanohenry Per Metre = http://qudt.org/vocab/unit/NanoH-PER-M
HZ_PER_K = 1.0 / K**1 / s**1  = _ = Hertz per Kelvin = http://qudt.org/vocab/unit/HZ-PER-K
MegaHZ_PER_K = 1000000.0 / K**1 / s**1  = _ = Mega Hertz per Kelvin = http://qudt.org/vocab/unit/MegaHZ-PER-K
HZ_PER_V = 1.0 * A**1 / m**2 / kg**1 * s**2  = _ = Hertz per Volt = http://qudt.org/vocab/unit/HZ-PER-V
PER_WB = 1 * A**1 / m**2 / kg**1 * s**2  = _ = Reciprocal Weber = http://qudt.org/vocab/unit/PER-WB
HectoPA_L_PER_SEC = 0.1 * m**4 * kg**1 / s**3  = _ = Hectopascal Liter Per Second = Hectopascal Litre Per Second = http://qudt.org/vocab/unit/HectoPA-L-PER-SEC
HectoPA_M3_PER_SEC = 100.0 * m**4 * kg**1 / s**3  = _ = Hectopascal Cubic Meter Per Second = Hectopascal Cubic Metre Per Second = http://qudt.org/vocab/unit/HectoPA-M3-PER-SEC
W_M2 = 1.0 * m**4 * kg**1 / s**3  = _ = W-M2 = http://qudt.org/vocab/unit/W-M2
W_M2_PER_SR = 1 * m**4 * kg**1 / s**3  = _ = W-M2-PER-SR = http://qudt.org/vocab/unit/W-M2-PER-SR
IN4 = 4.162314E-7 * m**4  = _ = Quartic Inch = http://qudt.org/vocab/unit/IN4
M4 = 1.0 * m**4  = _ = Quartic Meter = Quartic Metre = http://qudt.org/vocab/unit/M4
MilliM4 = 1E-12 * m**4  = _ = Quartic Millimeter = Quartic Millimetre = http://qudt.org/vocab/unit/MilliM4
IU = 1 * mol**1  = _ = International Unit = http://qudt.org/vocab/unit/IU
KiloMOL = 1000.0 * mol**1  = _ = Kilomole = http://qudt.org/vocab/unit/KiloMOL
LB_MOL = 0.45359237 * mol**1  = _ = Pound Mole = http://qudt.org/vocab/unit/LB-MOL
MOL = [substance] = mol = Mole = http://qudt.org/vocab/unit/MOL
MicroMOL = 0.000001 * mol**1  = _ = Micromole = http://qudt.org/vocab/unit/MicroMOL
MilliMOL = 0.001 * mol**1  = _ = Millimole = http://qudt.org/vocab/unit/MilliMOL
J_M_PER_MOL = 1.0 / mol**1 * m**3 * kg**1 / s**2  = _ = Joule Meter per Mole = Joule Metre per Mole = http://qudt.org/vocab/unit/J-M-PER-MOL
J_M2 = 1.0 * m**4 * kg**1 / s**2  = J㎡ = Joule Square Meter = Joule Square Metre = http://qudt.org/vocab/unit/J-M2
J_M2_PER_KiloGM = 1.0 * m**4 / s**2  = _ = Joule Square Meter per Kilogram = Joule Square Metre per Kilogram = http://qudt.org/vocab/unit/J-M2-PER-KiloGM
J_PER_M4 = 1.0 / m**2 * kg**1 / s**2  = _ = Joule per Quartic Meter = Joule per Quartic Metre = http://qudt.org/vocab/unit/J-PER-M4
KiloPA_PER_MilliM = 100000.0 / m**2 * kg**1 / s**2  = _ = Kilopascal Per Millimeter = Kilopascal Per Millimetre = http://qudt.org/vocab/unit/KiloPA-PER-MilliM
N_PER_M3 = 1.0 / m**2 * kg**1 / s**2  = _ = Newtons per cubic metre = http://qudt.org/vocab/unit/N-PER-M3
PA_PER_M = 1.0 / m**2 * kg**1 / s**2  = _ = Pascal Per Meter = Pascal Per Metre = http://qudt.org/vocab/unit/PA-PER-M
J_PER_T2 = 1.0 * A**2 * m**2 / kg**1 * s**2  = _ = Joule per Square Tesla = http://qudt.org/vocab/unit/J-PER-T2
J_SEC_PER_MOL = 1.0 / mol**1 * m**2 * kg**1 / s**1  = _ = Joule Second per Mole = http://qudt.org/vocab/unit/J-SEC-PER-MOL
K_M_PER_SEC = 1.0 * m**1 * K**1 / s**1  = _ = Kelvin metres per second = http://qudt.org/vocab/unit/K-M-PER-SEC
K_M2_PER_KiloGM_SEC = 1.0 * m**2 / kg**1 * K**1 / s**1  = _ = Kelvin square metres per kilogram per second = http://qudt.org/vocab/unit/K-M2-PER-KiloGM-SEC
K_PA_PER_SEC = 1.0 / m**1 * kg**1 * K**1 / s**3  = _ = Kelvin Pascals per second = http://qudt.org/vocab/unit/K-PA-PER-SEC
K_PER_T = 1.0 * A**1 / kg**1 * K**1 * s**2  = _ = Kelvin per Tesla = http://qudt.org/vocab/unit/K-PER-T
K2 = 1.0 * K**2  = _ = Square Kelvin = http://qudt.org/vocab/unit/K2
KAT = 1.0 * mol**1 / s**1  = kat = Katal = http://qudt.org/vocab/unit/KAT
KiloMOL_PER_HR = 0.277777777777778 * mol**1 / s**1  = _ = Kilomole Per Hour = http://qudt.org/vocab/unit/KiloMOL-PER-HR
KiloMOL_PER_MIN = 16.94444 * mol**1 / s**1  = _ = Kilomole Per Minute = http://qudt.org/vocab/unit/KiloMOL-PER-MIN
KiloMOL_PER_SEC = 1000.0 * mol**1 / s**1  = _ = Kilomole Per Second = http://qudt.org/vocab/unit/KiloMOL-PER-SEC
MOL_PER_HR = 0.000277778 * mol**1 / s**1  = _ = Mole Per Hour = http://qudt.org/vocab/unit/MOL-PER-HR
MOL_PER_MIN = 0.016666667 * mol**1 / s**1  = _ = Mole Per Minute = http://qudt.org/vocab/unit/MOL-PER-MIN
MOL_PER_SEC = 1.0 * mol**1 / s**1  = _ = Mole Per Second = http://qudt.org/vocab/unit/MOL-PER-SEC
MicroMOL_PER_SEC = 0.000001 * mol**1 / s**1  = _ = Micromoles per second = http://qudt.org/vocab/unit/MicroMOL-PER-SEC
KiloGM_CentiM2 = 0.0001 * m**2 * kg**1  = _ = Kilogram Square Centimeter = Kilogram Square Centimetre = http://qudt.org/vocab/unit/KiloGM-CentiM2
KiloGM_M2 = 1.0 * m**2 * kg**1  = _ = Kilogram Square Meter = Kilogram Square Metre = http://qudt.org/vocab/unit/KiloGM-M2
KiloGM_MilliM2 = 0.000001 * m**2 * kg**1  = _ = Kilogram Square Millimeter = Kilogram Square Millimetre = http://qudt.org/vocab/unit/KiloGM-MilliM2
LB_FT2 = 0.04214011 * m**2 * kg**1  = _ = Pound Mass (avoirdupois) Square Foot = http://qudt.org/vocab/unit/LB-FT2
LB_IN2 = 0.0002926397 * m**2 * kg**1  = _ = Pound Mass (avoirdupois) Square Inch = http://qudt.org/vocab/unit/LB-IN2
KiloGM_M_PER_SEC = 1.0 * m**1 * kg**1 / s**1  = _ = Kilogram Meter Per Second = Kilogram Metre Per Second = http://qudt.org/vocab/unit/KiloGM-M-PER-SEC
MegaEV_PER_SpeedOfLight = 1 * m**1 * kg**1 / s**1  = _ = Mega Electron Volt per Speed of Light = http://qudt.org/vocab/unit/MegaEV-PER-SpeedOfLight
N_M_SEC_PER_M = 1.0 * m**1 * kg**1 / s**1 ; offset: 0.0 = _ = Newton meter seconds per meter = Newton metre seconds per metre = Newtonmetersekunden pro Meter = http://qudt.org/vocab/unit/N-M-SEC-PER-M
N_SEC = 1.0 * m**1 * kg**1 / s**1  = _ = Newton Second = http://qudt.org/vocab/unit/N-SEC
N_SEC_PER_RAD = 1.0 * m**1 * kg**1 / s**1 ; offset: 0.0 = _ = Newton seconds per radian = Newtonsekunden pro Radian = http://qudt.org/vocab/unit/N-SEC-PER-RAD
PlanckMomentum = 6.52485 * m**1 * kg**1 / s**1  = _ = Planck Momentum = http://qudt.org/vocab/unit/PlanckMomentum
KiloGM_PER_M3_SEC = 1.0 / m**3 * kg**1 / s**1  = _ = Kilograms per cubic metre per second = http://qudt.org/vocab/unit/KiloGM-PER-M3-SEC
MicroGM_PER_L_HR = 2.77777777777778E-10 / m**3 * kg**1 / s**1  = _ = Micrograms per litre per hour = http://qudt.org/vocab/unit/MicroGM-PER-L-HR
MicroGM_PER_M3_HR = 2.77777777777778E-13 / m**3 * kg**1 / s**1  = _ = Micrograms per cubic metre per hour = http://qudt.org/vocab/unit/MicroGM-PER-M3-HR
MilliGM_PER_M3_DAY = 1.15740740740741E-11 / m**3 * kg**1 / s**1  = _ = Milligrams per cubic metre per day = http://qudt.org/vocab/unit/MilliGM-PER-M3-DAY
MilliGM_PER_M3_HR = 2.77777777777778E-10 / m**3 * kg**1 / s**1  = _ = Milligrams per cubic metre per hour = http://qudt.org/vocab/unit/MilliGM-PER-M3-HR
MilliGM_PER_M3_SEC = 0.000001 / m**3 * kg**1 / s**1  = _ = Milligrams per cubic metre per second = http://qudt.org/vocab/unit/MilliGM-PER-M3-SEC
PicoMOL_PER_L_DAY = 1.15740740740741E-14 / m**3 * kg**1 / s**1  = _ = Picomoles per litre per day = http://qudt.org/vocab/unit/PicoMOL-PER-L-DAY
KiloGM_SEC2 = 1.0 * kg**1 * s**2  = _ = Kilogram Square Second = http://qudt.org/vocab/unit/KiloGM-SEC2
KiloGM2_PER_SEC2 = 1.0 * kg**2 / s**2  = _ = Square Kilograms per square second = http://qudt.org/vocab/unit/KiloGM2-PER-SEC2
KiloLB_F_FT_PER_A = 2728.302797866667 / A**1 * m**2 * kg**1 / s**2  = _ = Pound Force Foot Per Ampere = http://qudt.org/vocab/unit/KiloLB_F-FT-PER-A
MX = 1E-8 / A**1 * m**2 * kg**1 / s**2  = Mx = Maxwell = http://qudt.org/vocab/unit/MX
MilliWB = 0.001 / A**1 * m**2 * kg**1 / s**2  = _ = Milliweber = http://qudt.org/vocab/unit/MilliWB
N_M_PER_A = 1.0 / A**1 * m**2 * kg**1 / s**2  = _ = Newton Meter Per Ampere = Newton Metre Per Ampere = http://qudt.org/vocab/unit/N-M-PER-A
UnitPole = 1.256637E-7 / A**1 * m**2 * kg**1 / s**2  = _ = Unit Pole = http://qudt.org/vocab/unit/UnitPole
V_Ab_SEC = 1E-8 / A**1 * m**2 * kg**1 / s**2  = _ = Abvolt Second = http://qudt.org/vocab/unit/V_Ab-SEC
WB = 1.0 / A**1 * m**2 * kg**1 / s**2  = Wb = Weber = http://qudt.org/vocab/unit/WB
KiloM3_PER_SEC2 = 1000000000.0 * m**3 / s**2  = _ = Cubic Kilometer per Square Second = Cubic Kilometre per Square Second = http://qudt.org/vocab/unit/KiloM3-PER-SEC2
M3_PER_SEC2 = 1.0 * m**3 / s**2  = _ = Cubic Meter per Square Second = Cubic Metre per Square Second = http://qudt.org/vocab/unit/M3-PER-SEC2
KiloS = 1000.0 * A**2 / m**2 / kg**1 * s**3  = _ = Kilosiemens = http://qudt.org/vocab/unit/KiloS
MilliS = 0.001 * A**2 / m**2 / kg**1 * s**3  = _ = Millisiemens = http://qudt.org/vocab/unit/MilliS
KiloV = 1000.0 / A**1 * m**2 * kg**1 / s**3  = _ = Kilovolt = http://qudt.org/vocab/unit/KiloV
MegaV = 1000000.0 / A**1 * m**2 * kg**1 / s**3  = _ = Megavolt = http://qudt.org/vocab/unit/MegaV
MicroV = 0.000001 / A**1 * m**2 * kg**1 / s**3  = _ = Microvolt = http://qudt.org/vocab/unit/MicroV
MilliV = 0.001 / A**1 * m**2 * kg**1 / s**3  = _ = Millivolt = http://qudt.org/vocab/unit/MilliV
PlanckVolt = 1042950000000000000000000000.0 / A**1 * m**2 * kg**1 / s**3  = _ = Planck Volt = http://qudt.org/vocab/unit/PlanckVolt
V = 1.0 / A**1 * m**2 * kg**1 / s**3  = _ = Volt = http://qudt.org/vocab/unit/V
V_Ab = 1E-8 / A**1 * m**2 * kg**1 / s**3  = abV = Abvolt = http://qudt.org/vocab/unit/V_Ab
V_Stat = 299.792458 / A**1 * m**2 * kg**1 / s**3  = statV = Statvolt = http://qudt.org/vocab/unit/V_Stat
KiloV_PER_M = 1000.0 / A**1 * m**1 * kg**1 / s**3  = _ = Kilovolt Per Meter = Kilovolt Per Metre = http://qudt.org/vocab/unit/KiloV-PER-M
MegaV_PER_M = 1000000.0 / A**1 * m**1 * kg**1 / s**3  = _ = Megavolt Per Meter = Megavolt Per Metre = http://qudt.org/vocab/unit/MegaV-PER-M
MicroV_PER_M = 0.000001 / A**1 * m**1 * kg**1 / s**3  = _ = Microvolt Per Meter = Microvolt Per Metre = http://qudt.org/vocab/unit/MicroV-PER-M
MilliV_PER_M = 0.001 / A**1 * m**1 * kg**1 / s**3  = _ = Millivolt Per Meter = Millivolt Per Metre = http://qudt.org/vocab/unit/MilliV-PER-M
N_PER_C = 1.0 / A**1 * m**1 * kg**1 / s**3  = _ = Newton per Coulomb = http://qudt.org/vocab/unit/N-PER-C
V_PER_CentiM = 100.0 / A**1 * m**1 * kg**1 / s**3  = _ = Volt Per Centimeter = Volt Per Centimetre = http://qudt.org/vocab/unit/V-PER-CentiM
V_PER_IN = 39.37007874015748 / A**1 * m**1 * kg**1 / s**3  = _ = Volt Per Inch = http://qudt.org/vocab/unit/V-PER-IN
V_PER_M = 1.0 / A**1 * m**1 * kg**1 / s**3  = _ = Volt per Meter = Volt per Metre = http://qudt.org/vocab/unit/V-PER-M
V_PER_MilliM = 1000.0 / A**1 * m**1 * kg**1 / s**3  = _ = Volt Per Millimeter = Volt Per Millimetre = http://qudt.org/vocab/unit/V-PER-MilliM
V_Ab_PER_CentiM = 0.000001 / A**1 * m**1 * kg**1 / s**3  = abV/cm = Abvolt per centimeter = Abvolt per centimetre = http://qudt.org/vocab/unit/V_Ab-PER-CentiM
V_Stat_PER_CentiM = 29979.2458 / A**1 * m**1 * kg**1 / s**3  = _ = Statvolt per Centimeter = Statvolt per Centimetre = http://qudt.org/vocab/unit/V_Stat-PER-CentiM
KiloWB_PER_M = 1000.0 / A**1 * m**1 * kg**1 / s**2  = _ = Kiloweber Per Meter = Kiloweber Per Metre = http://qudt.org/vocab/unit/KiloWB-PER-M
N_PER_A = 1.0 / A**1 * m**1 * kg**1 / s**2  = _ = Newton Per Ampere = http://qudt.org/vocab/unit/N-PER-A
T_M = 1 / A**1 * m**1 * kg**1 / s**2  = _ = T-M = http://qudt.org/vocab/unit/T-M
V_SEC_PER_M = 1.0 / A**1 * m**1 * kg**1 / s**2  = _ = Volt Second Per Meter = Volt Second Per Metre = http://qudt.org/vocab/unit/V-SEC-PER-M
WB_PER_M = 1.0 / A**1 * m**1 * kg**1 / s**2  = _ = Weber Per Meter = Weber Per Metre = http://qudt.org/vocab/unit/WB-PER-M
WB_PER_MilliM = 1000.0 / A**1 * m**1 * kg**1 / s**2  = _ = Weber Per Millimeter = Weber Per Millimetre = http://qudt.org/vocab/unit/WB-PER-MilliM
LB_MOL_DEG_F = 1 * mol**1 * K**1  = _ = Pound Mole Degree Fahrenheit = http://qudt.org/vocab/unit/LB-MOL-DEG_F
MOL_DEG_C = 1 * mol**1 * K**1  = _ = Mole Degree Celsius = http://qudt.org/vocab/unit/MOL-DEG_C
MOL_K = 1.0 * mol**1 * K**1  = mol-K = Mole Kelvin = http://qudt.org/vocab/unit/MOL-K
LUX_HR = 3600.0 / m**2 * cd**1 * s**1  = _ = Lux Hour = http://qudt.org/vocab/unit/LUX-HR
M_PER_FARAD = 1.0 / A**2 * m**3 * kg**1 / s**4  = _ = Meter per Farad = Metre per Farad = http://qudt.org/vocab/unit/M-PER-FARAD
M2_HZ4 = 1.0 * m**2 / s**4  = _ = Square metres Hertz^4 = http://qudt.org/vocab/unit/M2-HZ4
M2_PER_GM = 1000.0 * m**2 / kg**1  = _ = Square metres per gram = http://qudt.org/vocab/unit/M2-PER-GM
M2_PER_GM_DRY = 1000.0 * m**2 / kg**1  = _ = Square metres per gram of dry sediment = http://qudt.org/vocab/unit/M2-PER-GM_DRY
M2_PER_KiloGM = 1.0 * m**2 / kg**1  = _ = Square Meter per Kilogram = Square Metre per Kilogram = http://qudt.org/vocab/unit/M2-PER-KiloGM
RAD_M2_PER_KiloGM = 1 * m**2 / kg**1  = _ = Radian Square Meter per Kilogram = Radian Square Metre per Kilogram = http://qudt.org/vocab/unit/RAD-M2-PER-KiloGM
M2_PER_HZ2 = 1.0 * m**2 * s**2  = _ = Square metres per square Hertz = http://qudt.org/vocab/unit/M2-PER-HZ2
M2_PER_J = 1.0 / kg**1 * s**2  = _ = Square Meter per Joule = Square Metre per Joule = http://qudt.org/vocab/unit/M2-PER-J
M2_PER_SR_J = 1.0 / kg**1 * s**2  = _ = Square Meter per Steradian Joule = Square Metre per Steradian Joule = http://qudt.org/vocab/unit/M2-PER-SR-J
MicroM_PER_N = 0.000001 / kg**1 * s**2 ; offset: 0.0 = _ = Micro meter per Newton = Micro metre per Newton = Mikrometer pro Newton = http://qudt.org/vocab/unit/MicroM-PER-N
M2_PER_K = 1.0 * m**2 / K**1  = _ = Square Meter per Kelvin = Square Metre per Kelvin = http://qudt.org/vocab/unit/M2-PER-K
M2_PER_MOL = 1.0 / mol**1 * m**2  = _ = Square Meter per Mole = Square Metre per Mole = http://qudt.org/vocab/unit/M2-PER-MOL
RAD_M2_PER_MOL = 1 / mol**1 * m**2  = _ = Radian Square Meter per Mole = Radian Square Metre per Mole = http://qudt.org/vocab/unit/RAD-M2-PER-MOL
M2_PER_N = 1.0 * m**1 / kg**1 * s**2  = _ = Square Meter Per Newton = Square Metre Per Newton = http://qudt.org/vocab/unit/M2-PER-N
PER_BAR = 0.00001 * m**1 / kg**1 * s**2  = _ = Reciprocal Bar = http://qudt.org/vocab/unit/PER-BAR
PER_J_M3 = 1 * m**1 / kg**1 * s**2  = _ = Reciprocal Joule Cubic Meter = Reciprocal Joule Cubic Metre = http://qudt.org/vocab/unit/PER-J-M3
PER_MILLE_PER_PSI = 1.450377E-7 * m**1 / kg**1 * s**2  = _ = Reciprocal Mille Per Psi = http://qudt.org/vocab/unit/PER-MILLE-PER-PSI
PER_PA = 1.0 * m**1 / kg**1 * s**2  = _ = Reciprocal Pascal = http://qudt.org/vocab/unit/PER-PA
PER_PSI = 0.0001450377 * m**1 / kg**1 * s**2  = _ = Reciprocal Psi = http://qudt.org/vocab/unit/PER-PSI
M2_PER_V_SEC = 1.0 * A**1 / kg**1 * s**4  = _ = Square Meter per Volt Second = Square Metre per Volt Second = http://qudt.org/vocab/unit/M2-PER-V-SEC
M3_PER_C = 1 / A**1 * m**3 / s**1  = _ = Cubic Meter per Coulomb = Cubic Metre per Coulomb = http://qudt.org/vocab/unit/M3-PER-C
M3_PER_KiloGM_SEC2 = 1.0 * m**3 / kg**1 / s**2  = _ = Cubic Meter per Kilogram Square Second = Cubic Metre per Kilogram Square Second = http://qudt.org/vocab/unit/M3-PER-KiloGM-SEC2
N_M2_PER_KiloGM2 = 1.0 * m**3 / kg**1 / s**2  = _ = Newton Square Meter Per Square Kilogram = Newton Square Metre Per Square Kilogram = http://qudt.org/vocab/unit/N-M2-PER-KiloGM2
M4_PER_SEC = 1.0 * m**4 / s**1  = _ = Metres to the power four per second = http://qudt.org/vocab/unit/M4-PER-SEC
MOHM = 1000.0 / kg**1 * s**1  = _ = Mohm = http://qudt.org/vocab/unit/MOHM
MOL_PER_GM_HR = 0.277777777777778 * mol**1 / kg**1 / s**1  = _ = Moles per gram per hour = http://qudt.org/vocab/unit/MOL-PER-GM-HR
MicroMOL_PER_GM_HR = 2.77777777777778E-7 * mol**1 / kg**1 / s**1  = _ = Micromoles per gram per hour = http://qudt.org/vocab/unit/MicroMOL-PER-GM-HR
MicroMOL_PER_GM_SEC = 0.0001 * mol**1 / kg**1 / s**1  = _ = Micromoles per gram per second = http://qudt.org/vocab/unit/MicroMOL-PER-GM-SEC
NanoMOL_PER_GM_SEC = 0.000001 * mol**1 / kg**1 / s**1  = _ = Nanomoles per gram per second = http://qudt.org/vocab/unit/NanoMOL-PER-GM-SEC
NanoMOL_PER_MicroGM_HR = 0.000277777777777778 * mol**1 / kg**1 / s**1  = _ = Nanomoles per microgram per hour = http://qudt.org/vocab/unit/NanoMOL-PER-MicroGM-HR
MOL_PER_KiloGM_PA = 1.0 * mol**1 * m**1 / kg**2 * s**2  = _ = Mole per Kilogram Pascal = http://qudt.org/vocab/unit/MOL-PER-KiloGM-PA
MOL_PER_M2 = 1.0 * mol**1 / m**2  = _ = Moles per square metre = http://qudt.org/vocab/unit/MOL-PER-M2
MicroMOL_PER_M2 = 0.000001 * mol**1 / m**2  = _ = Micromoles per square metre = http://qudt.org/vocab/unit/MicroMOL-PER-M2
MilliMOL_PER_M2 = 0.001 * mol**1 / m**2  = _ = Millimoles per square metre = http://qudt.org/vocab/unit/MilliMOL-PER-M2 = DU
MOL_PER_M2_DAY = 0.0000115740740740741 * mol**1 / m**2 / s**1  = _ = Moles per square metre per day = http://qudt.org/vocab/unit/MOL-PER-M2-DAY
MOL_PER_M2_SEC = 1.0 * mol**1 / m**2 / s**1  = _ = Moles per square metre per second = http://qudt.org/vocab/unit/MOL-PER-M2-SEC
MOL_PER_M2_SEC_SR = 1.0 * mol**1 / m**2 / s**1  = _ = Moles per square metre per second per steradian = http://qudt.org/vocab/unit/MOL-PER-M2-SEC-SR
MicroMOL_PER_M2_DAY = 1.15740740740741E-11 * mol**1 / m**2 / s**1  = _ = Micromoles per square metre per day = http://qudt.org/vocab/unit/MicroMOL-PER-M2-DAY
MicroMOL_PER_M2_HR = 2.77777777777778E-10 * mol**1 / m**2 / s**1  = _ = Micromoles per square metre per hour = http://qudt.org/vocab/unit/MicroMOL-PER-M2-HR
MicroMOL_PER_M2_SEC = 0.000001 * mol**1 / m**2 / s**1  = _ = Micromoles per square metre per second = http://qudt.org/vocab/unit/MicroMOL-PER-M2-SEC
MilliMOL_PER_M2_DAY = 1.15740740740741E-8 * mol**1 / m**2 / s**1  = _ = Millimoles per square metre per day = http://qudt.org/vocab/unit/MilliMOL-PER-M2-DAY
MilliMOL_PER_M2_SEC = 0.001 * mol**1 / m**2 / s**1  = _ = Millimoles per square metre per second = http://qudt.org/vocab/unit/MilliMOL-PER-M2-SEC
NanoMOL_PER_M2_DAY = 1.15740740740741E-14 * mol**1 / m**2 / s**1  = _ = Nanomoles per square metre per day = http://qudt.org/vocab/unit/NanoMOL-PER-M2-DAY
MOL_PER_M2_SEC_M = 1.0 * mol**1 / m**3 / s**1  = _ = Moles per square metre per second per metre = http://qudt.org/vocab/unit/MOL-PER-M2-SEC-M
MOL_PER_M2_SEC_M_SR = 1.0 * mol**1 / m**3 / s**1  = _ = Moles per square metre per second per metre per steradian = http://qudt.org/vocab/unit/MOL-PER-M2-SEC-M-SR
MOL_PER_M3_SEC = 1.0 * mol**1 / m**3 / s**1  = _ = Moles per cubic metre per second = http://qudt.org/vocab/unit/MOL-PER-M3-SEC
MicroMOL_PER_L_HR = 2.77777777777778E-7 * mol**1 / m**3 / s**1  = _ = Micromoles per litre per hour = http://qudt.org/vocab/unit/MicroMOL-PER-L-HR
MilliMOL_PER_M3_DAY = 1.15740740740741E-8 * mol**1 / m**3 / s**1  = _ = Millimoles per cubic metre per day = http://qudt.org/vocab/unit/MilliMOL-PER-M3-DAY
NanoMOL_PER_CentiM3_HR = 2.77777777777778E-7 * mol**1 / m**3 / s**1  = _ = Nanomoles per cubic centimetre per hour = http://qudt.org/vocab/unit/NanoMOL-PER-CentiM3-HR
NanoMOL_PER_L_DAY = 1.15740740740741E-11 * mol**1 / m**3 / s**1  = _ = Nanomoles per litre per day = http://qudt.org/vocab/unit/NanoMOL-PER-L-DAY
NanoMOL_PER_L_HR = 2.77777777777778E-10 * mol**1 / m**3 / s**1  = _ = Nanomoles per litre per hour = http://qudt.org/vocab/unit/NanoMOL-PER-L-HR
PicoMOL_PER_L_HR = 2.77777777777778E-13 * mol**1 / m**3 / s**1  = _ = Picomoles per litre per hour = http://qudt.org/vocab/unit/PicoMOL-PER-L-HR
PicoMOL_PER_M2_DAY = 1.15740740740741E-17 * mol**1 / m**3 / s**1  = _ = Picomoles per square metre per day = http://qudt.org/vocab/unit/PicoMOL-PER-M2-DAY
PicoMOL_PER_M3_SEC = 1E-12 * mol**1 / m**3 / s**1  = _ = Picomoles per cubic metre per second = http://qudt.org/vocab/unit/PicoMOL-PER-M3-SEC
MicroM_PER_MilliL = 0.000001 / m**2  = _ = Square microns per millilitre = http://qudt.org/vocab/unit/MicroM-PER-MilliL
NUM_PER_HA = 1000000.0 / m**2  = _ = Number per hectare = http://qudt.org/vocab/unit/NUM-PER-HA
NUM_PER_KiloM2 = 0.000001 / m**2  = _ = Number per square kilometre = http://qudt.org/vocab/unit/NUM-PER-KiloM2
NUM_PER_M2 = 1.0 / m**2  = _ = Number per square metre = http://qudt.org/vocab/unit/NUM-PER-M2
PER_M_NanoM = 1000000000.0 / m**2  = _ = Reciprocal metre per nanometre = http://qudt.org/vocab/unit/PER-M-NanoM
PER_M_NanoM_SR = 1000000000.0 / m**2  = _ = Reciprocal metre per nanometre per steradian = http://qudt.org/vocab/unit/PER-M-NanoM-SR
PER_M2 = 1.0 / m**2  = m^{-2} = Reciprocal Square Meter = Reciprocal Square Metre = http://qudt.org/vocab/unit/PER-M2
MilliBQ_PER_M2_DAY = 1.15740740740741E-8 / m**2 / s**2  = _ = Millibecquerels per square metre per day = http://qudt.org/vocab/unit/MilliBQ-PER-M2-DAY
MilliGAL_PER_MO = 3.80257053768347E-10 * m**1 / s**3  = _ = MilliGals per month = http://qudt.org/vocab/unit/MilliGAL-PER-MO
MilliV_PER_MIN = 0.00001666667 / A**1 * m**2 * kg**1 / s**4  = _ = Millivolt Per Minute = http://qudt.org/vocab/unit/MilliV-PER-MIN
V_PER_MicroSEC = 1000000.0 / A**1 * m**2 * kg**1 / s**4  = _ = Volt Per Microsecond = http://qudt.org/vocab/unit/V-PER-MicroSEC
V_PER_SEC = 1.0 / A**1 * m**2 * kg**1 / s**4  = _ = Volt per second = http://qudt.org/vocab/unit/V-PER-SEC
N_M2_PER_A = 1.0 / A**1 * m**3 * kg**1 / s**2  = _ = Newton Meter Squared per Ampere = Newton Metre Squared per Ampere = http://qudt.org/vocab/unit/N-M2-PER-A
WB_M = 1.0 / A**1 * m**3 * kg**1 / s**2  = WbM = Weber Meter = Weber Metre = http://qudt.org/vocab/unit/WB-M
NUM_PER_CentiM_KiloYR = 3.16880878140289E-7 / m**1 / s**1  = _ = Number per square centimetre per thousand years = http://qudt.org/vocab/unit/NUM-PER-CentiM-KiloYR
PER_M_SEC = 1.0 / m**1 / s**1  = _ = Reciprocal metre per second = http://qudt.org/vocab/unit/PER-M-SEC
NUM_PER_GM = 1000.0 / kg**1  = _ = Number per gram = http://qudt.org/vocab/unit/NUM-PER-GM
NUM_PER_HectoGM = 10.0 / kg**1  = _ = Number per 100 grams = http://qudt.org/vocab/unit/NUM-PER-HectoGM
NUM_PER_MilliGM = 1000000.0 / kg**1  = _ = Number per milligram = http://qudt.org/vocab/unit/NUM-PER-MilliGM
PER_GM = 1000.0 / kg**1  = _ = Reciprocal gram = http://qudt.org/vocab/unit/PER-GM
NanoMOL_PER_MicroMOL_DAY = 1.15740740740741E-8 / s**1 * 1**1  = _ = Nanomoles per micromole per day = http://qudt.org/vocab/unit/NanoMOL-PER-MicroMOL-DAY
OHM_M = 1.0 / A**2 * m**3 * kg**1 / s**3  = _ = Ohm Meter = Ohm Metre = http://qudt.org/vocab/unit/OHM-M
OHM_M2_PER_M = 1.0 / A**2 * m**3 * kg**1 / s**3  = Ohm-m2/m = Ohm Square Meter per Meter = Ohm Square Metre per Metre = http://qudt.org/vocab/unit/OHM-M2-PER-M
PA_M_PER_SEC2 = 1.0 * kg**1 / s**4  = _ = Pascal metres per square second = http://qudt.org/vocab/unit/PA-M-PER-SEC2
PA_SEC_PER_M3 = 1.0 / m**4 * kg**1 / s**1  = _ = Pascal Second Per Cubic Meter = Pascal Second Per Cubic Metre = http://qudt.org/vocab/unit/PA-SEC-PER-M3
PA2_PER_SEC2 = 1.0 / m**2 * kg**2 / s**6  = _ = Square pascal per square second = http://qudt.org/vocab/unit/PA2-PER-SEC2
PA2_SEC = 1.0 / m**2 * kg**2 / s**3  = _ = Square Pascal Second = http://qudt.org/vocab/unit/PA2-SEC
PER_GigaEV2 = 38956440500000000000.0 / m**4 / kg**2 * s**4  = _ = Reciprocal Square Giga Electron Volt Unit = http://qudt.org/vocab/unit/PER-GigaEV2
PER_H = 1 * A**2 / m**2 / kg**1 * s**2  = _ = Reciprocal Henry = http://qudt.org/vocab/unit/PER-H
PER_K = 1.0 / K**1  = _ = Reciprocal Kelvin = http://qudt.org/vocab/unit/PER-K
PER_KiloV_A_HR = 0.001 / m**2 / kg**1 * s**2  = _ = Reciprocal Kilovolt Ampere Hour = http://qudt.org/vocab/unit/PER-KiloV-A-HR
PER_M_K = 1.0 / m**1 / K**1  = _ = Reciprocal Meter Kelvin = Reciprocal Metre Kelvin = http://qudt.org/vocab/unit/PER-M-K
PER_MOL = 1.0 / mol**1  = _ = Reciprocal Mole = http://qudt.org/vocab/unit/PER-MOL
PER_MicroMOL_L = 1000000000.0 / mol**1 / m**3  = _ = Reciprocal micromole per litre = http://qudt.org/vocab/unit/PER-MicroMOL-L
PER_PA_SEC = 1.0 * m**1 / kg**1 * s**1  = _ = Reciprocal Pascal per second = http://qudt.org/vocab/unit/PER-PA-SEC
PER_PlanckMass2 = 2111089000000000.0 / kg**2  = _ = Inverse Square Planck Mass = http://qudt.org/vocab/unit/PER-PlanckMass2
PER_T_M = 1.0 * A**1 / m**1 / kg**1 * s**2  = _ = Reciprocal Tesla Meter = Reciprocal Tesla Metre = http://qudt.org/vocab/unit/PER-T-M
PicoA_PER_MicroMOL_L = 0.001 / mol**1 * A**1 / m**3  = _ = Picoamps per micromole per litre = http://qudt.org/vocab/unit/PicoA-PER-MicroMOL-L
PicoMOL_PER_M_W_SEC = 1E-12 * mol**1 / m**3 / kg**1 * s**2  = _ = Picomoles per metre per watt per second = http://qudt.org/vocab/unit/PicoMOL-PER-M-W-SEC
PicoW_PER_CentiM2_L = 0.00001 / m**3 * kg**1 / s**3  = _ = Picowatts per square centimetre per litre = http://qudt.org/vocab/unit/PicoW-PER-CentiM2-L
SEC_PER_M = 1.0 / m**1 * s**1  = _ = Seconds per metre = http://qudt.org/vocab/unit/SEC-PER-M
SEC_PER_RAD_M3 = 1 / m**3 * s**1  = _ = Second per Radian Cubic Meter = Second per Radian Cubic Metre = http://qudt.org/vocab/unit/SEC-PER-RAD-M3
SEC2 = 1.0 * s**2  = _ = Square Second = http://qudt.org/vocab/unit/SEC2
T_SEC = 1 / A**1 * kg**1 / s**1  = _ = T-SEC = http://qudt.org/vocab/unit/T-SEC
V_M = 1 / A**1 * m**3 * kg**1 / s**3  = _ = V-M = http://qudt.org/vocab/unit/V-M
V_Stat_CentiM = 1 / A**1 * m**3 * kg**1 / s**3  = _ = V_Stat-CentiM = http://qudt.org/vocab/unit/V_Stat-CentiM
V_PER_K = 1 / A**1 * m**2 * kg**1 / K**1 / s**3  = _ = Volt per Kelvin = http://qudt.org/vocab/unit/V-PER-K
V_PER_M2 = 1.0 / A**1 * kg**1 / s**3  = _ = Volt per Square Meter = Volt per Square Metre = http://qudt.org/vocab/unit/V-PER-M2
V2_PER_K2 = 1 / A**2 * m**4 * kg**2 / K**2 / s**6  = _ = Square Volt per Square Kelvin = http://qudt.org/vocab/unit/V2-PER-K2
W_M_PER_M2_SR = 1.0 * m**1 * kg**1 / s**3  = _ = Watts per square metre per inverse metre per steradian = http://qudt.org/vocab/unit/W-M-PER-M2-SR
W_PER_M = 1.0 * m**1 * kg**1 / s**3  = _ = Watts per metre = http://qudt.org/vocab/unit/W-PER-M
W_PER_K = 1.0 * m**2 * kg**1 / K**1 / s**3  = _ = Watt per Kelvin = http://qudt.org/vocab/unit/W-PER-K
W_PER_M2_K4 = 1.0 * kg**1 / K**4 / s**3  = _ = Watt per Square Meter Quartic Kelvin = Watt per Square Metre Quartic Kelvin = http://qudt.org/vocab/unit/W-PER-M2-K4
